10-25 09:48:36.396  3408  3499 I TaskOrganizerController: onTaskInfoChanged taskid 4912 config { mBounds=Rect(0, 0 - 1080, 2376) mAppBounds=Rect(0, 0 - 1080, 2376) mMaxBounds=Rect(0, 0 - 1080, 2376) mDisplayRotation=ROTATION_0 mWindowingMode=fullscreen mActivityType=standard mAlwaysOnTop=undefined mRotation=ROTATION_0}
10-25 09:48:36.396  3408  3499 D OplusFlexibleDragToSplitAnimController: visibleFlexibleTaskInfos delete:4912
10-25 09:48:36.396  3408  3499 E FlexibleWindowManagerService: notifyTaskObserverToAttachController not need to notify!
10-25 09:48:36.396  3408  3499 I FlexibleWindowManagerService: onFlexibleWindowTaskInfoChanged, return for cur task not embedded
10-25 09:48:36.403  3408  3527 E OplusThermalStats: Error getting package info: com.whereu.whereu
10-25 09:48:36.407  3408  5331 D OplusEapManager: mTargetExitName :com.android.launcher
10-25 09:48:36.407  3408  4987 D VRR [OPlusRefreshRateService]:  setFrameRateTargetControl [ 0.0 , com.android.launcher , false , com.oplus.battery ]
10-25 09:48:36.407  3408  4987 D VRR [OPlusExternalRefreshRateManager]:  [FRTC] FrameRate : 0 com.android.launcher false com.oplus.battery 0 1000
10-25 09:48:36.408  3408  3664 D VRR [OPlusRefreshRateService]: handleFrontAppChange pkgName: null
10-25 09:48:36.409  3408  3519 I ActivityManager: Start proc 23371:com.oplus.phonemanager:card/u0a159 for content provider {com.oplus.phonemanager/com.oplus.phonemanager.idleoptimize.CardDataProvider}
10-25 09:48:36.409  3408  4987 D OplusBatteryServiceFeature: setSmartCoolDown: coolDown = 5, normalCoolDown = 5, pkgName = com.whereu.whereu
10-25 09:48:36.411  3408  3664 D VRR [OPlusSurfaceFlingerController]:  setDirectorOtiHwConfig : false
10-25 09:48:36.416  3408  5331 D OplusAppSwitchRuleInfo: generateAppEnterInfo - launch_source_type = launcherRecentTask , launch_source_traceid = null
10-25 09:48:36.416  3408  5331 D OplusAppSwitchRuleInfo: generateAppEnterInfo - launch_source_type = launcherRecentTask , launch_source_traceid = null
10-25 09:48:36.416  3408  5331 D OplusAppSwitchRuleInfo: generateAppEnterInfo - launch_source_type = launcherRecentTask , launch_source_traceid = null
10-25 09:48:36.417  3408  5331 D OplusAppSwitchRuleInfo: generateAppEnterInfo - launch_source_type = launcherRecentTask , launch_source_traceid = null
10-25 09:48:36.417  3408  5331 D OplusAppSwitchRuleInfo: generateAppEnterInfo - launch_source_type = launcherRecentTask , launch_source_traceid = null
10-25 09:48:36.418  3408  5331 D OplusAppSwitchRuleInfo: generateAppEnterInfo - launch_source_type = launcherRecentTask , launch_source_traceid = null
10-25 09:48:36.418  3408  5331 D OplusAppSwitchRuleInfo: generateAppEnterInfo - launch_source_type = launcherRecentTask , launch_source_traceid = null
10-25 09:48:36.418  3408  5331 D OplusAppSwitchRuleInfo: generateAppEnterInfo - launch_source_type = launcherRecentTask , launch_source_traceid = null
10-25 09:48:36.419  3408  5331 D VRR [OPlusFrontAppManager]: OnAppSwitchObserver: onAppEnter , info.targetName = com.whereu.whereu
10-25 09:48:36.420  3408  5331 D OplusEapManager: mTargetEnterName :com.whereu.whereu
10-25 09:48:36.420  3408  3509 W UserAwareMgr: can not find match thread: RecentTasksList for process com.android.launcher
10-25 09:48:36.420  3408  5331 D OplusAppSwitchRuleInfo: generateAppEnterInfo - launch_source_type = launcherRecentTask , launch_source_traceid = null
10-25 09:48:36.420  3408  5331 D OplusAppSwitchRuleInfo: generateAppEnterInfo - launch_source_type = launcherRecentTask , launch_source_traceid = null
10-25 09:48:36.422  3408  5331 D OplusAppSwitchRuleInfo: generateAppEnterInfo - launch_source_type = launcherRecentTask , launch_source_traceid = null
10-25 09:48:36.423  3408  5331 D OplusAppSwitchRuleInfo: generateAppEnterInfo - launch_source_type = launcherRecentTask , launch_source_traceid = null
10-25 09:48:36.423  3408  5331 D OplusAppSwitchRuleInfo: generateAppEnterInfo - launch_source_type = launcherRecentTask , launch_source_traceid = null
10-25 09:48:36.429  3408  4987 D ActivityTaskManager: Skipping, invisible task: Task{2ddd2ba #5 type=home I=com.android.launcher/.Launcher}
10-25 09:48:36.429  3408  4987 D ActivityTaskManager: pre-Filtered:com.whereu.whereu # com.google.android.dialer # com.whatsapp # com.google.android.apps.nbu.paisa.user # com.oppo.quicksearchbox # 
10-25 09:48:36.429  3408  4987 D ActivityTaskManager: after skip size 5
10-25 09:48:36.440  3408  3664 D VRR [OPlusRefreshRateService]: handleFrontAppChange pkgName: com.whereu.whereu
10-25 09:48:36.441  3408  3664 D VRR [OPlusSAManager]: updateAutoMinfps with nits: 63.9564, mHistOK true, mAmbientOK true, mCctOK true, mIrOK true, mBrightnessOK true, isPkgOK true, SA min fps: 11
10-25 09:48:36.472  3408  4987 D ActivityTaskManagerServiceExtImpl: preBindApplication record is null
10-25 09:48:36.472  3408  4987 D VRR [OPlusExternalRefreshRateManager]: isPkgTfcEnable: pkgName = com.oplus.phonemanager, enable = false
10-25 09:48:36.472  3408  4987 D VRR [OPlusExternalRefreshRateManager]: getTfcMinFramerate: pkgName = com.oplus.phonemanager, min framerate = 0
10-25 09:48:36.534 23371 23371 D ResourcesManagerExtImpl: applyConfigurationToAppResourcesLocked app.getDisplayId() return callback.displayId:-1
10-25 09:48:36.547  3408  4987 I StatusBarManagerService: disableLocked, what:0, pkg:com.android.launcher userId: 0 token:android.os.BinderProxy@baf4241 net1:0 net2:0
10-25 09:48:36.551  4814  4858 V WindowManagerShell: Transition animation finished (aborted=false), notifying core (#6828) android.os.BinderProxy@a444de4@0
10-25 09:48:36.551  4814  4858 D SplitScreen-->AppLockManager: setStartFromSafeControl mStartFromSafeControl=false
10-25 09:48:36.553  3408  4987 D Transition: finishTransition ar ActivityRecord{5172ae1 u0 com.whereu.whereu/.activities.SplashActivity t4912}, isVisibleRequested=true, state=RESUMED, visibleAtTransitionEndTokens={ActivityRecord{5172ae1 u0 com.whereu.whereu/.activities.SplashActivity t4912}, WallpaperWindowToken{f2dfd39 token=android.os.Binder@533f9b9 showWhenLocked=false}}, this=TransitionRecord{4eb5eaf id=6828 track=0 type=OPEN flags=0x0 state=2}
10-25 09:48:36.553  3408  4987 D Transition: finishTransition ar ActivityRecord{c32df67 u0 com.android.launcher/.Launcher t5}, isVisibleRequested=false, state=PAUSED, visibleAtTransitionEndTokens={ActivityRecord{5172ae1 u0 com.whereu.whereu/.activities.SplashActivity t4912}, WallpaperWindowToken{f2dfd39 token=android.os.Binder@533f9b9 showWhenLocked=false}}, this=TransitionRecord{4eb5eaf id=6828 track=0 type=OPEN flags=0x0 state=2}
10-25 09:48:36.554  3408  4987 D ActivityTaskManager: commitVisibility: ActivityRecord{c32df67 u0 com.android.launcher/.Launcher t5}: visible=false visibleRequested=false, isInTransition=false, runningAnimation=false 
10-25 09:48:36.554  3408  4987 D WindowManager: NFW_setClientVisible:ActivityRecord{c32df67 u0 com.android.launcher/.Launcher t5} clientVisible:false
10-25 09:48:36.554  3408  4987 D WindowManager: NFW_setClientVisible:WallpaperWindowToken{f2dfd39 token=android.os.Binder@533f9b9 showWhenLocked=false} clientVisible:false
10-25 09:48:36.555  3408  4987 I OplusAppSwitchManagerService:  handleAppVisible , r = ActivityRecord{5172ae1 u0 com.whereu.whereu/.activities.SplashActivity t4912}
10-25 09:48:36.556  3408  4987 D OplusTransitionController: finishTransition, transition: TransitionRecord{4eb5eaf id=6828 track=0 type=OPEN flags=0x0 state=4}
10-25 09:48:36.556  3408  4987 D FlexibleTaskTransitionController:  finishTransition pendingRecentToFlexibleTask:null,isRotationTransition:false ,pendingRecentToFlexible:null ,transition:TransitionRecord{4eb5eaf id=6828 track=0 type=OPEN flags=0x0 state=4}
10-25 09:48:36.556  3408  4987 D RefreshRate: ***** request traversal for refresh rate change, reason is highTempRefreshRateChanged: false, windowRefreshRateChanged: true, flexibleWindowStateChanged: false, has float/zoom window *****
10-25 09:48:36.557  3408  4987 D TransitionControllerExtImpl: NFW_send RECOMPUTE_FOCUS in finishTransition
10-25 09:48:36.558  3408  3499 D VRR [OPlusRefreshRatePolicy]: setRefreshRatePolicy policy=POLICY_SYSTEM, refreshRate=120, statusOn=false
10-25 09:48:36.558  4814  4858 D ShellTaskOrganizer: onTransitionFinish, isRecent:false
10-25 09:48:36.558  3408  3499 D VRR [OPlusRefreshRatePolicy]: setRefreshRatePolicy policy=POLICY_SYSTEM, refreshRate=60, statusOn=true
10-25 09:48:36.559  3408  3499 D RefreshRate: Refresh rate changing from 120.00001 to 60.000004,maxRefreshRate=60.000004 FOR:{
10-25 09:48:36.559  3408  3499 D RefreshRate:     | COURSE[; Win preferred rateId=0, appReqFirst=false, data= RateData{} ;win name:Splash Screen com.whereu.whereu]
10-25 09:48:36.559  3408  3499 D RefreshRate:     | VOTES[PRIORITY_WINDOW_REQUEST -> Vote{mRefreshRate=60.0, mMinRefreshRate=60.0, mRequestSource=null};]
10-25 09:48:36.559  3408  3499 D RefreshRate:     | TIME:2025-10-25 04:18:36}
10-25 09:48:36.559  3408  3499 D DisplayModeDirector: setAppRequest displayId : 0  modeId: 2  requestedRefreshRate: 0.0  requestedMinRefreshRateRange: 0.0  requestedMaxRefreshRateRange: 60.000004
10-25 09:48:36.559  4814  4858 V WindowManagerShell: Track 0 became idle
10-25 09:48:36.559  4814  4858 V WindowManagerShell: All active transition animations finished
10-25 09:48:36.559  3408  3499 I TaskOrganizerController: onTaskInfoChanged taskid 1 config { mBounds=Rect(0, 0 - 1080, 2376) mAppBounds=Rect(0, 0 - 1080, 2376) mMaxBounds=Rect(0, 0 - 1080, 2376) mDisplayRotation=ROTATION_0 mWindowingMode=fullscreen mActivityType=home mAlwaysOnTop=undefined mRotation=ROTATION_0}
10-25 09:48:36.559  3408  3499 D OplusFlexibleDragToSplitAnimController: visibleFlexibleTaskInfos delete:1
10-25 09:48:36.559  3408  3499 E FlexibleWindowManagerService: notifyTaskObserverToAttachController not need to notify!
10-25 09:48:36.559  3408  3499 I FlexibleWindowManagerService: onFlexibleWindowTaskInfoChanged, return for cur task not embedded
10-25 09:48:36.560  3408  3499 I WindowStateExtImpl: onSurfaceShowChange show = false mPackageName = com.android.launcher parentPkgName = com.android.launcher
10-25 09:48:36.564  3408  3509 I UserAwareMgr: handleAppChangedToBg, pkgName: com.google.android.googlequicksearchbox, pid: 30061
10-25 09:48:36.565  3408  3509 I UserAwareMgr: handleAppChangedToBg, pkgName: com.google.android.adservices.api, pid: 25657
10-25 09:48:36.565  3408  3509 W UserAwareMgr: app not not found or not visible: null
10-25 09:48:36.565  3408  3509 W UserAwareMgr: handleAppChangedToBg process is empty
10-25 09:48:36.567  3408  3509 I UserAwareMgr: handleAppChangedToBg, pkgName: com.google.android.googlequicksearchbox, pid: 25331
10-25 09:48:36.567  3408  3498 D WindowManager: NFW_findFocusedWindowIfNeeded:null mCurrentFocus:null
10-25 09:48:36.572  3408  3498 D DisplayManagerServiceExtImpl: scheduleTraversalLocked intraversal=false
10-25 09:48:36.572  3408  4987 D WindowManagerServiceExtImpl: extractConfigInfoAndRealFlags rotation=0, screenDp=360, residentWS:0, scenario:0, bounds:2376, serverWinBounds:Rect(0, 0 - 1080, 2376), win=Window{5955dfd u0 com.android.launcher/com.android.launcher.Launcher}
10-25 09:48:36.572  3408  4987 V WindowManager: Relayout Window{5955dfd u0 com.android.launcher/com.android.launcher.Launcher}: viewVisibility=8, oldvis=0, req=1080x2376, vsysui=LAYOUT_STABLE LAYOUT_HIDE_NAVIGATION LAYOUT_FULLSCREEN
10-25 09:48:36.573  3408  4987 D DisplayManagerService: performTraversalInternal pendingTraversal
10-25 09:48:36.573  3408  4987 D DisplayDevice: setLayerStackLocked id=local:4630946607878435459 token=android.os.BinderProxy@ec6e826 stack=0->0
10-25 09:48:36.574  3408  4987 D WindowManager: NFW_findFocusedWindowIfNeeded:null mCurrentFocus:null
10-25 09:48:36.574  3408  3664 D LocalDisplayAdapter: setDesiredDisplayModeSpecsAsync: display unique id = local:4630946607878435459, display mode specs = defaultMode=1 allowGroupSwitching=false primaryRanges=physical: (0.0 120.0) render:  (0.0 60.000004) appRequestRanges=physical: (0.0 120.0) render:  (0.0 60.000004) idleScreenRefreshRate=null
10-25 09:48:36.574  3408  3498 D DisplayManagerService: MSG_REQUEST_TRAVERSAL pendingCompleted=false
10-25 09:48:36.574 26589 26589 D VRI[Launcher]: relayoutWindow result, sizeChanged:false, surfaceControlChanged:true, transformHintChanged:false, mSurfaceSize:Point(1080, 2376), mLastSurfaceSize:Point(1080, 2376), mWidth:1080, mHeight:2376, requestedWidth:1080, requestedHeight:2376, transformHint:0, installOrientation:0, displayRotation:0, isSurfaceValid:false, attr.flag:-2121203456, tmpFrames:ClientWindowFrames{frame=[0,0][1080,2376] display=[0,0][1080,2376] parentFrame=[0,0][0,0]}, relayoutAsync:false, mSyncSeqId:0
10-25 09:48:36.590  3408  3498 I DisplayDeviceRepository: Display device changed render timings: "Built-in Screen", renderFrameRate=60.000004, presentationDeadlineNanos=16666666, appVsyncOffsetNanos=1000000
10-25 09:48:36.591  3408  4987 W UserManagerService: Requested status bar icon for non-badged user 0
10-25 09:48:36.591  3408  3498 D LogicalDisplayExt: set displayInfo flag FLAG_ROTATES_WITH_CONTENT
10-25 09:48:36.592  3408  5497 W UserManagerService: Requested status bar icon for non-badged user 0
10-25 09:48:36.595  3408  5497 I ActivityManager: Flag disabled. Ignoring finishAttachApplication from uid: 10159. pid: 23371
10-25 09:48:36.597  3408  3498 D DisplayManagerServiceExtImpl: scheduleTraversalLocked intraversal=false
10-25 09:48:36.597  3408  3498 I DisplayManagerServiceExtImpl: handle logical display changed logicalDisplay=id=0,stack=0,content=true,displayInfo{stack=0,type=1,id=0,uId=local:4630946607878435459,state=ON,pkg=null}
10-25 09:48:36.597  3408  3498 D DisplayManagerService: Delivering display event: displayId=0, event=CHANGED
10-25 09:48:36.597  3408  3629 D BrightnessThermalClamper: Thermal status observer already started
10-25 09:48:36.597  3408  3629 D BrightnessPowerClamper: Power throttling data is missing for configuration data.
10-25 09:48:36.598 23349 23349 D ResourcesManagerExtImpl: applyConfigurationToAppResourcesLocked app.getDisplayId() return callback.displayId:-1
10-25 09:48:36.600  3408  3498 D DisplayManagerService: MSG_REQUEST_TRAVERSAL pendingCompleted=false
10-25 09:48:36.601  3408  3496 D OplusVFXScreenEffectFeature: notifySFCompatWindowStateChange entered false
10-25 09:48:36.601  3408  3496 D FSS_FoldScreenBlackCoverController: displayChangeToOn, dc:Display{#0 state=ON size=1080x2376 ROTATION_0}
10-25 09:48:36.603  3408  3496 D DisplayManagerService: performTraversalInternal pendingTraversal
10-25 09:48:36.603  3408  3496 D DisplayDevice: setLayerStackLocked id=local:4630946607878435459 token=android.os.BinderProxy@ec6e826 stack=0->0
10-25 09:48:36.610  3408  8174 D WindowManagerServiceExtImpl: extractConfigInfoAndRealFlags rotation=0, screenDp=360, residentWS:0, scenario:0, bounds:2376, serverWinBounds:Rect(0, 0 - 1080, 2376), win=Window{bf93e8b u0 com.android.launcher/com.android.launcher.Launcher}
10-25 09:48:36.610  3408  8174 V WindowManager: Relayout Window{bf93e8b u0 com.android.launcher/com.android.launcher.Launcher}: viewVisibility=8, oldvis=0, req=1080x2376, vsysui=LIGHT_STATUS_BAR LIGHT_NAVIGATION_BAR
10-25 09:48:36.610  3408  8174 D WindowManager: NFW_findFocusedWindowIfNeeded:null mCurrentFocus:null
10-25 09:48:36.617  4673  4673 D CastManagerService: onDisplayChanged.
10-25 09:48:36.642  3408  8174 I ActivityManager: Flag disabled. Ignoring finishAttachApplication from uid: 10390. pid: 23349
10-25 09:48:36.649 23349 23349 D ResourcesManagerExtImpl: applyConfigurationToAppResourcesLocked app.getDisplayId() return callback.displayId:0
10-25 09:48:36.651  3408  3664 D VRR [OPlusRefreshRateService]: handleConfigIdChange physicalDisplayId: 4630946607878435459 configId: 1 renderPeriod: 16666666
10-25 09:48:36.651  3408  3664 D VRR [OPlusSAManager]: updateModeChange old modeId [ 0 ] -> new modeId [ 1 ] mCurPolicy: 1
10-25 09:48:36.651  3408  3664 D VRR [OPlusSAManager]: updateSAScene active modeId: 1
10-25 09:48:36.651  3408  3664 D VRR [OPlusSAManager]: updateSAScene current policy: 1 active modeId: 1 scene: VRR_60
10-25 09:48:36.651  3408  3664 D VRR [OPlusOAManager]: Not OA business! new modeId: [1] active modeId: [0]
10-25 09:48:36.651  3408  3664 D VRR [OPlusGameStatusManager]: updateGameState mOSyncFeatureSwitch: false mIsGamePolicy: false
10-25 09:48:36.651  3408  3664 D VRR [OPlusGameStatusManager]: setLTMStatus false curPkgName: com.whereu.whereu curr status: false HeartStop: false HeartStopFromTGPA: false ActiveFPS: 60.000004
10-25 09:48:36.651  3408  3664 D VRR [OPlusGameStatusManager]: updateGameAccelerationStatus pkgName: com.whereu.whereu mOSyncFeatureSwitch: false mIsGamePolicy: false mHeartStop: false mHasFlickerRisk: false mForceAcceleration: false mToastReady: false enable: false
10-25 09:48:36.651  3408  3664 D VRR [OPlusGameStatusManager]: updateToastStatus enableAcceleration: false toastReady: false isGamePolicy: false desiredModeId: 1
10-25 09:48:36.651  3408  3664 D VRR [OPlusGameStatusManager]: updateToastStatus enableAcceleration: false toastReady: false isGamePolicy: false desiredModeId: 1
10-25 09:48:36.651  3408  3664 D VRR [OPlusExternalRefreshRateManager]:  updateRenderPeriodChange configId:1 current refresh rate:60.000004
10-25 09:48:36.654  3408  3529 D OplusThermalStats: REPORT_UPDATE_CPU  ->  phoneTemp:360  preHeatThreshold:400
10-25 09:48:36.702  3408  3664 D VRR [OPlusSAManager]: setSAConfig scene: VRR_60 modeId: 1 auto: false fakeFrame: false
10-25 09:48:36.702  3408  3664 D VRR [OPlusSAManager]: updateAutoMinfps with nits: 63.9564, mHistOK true, mAmbientOK true, mCctOK true, mIrOK true, mBrightnessOK true, isPkgOK true, SA min fps: 11
10-25 09:48:36.702  3408  3664 D VRR [OPlusSurfaceFlingerController]: setAutoMode enable: false fakeFrame: false fps: 11
10-25 09:48:36.722 23349 23349 E OplusCustomizeRestrictionManager: sInstance is null, start a new sInstance
10-25 09:48:36.734  3408  3527 D ProcessCpuTrackerExtImpl: mContext is already set, return now! 
10-25 09:48:36.739 23349 23349 D ActivityThread: ComponentInfo{com.whereu.whereu/com.whereu.whereu.activities.SplashActivity} checkFinished=false 2
10-25 09:48:36.739 23349 23349 D ResourcesManagerExtImpl: applyConfigurationToAppResourcesLocked app.getDisplayId() return callback.displayId:0
10-25 09:48:36.740 23349 23349 D OplusInputMethodUtil: init sDebug to false, init sDebugIme to false, init sAlwaysOn to false
10-25 09:48:36.740 23349 23349 D OplusInputMethodUtil: updateDebugToClass InputMethodManager.DEBUG = false
10-25 09:48:36.740 23349 23349 D OplusInputMethodUtil: updateDebugToClass ImeFocusController.DEBUG = false
10-25 09:48:36.740 23349 23349 D OplusInputMethodUtil: updateDebugToClass InsetsController.DEBUG = false
10-25 09:48:36.740 23349 23349 D OplusInputMethodUtil: updateDebugToClass BaseInputConnection.DEBUG = false
10-25 09:48:36.748  3408  3509 W UserAwareMgr: process owner is not matched: 10, threadName: RenderThread, pid: 23349,tid=23427,owner=fg1
10-25 09:48:36.752  3408  5493 I WindowManager: addWindow: New client android.os.BinderProxy@55215b8 : window=Window{ae17f91 u0 com.whereu.whereu/com.whereu.whereu.activities.SplashActivity}
10-25 09:48:36.757 23349 23349 D ResourcesManagerExtImpl: applyConfigurationToAppResourcesLocked app.getDisplayId() return callback.displayId:0
10-25 09:48:36.761  3408  5493 D CoreBackPreview: Window{ae17f91 u0 com.whereu.whereu/com.whereu.whereu.activities.SplashActivity}: Setting back callback OnBackInvokedCallbackInfo{mCallback=android.window.IOnBackInvokedCallback$Stub$Proxy@677c482, mPriority=0, mIsAnimationCallback=false}
10-25 09:48:36.763  3408  3499 I TaskOrganizerController: onTaskInfoChanged taskid 4912 config { mBounds=Rect(0, 0 - 1080, 2376) mAppBounds=Rect(0, 0 - 1080, 2376) mMaxBounds=Rect(0, 0 - 1080, 2376) mDisplayRotation=ROTATION_0 mWindowingMode=fullscreen mActivityType=standard mAlwaysOnTop=undefined mRotation=ROTATION_0}
10-25 09:48:36.764  3408  3499 D OplusFlexibleDragToSplitAnimController: visibleFlexibleTaskInfos delete:4912
10-25 09:48:36.764  3408  3499 E FlexibleWindowManagerService: notifyTaskObserverToAttachController not need to notify!
10-25 09:48:36.764  3408  3499 I FlexibleWindowManagerService: onFlexibleWindowTaskInfoChanged, return for cur task not embedded
10-25 09:48:36.766  3408  5493 D WindowManagerServiceExtImpl: extractConfigInfoAndRealFlags rotation=0, screenDp=0, residentWS:0, scenario:0, bounds:2376, serverWinBounds:Rect(0, 0 - 1080, 2376), win=Window{ae17f91 u0 com.whereu.whereu/com.whereu.whereu.activities.SplashActivity}
10-25 09:48:36.766  3408  5493 V WindowManager: Relayout Window{ae17f91 u0 com.whereu.whereu/com.whereu.whereu.activities.SplashActivity}: viewVisibility=0, oldvis=4, req=1080x2376, vsysui=, x=0, y=0
10-25 09:48:36.767  3408  5493 I WindowManager: Window{ae17f91 u0 com.whereu.whereu/com.whereu.whereu.activities.SplashActivity} state from NO_SURFACE to DRAW_PENDING; reason: resetDrawState
10-25 09:48:36.768  3408  5493 D WindowManager: NFW_findFocusedWindowIfNeeded:Window{ae17f91 u0 com.whereu.whereu/com.whereu.whereu.activities.SplashActivity} mCurrentFocus:null
10-25 09:48:36.769  3408  5493 V WindowManager: Changing focus from null to Window{ae17f91 u0 com.whereu.whereu/com.whereu.whereu.activities.SplashActivity},diplayid=0
10-25 09:48:36.769  3408  3664 D VRR [OPlusRefreshRateService]: Receive multi scene changed eventId = 5 bundleList.size = 2
10-25 09:48:36.769  3408  5493 D WindowManager: setFrameRateStart invalid typeId return!
10-25 09:48:36.770  3408  5493 D WindowManager: setFrameRateStart invalid typeId return!
10-25 09:48:36.773 23349 23349 D VRI[SplashActivity]: relayoutWindow result, sizeChanged:true, surfaceControlChanged:true, transformHintChanged:false, mSurfaceSize:Point(1080, 2376), mLastSurfaceSize:Point(0, 0), mWidth:-1, mHeight:-1, requestedWidth:1080, requestedHeight:2376, transformHint:0, installOrientation:0, displayRotation:0, isSurfaceValid:true, attr.flag:-2122252032, tmpFrames:ClientWindowFrames{frame=[0,0][1080,2376] display=[0,0][1080,2376] parentFrame=[0,0][0,0]}, relayoutAsync:false, mSyncSeqId:0
10-25 09:48:36.773 23349 23349 W VRI[SplashActivity]: updateBlastSurfaceIfNeeded, surfaceSize:Point(1080, 2376), lastSurfaceSize:Point(0, 0), format:-1, blastBufferQueue:null
10-25 09:48:36.788  3408  3509 W UserAwareMgr: process owner is not matched: 10, threadName: HwUiTask, pid: 23349,tid=23463,owner=fg1
10-25 09:48:36.789  3408  3509 W UserAwareMgr: process owner is not matched: 10, threadName: HwUiTask, pid: 23349,tid=23464,owner=fg1
10-25 09:48:36.795  3408  4019 I WindowManager: Window{ae17f91 u0 com.whereu.whereu/com.whereu.whereu.activities.SplashActivity} state from DRAW_PENDING to COMMIT_DRAW_PENDING; reason: finishDrawingLocked
10-25 09:48:36.796  3408  4019 D OplusTransitionAnimationManager: skipFinishDrawingIfNeed clientRotation=0, currentRotation=0, hasFixedRotationApp=false, requestedOrientation=-1, win=Window{ae17f91 u0 com.whereu.whereu/com.whereu.whereu.activities.SplashActivity}, activity=ActivityRecord{5172ae1 u0 com.whereu.whereu/.activities.SplashActivity t4912}, currentConfig={1.0 ??mcc??mnc [en_GB] ldltr sw360dp w360dp h736dp 480dpi nrml long hdr widecg port finger -keyb/v/h -nav/h winConfig={ mBounds=Rect(0, 0 - 1080, 2376) mAppBounds=Rect(0, 120 - 1080, 2328) mMaxBounds=Rect(0, 0 - 1080, 2376) mDisplayRotation=ROTATION_0 mWindowingMode=fullscreen mActivityType=standard mAlwaysOnTop=undefined mRotation=ROTATION_0} s.2 fontWeightAdjustment=0mThemeChanged= 0, mThemeChangedFlags= 0, mFlipFont= 0, mScenario= 0, mAccessibleChanged= -1, mUxIconConfig= 1174056180004684081, mMaterialColor= 0, mUserId= 0, mFontUserId= 0, mFontVariationSettings= 1226, mFoldingAngle = -1.0, mIconPackName= , mDarkModeBackgroundMaxL= 0.0, mDarkModeDialogBgMaxL= 27.0, mDarkModeForegroundMinL= 100.0, mOplusConfigType= 1, mOplusChangedConfigs= 0, OpSans= -1, mBurmeseFontFlag= 2, mFlag= 0, mExtraFlag= 0, mFlexibleActivitySuitable= -1, mPuttDisplayFlag= -1}
10-25 09:48:36.798 23349 23349 W VRI[SplashActivity]: handleResized, msg:, frameChanged:false, configChanged:false, displayChanged:false, attachedFrameChanged:false, compatScaleChanged:false, pendingDragResizing=false
10-25 09:48:36.798  3408  3499 I WindowManager: Window{ae17f91 u0 com.whereu.whereu/com.whereu.whereu.activities.SplashActivity} state from COMMIT_DRAW_PENDING to READY_TO_SHOW; reason: commitFinishDrawingLocked
10-25 09:48:36.798  3408  3499 D ActivityTaskManager: Finish StartingWindow: ActivityRecord{5172ae1 u0 com.whereu.whereu/.activities.SplashActivity t4912}first real window is shown
10-25 09:48:36.798  3408  3499 D ActivityTaskManager: removeStartingWindowAnimation starting ActivityRecord{5172ae1 u0 com.whereu.whereu/.activities.SplashActivity t4912} startingWindow=null ,startingView=com.android.server.wm.StartingSurfaceController$StartingSurface@8a45f85,Callers=com.android.server.wm.ActivityRecord.removeStartingWindow:3588 com.android.server.wm.ActivityRecord.onFirstWindowDrawn:8641 com.android.server.wm.WindowState.performShowLocked:5126 com.android.server.wm.WindowStateAnimator.commitFinishDrawingLocked:349 com.android.server.wm.DisplayContent.lambda$new$8:1141 
10-25 09:48:36.798  3408  3499 D OplusStartingWindowManager: interceptRemoveStartingWindow: packageName=com.whereu.whereu,  componentName=com.whereu.whereu/.activities.SplashActivity, isSnapshot=false, startingSurfaceRunnable=null, isDrawCompleted=false, hasSurfaceView=false, inTransition=false
10-25 09:48:36.798  3408  3499 D OplusSplitScreenDnDUI: notifyRemoveStartingWindow isSpitScreenDrag = false mDropTargetSurface = null StartingWindowpkgName = com.whereu.whereu DragPkg = null isLauncherResume = false
10-25 09:48:36.799  3408  3499 D OplusStartingWindowManager: interceptRemoveStartingWindow: hasSplashWindowFlag() return false for activity=ActivityRecord{5172ae1 u0 com.whereu.whereu/.activities.SplashActivity t4912}
10-25 09:48:36.800  3408  3499 D WindowManager: setFrameRateStart invalid typeId return!
10-25 09:48:36.802  5300  7519 I iopgp   : Iopgp: TRANSACTION_IOPGP_ON_ACTIVITY_LAUNCH_FINISHED sequence_id = 379 timestamp_nanos = 138070488230193
10-25 09:48:36.802  3408  3499 D QuickBackInputPolicy: setAppLaunchEndTime update timePair=Pair{ActivityRecord{5172ae1 u0 com.whereu.whereu/.activities.SplashActivity t4912} 138070489}
10-25 09:48:36.804  3408  3499 I WindowManager: Window{ae17f91 u0 com.whereu.whereu/com.whereu.whereu.activities.SplashActivity} state from READY_TO_SHOW to HAS_DRAWN; reason: performShowLocked
10-25 09:48:36.807  3408  5493 D OplusTransitionAnimationManager: skipFinishDrawingIfNeed clientRotation=0, currentRotation=0, hasFixedRotationApp=false, requestedOrientation=-1, win=Window{ae17f91 u0 com.whereu.whereu/com.whereu.whereu.activities.SplashActivity}, activity=ActivityRecord{5172ae1 u0 com.whereu.whereu/.activities.SplashActivity t4912}, currentConfig={1.0 ??mcc??mnc [en_GB] ldltr sw360dp w360dp h736dp 480dpi nrml long hdr widecg port finger -keyb/v/h -nav/h winConfig={ mBounds=Rect(0, 0 - 1080, 2376) mAppBounds=Rect(0, 120 - 1080, 2328) mMaxBounds=Rect(0, 0 - 1080, 2376) mDisplayRotation=ROTATION_0 mWindowingMode=fullscreen mActivityType=standard mAlwaysOnTop=undefined mRotation=ROTATION_0} s.2 fontWeightAdjustment=0mThemeChanged= 0, mThemeChangedFlags= 0, mFlipFont= 0, mScenario= 0, mAccessibleChanged= -1, mUxIconConfig= 1174056180004684081, mMaterialColor= 0, mUserId= 0, mFontUserId= 0, mFontVariationSettings= 1226, mFoldingAngle = -1.0, mIconPackName= , mDarkModeBackgroundMaxL= 0.0, mDarkModeDialogBgMaxL= 27.0, mDarkModeForegroundMinL= 100.0, mOplusConfigType= 1, mOplusChangedConfigs= 0, OpSans= -1, mBurmeseFontFlag= 2, mFlag= 0, mExtraFlag= 0, mFlexibleActivitySuitable= -1, mPuttDisplayFlag= -1}
10-25 09:48:36.814  3408  3499 D OplusAppQuickStart_AppQuickStartController: isSurfaceViewDrawn sf draw: false, has surface: false, surfaceViewAttachedWindow: false, white list: false, ar: ActivityRecord{5172ae1 u0 com.whereu.whereu/.activities.SplashActivity t4912}, preState: INITIALIZING, state: RESUMED
10-25 09:48:36.814  3408  3499 D OplusAppQuickStart_AppQuickStartController: scheduleHideStartingSurface startingSurfaceType=2 mReportedDrawn:false mNeedCap:false activityRecord:ActivityRecord{5172ae1 u0 com.whereu.whereu/.activities.SplashActivity t4912} timeout:false shouldDoCapture:false reason:windowSurfaceShow
10-25 09:48:36.848  3408  4212 D InputMethodManagerService: isSecurity: attribute.packageName = com.whereu.whereu mCurMethodId = com.google.android.inputmethod.latin/com.android.inputmethod.latin.LatinIME isSecurity = false ( enable = true needShow = false inBlackList = false isExist = true )
10-25 09:48:36.852  3408  5493 D WindowManager: setFrameRateStart invalid typeId return!
10-25 09:48:36.854  3408  4019 W PackageConfigPersister: App-specific configuration not found for packageName: com.whereu.whereu and userId: 0
10-25 09:48:36.942  3408  3664 D VRR [OPlusSurfaceFlingerController]:  setDirectorOtiHwConfig : false
10-25 09:48:37.178  3408  5493 D WindowManagerServiceExtImpl: extractConfigInfoAndRealFlags rotation=0, screenDp=0, residentWS:0, scenario:0, bounds:2376, serverWinBounds:Rect(0, 0 - 1080, 2376), win=Window{af8e51 u0 Splash Screen com.whereu.whereu}
10-25 09:48:37.178  3408  5493 V WindowManager: Relayout Window{af8e51 u0 Splash Screen com.whereu.whereu}: viewVisibility=8, oldvis=0, req=1080x2376, vsysui=
10-25 09:48:37.179  3408  5493 D WindowManager: setFrameRateStart invalid typeId return!
10-25 09:48:37.180  3408  5493 D WindowManager: NFW_findFocusedWindowIfNeeded:Window{ae17f91 u0 com.whereu.whereu/com.whereu.whereu.activities.SplashActivity} mCurrentFocus:Window{ae17f91 u0 com.whereu.whereu/com.whereu.whereu.activities.SplashActivity}
10-25 09:48:37.182  3408  5493 D CoreBackPreview: Window{af8e51 u0 Splash Screen com.whereu.whereu EXITING}: Setting back callback null
10-25 09:48:37.183  3408  4019 D WindowManager: NFW_findFocusedWindowIfNeeded:Window{ae17f91 u0 com.whereu.whereu/com.whereu.whereu.activities.SplashActivity} mCurrentFocus:Window{ae17f91 u0 com.whereu.whereu/com.whereu.whereu.activities.SplashActivity}
10-25 09:48:37.185  3408  4019 W PresentationStatsEventLogger: Shouldn't be logging AutofillPresentationEventReported again for same event
10-25 09:48:37.186  3408  3509 W UserAwareMgr: can not find match thread: UrgentTransactionHelper for process com.android.launcher
10-25 09:48:37.193  3408  4176 V AlarmManager: sending alarm Alarm{9bf8a30 type 3 origWhen 295000481 whenElapsed 295000481 android} uid 1000 whenElapsed 295000481 windowLength 455043 maxWhenElapsed 295455524 repeatInterval 0 action null component null tag *CountQuotaTracker.cleanup* flags 0x8 procName system_server
10-25 09:48:37.193  3408  3500 D SurfaceAnimationRunner: onAnimationStart:Surface(name=Surface(name=af8e51 Splash Screen com.whereu.whereu)/@0x3d9f58a - animation-leash of window_animation)/@0xf59c7fb
10-25 09:48:37.194  3408  4176 V AlarmManager: sending alarm Alarm{e5c1bcf type 3 origWhen 295082155 whenElapsed 295082155 android} uid 1000 whenElapsed 295082155 windowLength 0 maxWhenElapsed 295082155 repeatInterval 0 action null component null tag *job.delay* flags 0x0 procName system_server
10-25 09:48:37.195  3408  4176 V AlarmManager: sending alarm Alarm{ecb195c type 3 origWhen 294985241 whenElapsed 294985241 com.qti.qcc} uid 10276 whenElapsed 294985241 windowLength 449999 maxWhenElapsed 295435240 repeatInterval 0 action null component ComponentInfo{com.qti.qcc/com.qualcomm.qti.qdma.app.exitReceiver} flags 0x0 procName com.qti.qcc
10-25 09:48:37.195  3408  5493 I WindowManager: Window{bf93e8b u0 com.android.launcher/com.android.launcher.Launcher} state from HAS_DRAWN to NO_SURFACE; reason: destroySurface
10-25 09:48:37.196  3408  4176 V AlarmManager: sending alarm Alarm{528a5eb type 3 origWhen 295042612 whenElapsed 295042612 com.google.android.gms} uid 10124 whenElapsed 295042612 windowLength 225746 maxWhenElapsed 295268358 repeatInterval 0 action com.google.android.gms.gcm.ACTION_CHECK_QUEUE component ComponentInfo{com.google.android.gms/com.google.android.gms.gcm.nts.SchedulerInternalReceiver} flags 0x0 procName com.google.android.gms.persistent
10-25 09:48:37.197  3408  5493 I WindowManager: Window{5955dfd u0 com.android.launcher/com.android.launcher.Launcher} state from HAS_DRAWN to NO_SURFACE; reason: destroySurface
10-25 09:48:37.198  3408  5493 D ActivityTaskManager: Clearing startingData for activity=ActivityRecord{c32df67 u0 com.android.launcher/.Launcher t5} mStartingData=null mStartingSurface=null
10-25 09:48:37.200  3408  3509 I UserAwareMgr: handleAppChangedToBg, pkgName: com.android.launcher, pid: 26589
10-25 09:48:37.202  3408  3664 D VRR [OPlusSAManager]: updateAutoMinfps with nits: 63.9564, mHistOK true, mAmbientOK true, mCctOK true, mIrOK true, mBrightnessOK true, isPkgOK true, SA min fps: 11
10-25 09:48:37.202  3408  3664 D VRR [OPlusSurfaceFlingerController]: setAutoMode enable: false fakeFrame: false fps: 11
10-25 09:48:37.246  3408  4987 I ActivityManager: Death received, pid = 29284, processName = com.qti.qcc for thread android.os.BinderProxy@8ead192
10-25 09:48:37.247  3408  4949 I ActivityManager: Process com.qti.qcc (pid 29284) has died: pers PER 
10-25 09:48:37.249  3408  4949 W ActivityManager: Re-adding persistent process ProcessRecord{4beef38 29284:com.qti.qcc/u0a276}
10-25 09:48:37.251  3408  3496 D DisplayManagerService: Drop pending events for gone uid 10276
10-25 09:48:37.263  3408  3519 I ActivityManager: Start proc 23479:com.qti.qcc/u0a276 for restart com.qti.qcc
10-25 09:48:37.280  3408  5497 D CompatChangeReporter: Compat change id reported: 151861875; UID 10276; state: ENABLED
10-25 09:48:37.280  3408  5497 D ActivityTaskManagerServiceExtImpl: preBindApplication record is null
10-25 09:48:37.280  3408  5497 D VRR [OPlusExternalRefreshRateManager]: isPkgTfcEnable: pkgName = com.qti.qcc, enable = false
10-25 09:48:37.280  3408  5497 D VRR [OPlusExternalRefreshRateManager]: getTfcMinFramerate: pkgName = com.qti.qcc, min framerate = 0
10-25 09:48:37.291 23479 23479 E OplusCustomizePackageManager: mIOplusCustomizePackageManagerService is null
10-25 09:48:37.291 23479 23479 E OplusCustomizePackageManager: mIOplusCustomizePackageManagerService is null
10-25 09:48:37.291 23479 23479 E OplusCustomizePackageManager: isOplusCertificatePackage Errorjava.lang.NullPointerException: Attempt to invoke interface method 'boolean android.os.customize.IOplusCustomizePackageManagerService.isOplusCertificatePackage(java.lang.String)' on a null object reference
10-25 09:48:37.301 23479 23479 D ResourcesManagerExtImpl: applyConfigurationToAppResourcesLocked app.getDisplayId() return callback.displayId:-1
10-25 09:48:37.316  3408  4462 D JobSchedulerServiceExtImpl: updateOsenseRestrictMode for 1 false false
10-25 09:48:37.360  3408  3500 D SurfaceAnimationRunner: onAnimationEnd:Surface(name=Surface(name=af8e51 Splash Screen com.whereu.whereu)/@0x3d9f58a - animation-leash of window_animation)/@0xf59c7fb
10-25 09:48:37.360  3408  3499 I WindowStateExtImpl: onSurfaceShowChange show = false mPackageName = com.whereu.whereu parentPkgName = com.whereu.whereu
10-25 09:48:37.360  3408  3499 I WindowManager: Window{af8e51 u0 Splash Screen com.whereu.whereu EXITING} state from HAS_DRAWN to NO_SURFACE; reason: destroySurface
10-25 09:48:37.371  3408  5491 I ActivityManager: Flag disabled. Ignoring finishAttachApplication from uid: 10276. pid: 23479
10-25 09:48:37.375  3408  5491 D CompatChangeReporter: Compat change id reported: 297989574; UID 10276; state: ENABLED
10-25 09:48:38.370  3408  5648 D ActivityTaskManager: Skipping, invisible task: Task{2ddd2ba #5 type=home I=com.android.launcher/.Launcher}
10-25 09:48:38.370  3408  5648 D ActivityTaskManager: pre-Filtered:com.whereu.whereu # com.google.android.dialer # com.whatsapp # com.google.android.apps.nbu.paisa.user # com.oppo.quicksearchbox # 
10-25 09:48:38.370  3408  5648 D ActivityTaskManager: after skip size 5
10-25 09:48:38.380  3408  4987 I ActivityManager: Death received, pid = 19072, processName = com.android.launcher for thread android.os.BinderProxy@39d0af9
10-25 09:48:38.381  3408  8319 D NotificationListeners: Removing active service ComponentInfo{com.android.launcher/com.android.launcher.badge.BadgeDataProviderCompatVP}
10-25 09:48:38.382  3408  4963 I ActivityManager: Process com.android.launcher (pid 19072) has died: cch+75 CEM 
10-25 09:48:38.383  3408  3509 I UserAwareMgr: process killed: {pkgName='com.android.launcher', processName='com.android.launcher', pid=19072, uid=1010241, flags='launcher', renderTid=0, hwuiTids=null, glTids=null, threadInfos={UiThreadHelper={threadName='UiThreadHelper', tid=19085, extendTids=null}, launcher-loader={threadName='launcher-loader', tid=19086, extendTids=null}}}
10-25 09:48:38.383  3408  3509 I UserAwareMgr: handleProcessKilled, pkgName: com.android.launcher, pid: 19072
10-25 09:48:38.386  3408  3496 D DisplayManagerService: Drop pending events for gone uid 1010241
10-25 09:48:38.399  3408  5648 E OplusAthenaAm: AthenaAmManagerInternal transact code hello:6,flags:0
10-25 09:48:38.399  3408  5648 E OplusAthenaAm: AthenaAmManagerInternal transact code hello:7,flags:0
10-25 09:48:38.399  3408  5648 E OplusAthenaAm: AthenaAmManagerInternal transact code hello:24,flags:0
10-25 09:48:38.402  3408  5648 D ActivityTaskManager: Skipping, invisible task: Task{2ddd2ba #5 type=home I=com.android.launcher/.Launcher}
10-25 09:48:38.402  3408  5648 D ActivityTaskManager: pre-Filtered:com.whereu.whereu # com.google.android.dialer # com.whatsapp # com.google.android.apps.nbu.paisa.user # com.oppo.quicksearchbox # 
10-25 09:48:38.402  3408  5648 D ActivityTaskManager: after skip size 5
10-25 09:48:38.402  3408  5648 E OplusAthenaAm: AthenaAmManagerInternal transact code hello:4,flags:0
10-25 09:48:38.403  3408  5648 E OplusAthenaAm: AthenaAmManagerInternal transact code hello:4,flags:0
10-25 09:48:38.403  3408  5648 E OplusAthenaAm: AthenaAmManagerInternal transact code hello:4,flags:0
10-25 09:48:38.423  3408  3449 I ActivityManager: Death received, pid = 22247, processName = com.coloros.ocs.opencapabilityservice:ocs for thread android.os.BinderProxy@4b0c5ec
10-25 09:48:38.424  3408  4949 I ActivityManager: Process com.coloros.ocs.opencapabilityservice:ocs (pid 22247) has died: cch+55 CEM 
10-25 09:48:38.425  3408  3496 D DisplayManagerService: Drop pending events for gone uid 1010217
10-25 09:48:38.467  3408  3447 I ActivityManager: Death received, pid = 19487, processName = com.google.android.permissioncontroller for thread android.os.BinderProxy@91968ff
10-25 09:48:38.469  3408  4963 I ActivityManager: Process com.google.android.permissioncontroller (pid 19487) has died: cch+45 CEM 
10-25 09:48:38.471  3408  3994 I ActivityManager: Death received, pid = 21701, processName = com.oplus.safecenter for thread android.os.BinderProxy@fac5fe2
10-25 09:48:38.472  3408  4963 I ActivityManager: Process com.oplus.safecenter (pid 21701) has died: cch+65 CEM 
10-25 09:48:38.473  3408  3496 D DisplayManagerService: Drop pending events for gone uid 10292
10-25 09:48:38.473  3408  3509 I UserAwareMgr: process killed: {pkgName='com.oplus.safecenter', processName='com.oplus.safecenter', pid=21701, uid=1000, flags='', renderTid=0, hwuiTids=null, glTids=null, threadInfos=null}
10-25 09:48:38.473  3408  3509 I UserAwareMgr: handleProcessKilled, pkgName: com.oplus.safecenter, pid: 21701
10-25 09:48:38.475  3408  8318 I ActivityManager: Death received, pid = 21511, processName = com.oneplus.deskclock:clockWidget for thread android.os.BinderProxy@61c0121
10-25 09:48:38.476  3408  4963 I ActivityManager: Process com.oneplus.deskclock:clockWidget (pid 21511) has died: cch+35 CEM 
10-25 09:48:38.477  3408  3496 D DisplayManagerService: Drop pending events for gone uid 10203
10-25 09:48:38.480  3408  5077 I ActivityManager: Death received, pid = 22421, processName = com.oneplus.account for thread android.os.BinderProxy@3da54d8
10-25 09:48:38.480  3408  4949 I ActivityManager: Process com.oneplus.account (pid 22421) has died: cch+55 CEM 
10-25 09:48:38.481  3408  3496 D DisplayManagerService: Drop pending events for gone uid 1010141
10-25 09:48:38.495  3408  8172 I ActivityManager: Death received, pid = 22287, processName = com.oplus.appplatform for thread android.os.BinderProxy@22d316
10-25 09:48:38.495  3408  4963 I ActivityManager: Process com.oplus.appplatform (pid 22287) has died: cch+5 CEM 
10-25 09:48:38.507  3408  5491 I ActivityManager: Death received, pid = 22439, processName = com.nearme.instant.platform:provider for thread android.os.BinderProxy@428c497
10-25 09:48:38.508  3408  4949 I ActivityManager: Process com.nearme.instant.platform:provider (pid 22439) has died: cch+55 CEM 
10-25 09:48:38.509  3408  3496 D DisplayManagerService: Drop pending events for gone uid 1010169
10-25 09:48:38.517  3408  3447 I ActivityManager: Death received, pid = 22951, processName = com.brave.browser:sandboxed_process0:org.chromium.content.app.SandboxedProcessService0:0 for thread android.os.BinderProxy@4658e6d
10-25 09:48:38.518  3408  4963 I ActivityManager: Process com.brave.browser:sandboxed_process0:org.chromium.content.app.SandboxedProcessService0:0 (pid 22951) has died: cch+15 CEM 
10-25 09:48:38.520  3408  3496 D DisplayManagerService: Drop pending events for gone uid 90000
10-25 09:48:38.541  3408  4473 I ActivityManager: Death received, pid = 22087, processName = com.oplus.pantanal.ums for thread android.os.BinderProxy@42b1333
10-25 09:48:38.542  3408  4949 I ActivityManager: Process com.oplus.pantanal.ums (pid 22087) has died: cch+35 CEM 
10-25 09:48:38.544  3408  3496 D DisplayManagerService: Drop pending events for gone uid 1010157
10-25 09:48:38.544  3408  4019 I ActivityManager: Death received, pid = 22867, processName = com.brave.browser:privileged_process0 for thread android.os.BinderProxy@9312f11
10-25 09:48:38.546  3408  4963 I ActivityManager: Process com.brave.browser:privileged_process0 (pid 22867) has died: cch+25 CEM 
10-25 09:48:38.560  3408  4922 I ActivityManager: Death received, pid = 21260, processName = com.android.vending:background for thread android.os.BinderProxy@e2b00ed
10-25 09:48:38.561  3408  4949 I ActivityManager: Process com.android.vending:background (pid 21260) has died: cch+15 CEM 
10-25 09:48:38.571  3408  4019 I ActivityManager: Death received, pid = 21163, processName = com.android.vending for thread android.os.BinderProxy@ff8dc8b
10-25 09:48:38.572  3408  4963 I ActivityManager: Process com.android.vending (pid 21163) has died: cch+5 CEM 
10-25 09:48:38.578  3408  3496 D DisplayManagerService: Drop pending events for gone uid 10127
10-25 09:48:38.590  3408  5077 I ActivityManager: Death received, pid = 22696, processName = com.google.android.youtube for thread android.os.BinderProxy@c5f1e25
10-25 09:48:38.591  3408  4949 I ActivityManager: Process com.google.android.youtube (pid 22696) has died: cch+25 CEM 
10-25 09:48:38.594  3408  3496 D DisplayManagerService: Drop pending events for gone uid 10192
10-25 09:48:38.608  3408  5108 I ActivityManager: Death received, pid = 22821, processName = com.brave.browser for thread android.os.BinderProxy@69e787
10-25 09:48:38.610  3408  4963 I ActivityManager: Process com.brave.browser (pid 22821) has died: cch+5 CEM 
10-25 09:48:38.610  3408  8315 I ActivityManager: Death received, pid = 21470, processName = com.oplus.phonemanager for thread android.os.BinderProxy@b00af68
10-25 09:48:38.612  3408  3496 D DisplayManagerService: Drop pending events for gone uid 10335
10-25 09:48:38.613  3408  4949 I ActivityManager: Process com.oplus.phonemanager (pid 21470) has died: cch+65 CEM 
10-25 09:48:38.614  3408  4949 D CompatChangeReporter: Compat change id reported: 311208629; UID 10191; state: ENABLED
10-25 09:48:38.616  3408  4674 D OAppNetControlService: Hans update:[10335=false][0|0] blackList:[]
10-25 09:48:38.685  3408  8174 I OplusAppSwitchManagerService: appswitch unregisterAppSwitchObserver pkgName = com.oplus.onetrace_98036238 config = OplusAppSwitchConfig = {  mConfigs = {} observerFingerPrint = 92182544}
10-25 09:48:38.685  3408  8174 I OplusAppSwitchStateDispatcher: unregisterAppSwitchObserver ok, pkgName = com.oplus.onetrace info = OplusAppSwitchRuleInfo = {  observer = null observerFingerPrint = 92182544}
10-25 09:48:38.700  3408  5492 E OplusAthenaAm: AthenaAmManagerInternal transact code hello:13,flags:0
10-25 09:48:38.705  3408  4473 D ActivityManager: Async freezing 21999 com.oplus.onetrace
10-25 09:48:39.235  3408  5492 W PackageManager: package com.instagram.barcelona uid 10375 pid 23148 call SetEnabledSetting(com.instagram.barcelona component = com.instagram.push.FbnsInitBroadcastReceiver, 1, 0)
10-25 09:48:39.242  3408  5492 W PackageManager: package com.instagram.barcelona uid 10375 pid 23148 call SetEnabledSetting(com.instagram.barcelona component = com.facebook.rti.push.service.FbnsService, 1, 0)
10-25 09:48:39.247  3408  4473 W ActivityManager: Background start not allowed: service Intent { act=Orca.START cmp=com.instagram.barcelona/com.facebook.rti.push.service.FbnsService (has extras) mCallingUid=10375 } to com.instagram.barcelona/com.facebook.rti.push.service.FbnsService from pid=23148 uid=10375 pkg=com.instagram.barcelona startFg?=false
10-25 09:48:39.592  3408  3632 D OplusFeatureHDREnhanceBrightness: checkIsPlayingHDR isPlayingHDR=0 rotation=0 whiteApp=false battery=90
10-25 09:48:39.744  3408  3449 D WindowManager: NFW_setClientVisible:ActivityRecord{e852f9e u0 com.whereu.whereu/.activities.SignInActivity clientVisible:true
10-25 09:48:39.747  3408  3449 D FlexibleTaskController: isSupportFlexibleWindow target = com.whereu.whereu/.activities.SignInActivity callPkg = FlexibleTaskController support = true ,caller = 3408
10-25 09:48:39.748  3408  3449 D ActivityStarterExtImpl: checkOpMode: 3
10-25 09:48:39.749  3408  3449 D FlexibleWindowManagerService: isIgnoreAppearedAcrossTask:false
10-25 09:48:39.749  3408  3449 D ActivityStarterExtImpl: setForceUpdateWindow, targetTask = Task{c220f54 #4912 type=standard A=10390:com.whereu.whereu} r = ActivityRecord{e852f9e u0 com.whereu.whereu/.activities.SignInActivity t-1} notFinish =false
10-25 09:48:39.749  3408  3449 D FlexibleWindowManagerService: isIgnoreAppearedAcrossTask:false
10-25 09:48:39.749  3408  3449 D FlexibleTaskController: adjustOptionsForFlexibleTask skip adjust options reason:4
10-25 09:48:39.749  3408  3449 I InsensibleTaskController: adjustOptionsForInsensibleTask targetTask is resuse so not pureInsensibleOptions
10-25 09:48:39.749  3408  3449 D FlexibleTaskController: isSupportFlexibleWindow target = com.whereu.whereu/.activities.SignInActivity callPkg = FlexibleTaskController support = true ,caller = 3408
10-25 09:48:39.750  3408  3449 D FlexibleWindowManagerService: no reused task found for ActivityRecord{e852f9e u0 com.whereu.whereu/.activities.SignInActivity t-1}
10-25 09:48:39.750  3408  3449 D ActivityStarterExtImpl: isLaunchingRootActivity = false
10-25 09:48:39.750  3408  3449 D ActivityStarterExtImpl: resume targetTask isVisibleRequested is true or in SkipCheckedList, need resume:targetTask=Task{c220f54 #4912 type=standard A=10390:com.whereu.whereu}
10-25 09:48:39.750  1219 23064 I keystore2: system/security/keystore2/watchdog/src/lib.rs:319 - Watchdog thread idle -> terminating. Have a great day.
10-25 09:48:39.753  3408  3449 D OplusStartingWindowManager: we don't revise window flags for third app
10-25 09:48:39.753  3408  3449 D ActivityTaskManager: validateStartingWindowTheme:  Pkg=com.whereu.whereu, Translucent=false, Floating=false, ShowWallpaper=false, Disable=false, LaunchSource=4, Prev=null, LaunchedFromPackage=com.whereu.whereu
10-25 09:48:39.753  3408  3449 D ActivityTaskManager: addStartingWindow for ActivityRecord{e852f9e u0 com.whereu.whereu/.activities.SignInActivity t4912}, mainWin=null, state=INITIALIZING, isKeyguardLocked=false, isKeyguardGoingAway=false
10-25 09:48:39.753  3408  3449 D ActivityTaskManager: getStartingWindowType: , newTask=false, taskSwitch=false, processRunning=true, allowTaskSnapshot=true, activityCreated=false, activityAllDrawn=false, snapshot exist: false
10-25 09:48:39.753  3408  3449 D ActivityRecordExtImpl: handleStartingWindowForCompactWindow origin type:0, adjustType : 0
10-25 09:48:39.753  3408  3449 D TaskFragmentExtImpl: shouldDeferResumeUntilRecentsAnimFinished prev=ActivityRecord{e852f9e u0 com.whereu.whereu/.activities.SignInActivity t4912}, next=ActivityRecord{e852f9e u0 com.whereu.whereu/.activities.SignInActivity t4912}, task=Task{c220f54 #4912 type=standard A=10390:com.whereu.whereu}
10-25 09:48:39.753  3408  3449 D OplusWindowAnimationManager: applyNoAnimationForResumed resumed: ActivityRecord{5172ae1 u0 com.whereu.whereu/.activities.SplashActivity t4912}
10-25 09:48:39.757  3408  3449 I ActivityTaskManager: START u0 {cmp=com.whereu.whereu/.activities.SignInActivity mCallingUid=10390} with LAUNCH_MULTIPLE from uid 10390 (BAL_ALLOW_VISIBLE_WINDOW (Background Activity start allowed: callingUid has visible non-pinned window)) result code=0
