10-25 09:48:43.045 23579 23651 D nativeloader: Extending system_exposed_libraries: libbinauralrenderer_wrapper.qti.so:libhoaeffects.qti.so:libSloganJni.oplus.so:libsuperNight.oplus.so:libAPSClient-cmd-jni-extension.oplus.so:libsatellite_audio_jni.oplus.so:libortc_so.oplus.so:libsoundtouch.oplus.so:libsoundtouch_jni.oplus.so:libOplusStringJNI-extension.oplus.so:libsatellite_ostx_jni.oplus.so:libapssuspend-jni.oplus.so:libupdateprof.qti.so:libthermalclient.qti.so:libqape.qti.so:libqesdk_ndk_platform.qti.so:liblistenjni.qti.so
10-25 09:48:43.045 23579 23651 D ApplicationLoaders: Returning zygote-cached class loader: /system_ext/framework/androidx.window.extensions.jar
10-25 09:48:43.045 23579 23651 D ApplicationLoaders: Returning zygote-cached class loader: /system_ext/framework/androidx.window.sidecar.jar
10-25 09:48:43.051  3408  6181 I OGuardManager_ModuleUsageUpdateHelper: do not get uid: 1010124 pkgName is null.
10-25 09:48:43.060  3408  4986 D ConnectivityService: requestNetwork for uid/pid:10328/23579 activeRequest: null callbackRequest: 55108 [NetworkRequest [ REQUEST id=55109, [ Capabilities: INTERNET&NOT_RESTRICTED&TRUSTED&NOT_VCN_MANAGED&NOT_BANDWIDTH_CONSTRAINED Uid: 10328 RequestorUid: 10328 RequestorPkg: com.google.android.apps.chromecast.app UnderlyingNetworks: Null] ]] callback flags: 0 order: 2147483647 isUidTracked: false declaredMethods: AVAIL|LOST|NC
10-25 09:48:43.060 18993 25459 I MdiSyncModule: (REDACTED) Receiving API connection from package '%s'...
10-25 09:48:43.064  3408  4307 D OemPaidWifiNetworkFactory: got request NetworkRequest [ REQUEST id=55109, [ Capabilities: INTERNET&NOT_RESTRICTED&TRUSTED&NOT_VCN_MANAGED&NOT_BANDWIDTH_CONSTRAINED Uid: 10328 RequestorUid: 10328 RequestorPkg: com.google.android.apps.chromecast.app UnderlyingNetworks: Null] ]
10-25 09:48:43.066 18993 25459 I MdiSyncModule: API connection successful!
10-25 09:48:43.066  3408  4307 D MultiInternetWifiNetworkFactory: got request NetworkRequest [ REQUEST id=55109, [ Capabilities: INTERNET&NOT_RESTRICTED&TRUSTED&NOT_VCN_MANAGED&NOT_BANDWIDTH_CONSTRAINED Uid: 10328 RequestorUid: 10328 RequestorPkg: com.google.android.apps.chromecast.app UnderlyingNetworks: Null] ]
10-25 09:48:43.067  3408  4307 D WifiNetworkFactory: got request NetworkRequest [ REQUEST id=55109, [ Capabilities: INTERNET&NOT_RESTRICTED&TRUSTED&NOT_VCN_MANAGED&NOT_BANDWIDTH_CONSTRAINED Uid: 10328 RequestorUid: 10328 RequestorPkg: com.google.android.apps.chromecast.app UnderlyingNetworks: Null] ]
10-25 09:48:43.067  3408  4307 D UntrustedWifiNetworkFactory: got request NetworkRequest [ REQUEST id=55109, [ Capabilities: INTERNET&NOT_RESTRICTED&TRUSTED&NOT_VCN_MANAGED&NOT_BANDWIDTH_CONSTRAINED Uid: 10328 RequestorUid: 10328 RequestorPkg: com.google.android.apps.chromecast.app UnderlyingNetworks: Null] ]
10-25 09:48:43.067 23579 23682 W ConnectivityManager.CallbackHandler: callback not found for CALLBACK_AVAILABLE message
10-25 09:48:43.068 18993 25459 I MdiSyncModule: (REDACTED) Receiving API connection from package '%s'...
10-25 09:48:43.068 18993 25459 I MdiSyncModule: API connection successful!
10-25 09:48:43.068  3408  4314 D ConnectivityService: NetReassign [55109 : null  178] [c 0] [a 2] [i 5]
10-25 09:48:43.069 23349 23359 W m.whereu.whereu: Cleared Reference was only reachable from finalizer (only reported once)
10-25 09:48:43.069 18993 25459 I MdiSyncModule: (REDACTED) Receiving API connection from package '%s'...
10-25 09:48:43.070 23579 23651 I .chromecast.app: Failed to add image file: Dex cache count and dex file count mismatch while trying to initialize from image
10-25 09:48:43.071 18993 25459 I MdiSyncModule: API connection successful!
10-25 09:48:43.073 23579 23651 D nativeloader: Configuring clns-11 for other apk /data/app/~~j9KZie2JKRrwpj336-5kdw==/com.google.android.gms-1oW4R8JIRj8KHC4AV6-MGA==/base.apk. target_sdk_version=36, uses_libraries=, library_path=/data/app/~~j9KZie2JKRrwpj336-5kdw==/com.google.android.gms-1oW4R8JIRj8KHC4AV6-MGA==/lib/arm64:/data/app/~~j9KZie2JKRrwpj336-5kdw==/com.google.android.gms-1oW4R8JIRj8KHC4AV6-MGA==/base.apk!/lib/arm64-v8a, permitted_path=/data:/mnt/expand:/data/user/0/com.google.android.gms
10-25 09:48:43.075  2346  2603 D SurfaceFlinger: captureLayers from pid 25835 uid -333
10-25 09:48:43.078  2346  2346 D OplusInfoMonitor: setListenerReport: reportInfo:
10-25 09:48:43.079  1894 17045 I sensors-hal: handle_oplus_wise_rgb_event:182, high_pwm_light: lux 38.1, cct 4913.0, brl/algo/ir 1078.0/2.0/129.6, pwm/dc 1.0/0.0, rgbc 4270.232910/2616.480957/1955.395630/7022.221680, ts 295088036741884, cnt 9726
10-25 09:48:43.082 26481 26724 W OplusExSystemServiceHelper: checkOplusExSystemService intent getComponent is null
10-25 09:48:43.095 23579 23651 D nativeloader: Load /data/app/~~j9KZie2JKRrwpj336-5kdw==/com.google.android.gms-1oW4R8JIRj8KHC4AV6-MGA==/base.apk!/lib/arm64-v8a/libconscrypt_gmscore_jni.so using class loader ns clns-11 (caller=/data/app/~~j9KZie2JKRrwpj336-5kdw==/com.google.android.gms-1oW4R8JIRj8KHC4AV6-MGA==/base.apk): ok
10-25 09:48:43.095 23579 23651 V NativeCrypto: Registering com/google/android/gms/org/conscrypt/NativeCrypto's 319 native methods...
10-25 09:48:43.103 23579 23692 E GoogleApiManager: Failed to get service from broker. 
10-25 09:48:43.103 23579 23692 E GoogleApiManager: java.lang.SecurityException: Unknown calling package name 'com.google.android.gms'.
10-25 09:48:43.103 23579 23692 E GoogleApiManager: 	at android.os.Parcel.createExceptionOrNull(Parcel.java:3272)
10-25 09:48:43.103 23579 23692 E GoogleApiManager: 	at android.os.Parcel.createException(Parcel.java:3256)
10-25 09:48:43.103 23579 23692 E GoogleApiManager: 	at android.os.Parcel.readException(Parcel.java:3239)
10-25 09:48:43.103 23579 23692 E GoogleApiManager: 	at android.os.Parcel.readException(Parcel.java:3181)
10-25 09:48:43.103 23579 23692 E GoogleApiManager: 	at bbrc.a(:com.google.android.gms@254031035@25.40.31 (260400-816341114):36)
10-25 09:48:43.103 23579 23692 E GoogleApiManager: 	at bbpd.z(:com.google.android.gms@254031035@25.40.31 (260400-816341114):143)
10-25 09:48:43.103 23579 23692 E GoogleApiManager: 	at bavu.run(:com.google.android.gms@254031035@25.40.31 (260400-816341114):42)
10-25 09:48:43.103 23579 23692 E GoogleApiManager: 	at android.os.Handler.handleCallback(Handler.java:995)
10-25 09:48:43.103 23579 23692 E GoogleApiManager: 	at android.os.Handler.dispatchMessage(Handler.java:105)
10-25 09:48:43.103 23579 23692 E GoogleApiManager: 	at cmsh.mC(:com.google.android.gms@254031035@25.40.31 (260400-816341114):1)
10-25 09:48:43.103 23579 23692 E GoogleApiManager: 	at cmsh.dispatchMessage(:com.google.android.gms@254031035@25.40.31 (260400-816341114):5)
10-25 09:48:43.103 23579 23692 E GoogleApiManager: 	at android.os.Looper.loopOnce(Looper.java:288)
10-25 09:48:43.103 23579 23692 E GoogleApiManager: 	at android.os.Looper.loop(Looper.java:393)
10-25 09:48:43.103 23579 23692 E GoogleApiManager: 	at android.os.HandlerThread.run(HandlerThread.java:85)
10-25 09:48:43.104 23579 23651 I ProviderInstaller: Installed default security provider GmsCore_OpenSSL
10-25 09:48:43.105  3408  3664 D VRR [OPlusSAManager]: updateAutoMinfps with nits: 63.9564, mHistOK true, mAmbientOK true, mCctOK true, mIrOK true, mBrightnessOK true, isPkgOK true, SA min fps: 11
10-25 09:48:43.105  3408  3664 D VRR [OPlusSurfaceFlingerController]: setAutoMode enable: true fakeFrame: true fps: 11
10-25 09:48:43.105  2346  2451 I VRR-[OPlusAdfrUtil]: ADFR try set Auto mode with mode 1 fakeframe 1 min fps 11
10-25 09:48:43.105  2346  2451 D VRR-[OPlusRefreshRateSelector]: OSyncModes add size is 1.
10-25 09:48:43.105  2346  2562 D VRR-[OPlusRefreshRateSelector]: handleSetHWCOSync
10-25 09:48:43.105  2346  2562 D VRR-[OPlusRefreshRateSelector]: OSyncModes remaining size is 0.
10-25 09:48:43.105  2346  2562 D VRR-[OPlusRefreshRateSelector]: SetHWCOSync with 5CC0818A
10-25 09:48:43.105  2346  2451 I VRR-[OPlusRefreshRateSelector]: updateAutoMode success, display 0, mode 0, fakeframe 1, min fps: 10
10-25 09:48:43.106 23579 23688 W FlagRegistrar: Failed to register com.google.android.gms.providerinstaller#com.google.android.apps.chromecast.app
10-25 09:48:43.106 23579 23688 W FlagRegistrar: fsio: 17: 17: API: Phenotype.API is not available on this device. Connection failed with: ConnectionResult{statusCode=DEVELOPER_ERROR, resolution=null, message=null, clientMethodKey=null}
10-25 09:48:43.106 23579 23688 W FlagRegistrar: 	at fsiq.a(:com.google.android.gms@254031035@25.40.31 (260400-816341114):13)
10-25 09:48:43.106 23579 23688 W FlagRegistrar: 	at gpjr.d(:com.google.android.gms@254031035@25.40.31 (260400-816341114):3)
10-25 09:48:43.106 23579 23688 W FlagRegistrar: 	at gpjt.run(:com.google.android.gms@254031035@25.40.31 (260400-816341114):130)
10-25 09:48:43.106 23579 23688 W FlagRegistrar: 	at gpma.execute(:com.google.android.gms@254031035@25.40.31 (260400-816341114):1)
10-25 09:48:43.106 23579 23688 W FlagRegistrar: 	at gpkb.f(:com.google.android.gms@254031035@25.40.31 (260400-816341114):1)
10-25 09:48:43.106 23579 23688 W FlagRegistrar: 	at gpkb.m(:com.google.android.gms@254031035@25.40.31 (260400-816341114):99)
10-25 09:48:43.106 23579 23688 W FlagRegistrar: 	at gpkb.r(:com.google.android.gms@254031035@25.40.31 (260400-816341114):17)
10-25 09:48:43.106 23579 23688 W FlagRegistrar: 	at fknw.hy(:com.google.android.gms@254031035@25.40.31 (260400-816341114):35)
10-25 09:48:43.106 23579 23688 W FlagRegistrar: 	at eyda.run(:com.google.android.gms@254031035@25.40.31 (260400-816341114):12)
10-25 09:48:43.106 23579 23688 W FlagRegistrar: 	at gpma.execute(:com.google.android.gms@254031035@25.40.31 (260400-816341114):1)
10-25 09:48:43.106 23579 23688 W FlagRegistrar: 	at eydb.b(:com.google.android.gms@254031035@25.40.31 (260400-816341114):18)
10-25 09:48:43.106 23579 23688 W FlagRegistrar: 	at eydq.b(:com.google.android.gms@254031035@25.40.31 (260400-816341114):36)
10-25 09:48:43.106 23579 23688 W FlagRegistrar: 	at eyds.d(:com.google.android.gms@254031035@25.40.31 (260400-816341114):25)
10-25 09:48:43.106 23579 23688 W FlagRegistrar: 	at batd.c(:com.google.android.gms@254031035@25.40.31 (260400-816341114):9)
10-25 09:48:43.106 23579 23688 W FlagRegistrar: 	at bavs.q(:com.google.android.gms@254031035@25.40.31 (260400-816341114):48)
10-25 09:48:43.106 23579 23688 W FlagRegistrar: 	at bavs.d(:com.google.android.gms@254031035@25.40.31 (260400-816341114):10)
10-25 09:48:43.106 23579 23688 W FlagRegistrar: 	at bavs.g(:com.google.android.gms@254031035@25.40.31 (260400-816341114):192)
10-25 09:48:43.106 23579 23688 W FlagRegistrar: 	at bavs.onConnectionFailed(:com.google.android.gms@254031035@25.40.31 (260400-816341114):2)
10-25 09:48:43.106 23579 23688 W FlagRegistrar: 	at bavu.run(:com.google.android.gms@254031035@25.40.31 (260400-816341114):70)
10-25 09:48:43.106 23579 23688 W FlagRegistrar: 	at android.os.Handler.handleCallback(Handler.java:995)
10-25 09:48:43.106 23579 23688 W FlagRegistrar: 	at android.os.Handler.dispatchMessage(Handler.java:105)
10-25 09:48:43.106 23579 23688 W FlagRegistrar: 	at cmsh.mC(:com.google.android.gms@254031035@25.40.31 (260400-816341114):1)
10-25 09:48:43.106 23579 23688 W FlagRegistrar: 	at cmsh.dispatchMessage(:com.google.android.gms@254031035@25.40.31 (260400-816341114):5)
10-25 09:48:43.106 23579 23688 W FlagRegistrar: 	at android.os.Looper.loopOnce(Looper.java:288)
10-25 09:48:43.106 23579 23688 W FlagRegistrar: 	at android.os.Looper.loop(Looper.java:393)
10-25 09:48:43.106 23579 23688 W FlagRegistrar: 	at android.os.HandlerThread.run(HandlerThread.java:85)
10-25 09:48:43.106 23579 23688 W FlagRegistrar: Caused by: bark: 17: API: Phenotype.API is not available on this device. Connection failed with: ConnectionResult{statusCode=DEVELOPER_ERROR, resolution=null, message=null, clientMethodKey=null}
10-25 09:48:43.106 23579 23688 W FlagRegistrar: 	at bbop.a(:com.google.android.gms@254031035@25.40.31 (260400-816341114):15)
10-25 09:48:43.106 23579 23688 W FlagRegistrar: 	at batg.a(:com.google.android.gms@254031035@25.40.31 (260400-816341114):1)
10-25 09:48:43.106 23579 23688 W FlagRegistrar: 	at batd.c(:com.google.android.gms@254031035@25.40.31 (260400-816341114):5)
10-25 09:48:43.106 23579 23688 W FlagRegistrar: 	... 12 more
10-25 09:48:43.108  1920 15900 I SDM     : HWDeviceDRM::OPlusGetQSyncMinFps: VRR +  OPlusGetQSyncMinFps: 12616074 00C0818A
10-25 09:48:43.108  1920 15900 I SDM     : DisplayBuiltIn::SetQSyncMode: VRR + update qsync mode 0 minfps 00C0818A
10-25 09:48:43.108  1920 15900 I SDM     : HWDeviceDRM::OPlusIsQSyncMinFpsForAuto: VRR +  OPlusIsQSyncMinFpsForAuto: 1
10-25 09:48:43.108  1920 15900 I SDM     : DisplayBuiltIn::SetQSyncMode: VRR + needs_avr_update_ 0
10-25 09:48:43.109  1920 15900 I SDM     : DisplayBuiltIn::SetQSyncMode: Qsync mode set to 0 successfully, setting transfer time to min: 6290
10-25 09:48:43.109  1920 15900 W SDM     : DisplayBuiltIn::UpdateTransferTime: Same transfer time requested. Current = 6290, Requested = 6290
10-25 09:48:43.113  1920  2231 I SDM     : HWDeviceDRM::OPlusGetQSyncMinFpsUpdate: VRR +  OPlusGetQSyncMinFpsUpdate: 1
10-25 09:48:43.113  1920  2231 I SDM     : HWDeviceDRM::OPlusIsQSyncMinFpsForAuto: VRR +  OPlusIsQSyncMinFpsForAuto: 1
10-25 09:48:43.113  1920  2231 I SDM     : HWDeviceDRM::OPlusGetQSyncMinFps: VRR +  OPlusGetQSyncMinFps: 12616074 00C0818A
10-25 09:48:43.113  1920  2231 E SDM     : DRMConnector::Perform: Connector 67: Setting Qsync min fps 12616074
10-25 09:48:43.115 26589 26589 E IJankManager: latencySceneEnd unknown scene 2 mScene:-1
10-25 09:48:43.115 26589 26589 E OsenseResClient: osenseClrSceneAction: handle is illegal
10-25 09:48:43.115 26589 27362 I RemoteAnimationRunnerCompat: animationFinishedCallback run, transition id:6830
10-25 09:48:43.116  4814  7084 D OplusShellTransition: RemoteTransitionHandlerandroid.os.BinderProxy@f3e179, onTransitionFinished thread=166, true
10-25 09:48:43.116  4814  4858 D OplusShellTransition: RemoteTransitionHandlerandroid.os.BinderProxy@f3e179, onTransitionFinished, finishTransaction.mNativeObject=-5476376645667469952, thread=28
10-25 09:48:43.116  4814  4858 V WindowManagerShell: Transition animation finished (aborted=false), notifying core (#6830) android.os.BinderProxy@f3e179@0
10-25 09:48:43.116  4814  4858 W OplusShellTransition: RecentsTransitionHandler.getRecentController: no controller found , token=android.os.BinderProxy@f3e179
10-25 09:48:43.117  4814  4858 D SplitScreen-->AppLockManager: setStartFromSafeControl mStartFromSafeControl=false
10-25 09:48:43.117  4814  4858 D ShellTaskOrganizerExt: adjust change for exiting mini task: -1
10-25 09:48:43.119  3408  4020 D Transition: finishTransition ar ActivityRecord{3e5e114 u0 com.whereu.whereu/.activities.HomeActivity t4912 f}}, isVisibleRequested=false, state=STOPPING, visibleAtTransitionEndTokens={ActivityRecord{c32df67 u0 com.android.launcher/.Launcher t5}, WallpaperWindowToken{f2dfd39 token=android.os.Binder@533f9b9 showWhenLocked=false}}, this=TransitionRecord{2e277d5 id=6830 track=0 type=CLOSE flags=0x10 state=2}
10-25 09:48:43.119  3408  4020 D ActivityTaskManager: commitVisibility: ActivityRecord{3e5e114 u0 com.whereu.whereu/.activities.HomeActivity t4912 f}}: visible=false visibleRequested=false, isInTransition=false, runningAnimation=false 
10-25 09:48:43.119  3408  4020 D WindowManager: NFW_setClientVisible:ActivityRecord{3e5e114 u0 com.whereu.whereu/.activities.HomeActivity t4912 f}} clientVisible:false
10-25 09:48:43.120  3408  4020 D Transition: finishTransition ar ActivityRecord{c32df67 u0 com.android.launcher/.Launcher t5}, isVisibleRequested=true, state=RESUMED, visibleAtTransitionEndTokens={ActivityRecord{c32df67 u0 com.android.launcher/.Launcher t5}, WallpaperWindowToken{f2dfd39 token=android.os.Binder@533f9b9 showWhenLocked=false}}, this=TransitionRecord{2e277d5 id=6830 track=0 type=CLOSE flags=0x10 state=2}
10-25 09:48:43.120  3408  4020 I OplusAppSwitchManagerService:  handleAppVisible , r = ActivityRecord{c32df67 u0 com.android.launcher/.Launcher t5}
10-25 09:48:43.120 23349 23365 D VRI[HomeActivity]: dispatchAppVisibility visible:false
10-25 09:48:43.120  3408  4020 D OplusTransitionController: finishTransition, transition: TransitionRecord{2e277d5 id=6830 track=0 type=CLOSE flags=0x10 state=4}
10-25 09:48:43.120  3408  4020 D FlexibleTaskTransitionController:  finishTransition pendingRecentToFlexibleTask:null,isRotationTransition:false ,pendingRecentToFlexible:null ,transition:TransitionRecord{2e277d5 id=6830 track=0 type=CLOSE flags=0x10 state=4}
10-25 09:48:43.121  3408  3508 D WallpaperControllerExtImpl: screenshot + id = 11 userId = 0
10-25 09:48:43.121  3408  3509 W UserAwareMgr: event can not be released, id: 5005, count: 2, releasePid: 3408
10-25 09:48:43.121  3408  4020 D TransitionControllerExtImpl: NFW_send RECOMPUTE_FOCUS in finishTransition
10-25 09:48:43.122  4814  4858 D ShellTaskOrganizer: onTransitionFinish, isRecent:false
10-25 09:48:43.122  4814  4858 V WindowManagerShell: Track 0 became idle
10-25 09:48:43.122  4814  4858 V WindowManagerShell: All active transition animations finished
10-25 09:48:43.123 23579 23651 W PhenotypeFlag: Setting enableAutoSubpackage on SharedPrefs-backed flags
10-25 09:48:43.123  2346  2451 D SurfaceFlinger: captureLayers from pid 25835 uid -333
10-25 09:48:43.124  3408  3499 D OplusAppQuickStart_AppQuickStartingSurface: removeQuickStartingSurface null, callers=com.android.server.wm.OplusAppQuickStartController.removeStartingSurfaceWhenVisibleChange:1037 com.android.server.wm.TaskExtImpl.removeStartingSurfaceWhenVisibleChange:3405 com.android.server.wm.Task.prepareSurfaces:3784 com.android.server.wm.WindowContainer.prepareSurfaces:3235 com.android.server.wm.WindowContainer.prepareSurfaces:3235 com.android.server.wm.WindowContainer.prepareSurfaces:3235 com.android.server.wm.WindowContainer.prepareSurfaces:3235 com.android.server.wm.WindowContainer.prepareSurfaces:3235 
10-25 09:48:43.126  3408  3499 I TaskOrganizerController: onTaskInfoChanged taskid 4912 config { mBounds=Rect(0, 0 - 1080, 2376) mAppBounds=Rect(0, 0 - 1080, 2376) mMaxBounds=Rect(0, 0 - 1080, 2376) mDisplayRotation=ROTATION_0 mWindowingMode=fullscreen mActivityType=standard mAlwaysOnTop=undefined mRotation=ROTATION_0}
10-25 09:48:43.126  6153  6248 D OplusAtlas.OplusAtlasEventDispatch: setEvent:atlas_event_on_foreground_activities_changed info:pid:23349,uid:10390,hasForegroundActivities:0
10-25 09:48:43.126  6153  7783 D OplusAtlas.OplusAudioScene: callback success event:atlas_event_on_foreground_activities_changed eventInfo:pid:23349,uid:10390,hasForegroundActivities:0
10-25 09:48:43.126  3408  3499 D OplusFlexibleDragToSplitAnimController: visibleFlexibleTaskInfos delete:4912
10-25 09:48:43.126  3408  3499 E FlexibleWindowManagerService: notifyTaskObserverToAttachController not need to notify!
10-25 09:48:43.126  3408  3499 I FlexibleWindowManagerService: onFlexibleWindowTaskInfoChanged, return for cur task not embedded
10-25 09:48:43.126  6153  7886 D OplusAtlas.OplusMessageHandler: handleMessage: Msg { when=0 what=0 obj=com.oplus.atlas.OplusAtlasEvent@79d3403 target=com.oplus.atlas.OplusMessageHandler$MyHandler }
10-25 09:48:43.126  3408  3498 D WindowManager: NFW_findFocusedWindowIfNeeded:Window{cfca51c u0 Application Error: com.whereu.whereu} mCurrentFocus:Window{cfca51c u0 Application Error: com.whereu.whereu}
10-25 09:48:43.126  4814  4858 D ShellTaskOrganizerExt: visibleFlexibleTaskInfos delete:4912
10-25 09:48:43.126  4814  4858 D ShellTaskOrganizerExt: isOnCanvas size:0
10-25 09:48:43.126  4814  4858 D ShellTaskOrganizerExt: isOnThreeFlexibleCanvas size:0
10-25 09:48:43.127  6153  9352 D OplusAtlas.OplusMessageHandler: handleMessage: Msg { when=0 what=2 obj=com.oplus.atlas.OplusAtlasEvent@79d3403 target=com.oplus.atlas.OplusMessageHandler$MyHandler }
10-25 09:48:43.128  2338  2338 D AudioFlingerExtImpl: AudioFlingerExtImpl oplusSetParameters: keyvalue onForegroundActivitiesChanged=com.whereu.whereu:foreground:0|10390:23349
10-25 09:48:43.128  2338  2338 D AudioFlingerExtImpl: updateForegroundInfo, mapInf mForegroundMap(0), uidPidMapInf mForegroundUidPidMap(0)
10-25 09:48:43.128  2346  2346 D OplusInfoMonitor: setListenerReport: reportInfo:
10-25 09:48:43.129  3408  3664 D VRR [OPlusRefreshRateService]:  setDirectorStates [flag: 1, state: 0, directorStateOff: 0]
10-25 09:48:43.129  3408  3664 D VRR [OPlusExternalRefreshRateManager]: setDirectorState state: 1
10-25 09:48:43.129  3408  3664 D VRR [OPlusSurfaceFlingerController]:  setDirectorState : 1
10-25 09:48:43.129  2346  2450 D VRR [RefreshRateDirector]: updateState mState = 1
10-25 09:48:43.129  3408  4986 W UserManagerService: Requested status bar icon for non-badged user 0
10-25 09:48:43.132  3408  4986 W UserManagerService: Requested status bar icon for non-badged user 0
10-25 09:48:43.132 26481 26481 D BoundBrokerSvc: onRebind: Intent { act=com.google.android.gms.common.telemetry.service.START dat=chimera-action:/... cmp=com.google.android.gms/.chimera.PersistentApiService mCallingUid=10124 }
10-25 09:48:43.133 23349 23427 D HWUI    : SkiaOpenGLPipeline::setSurface: this=0xb4000075ac0a5a40, surface=NULL
10-25 09:48:43.135 23579 23651 W PhenotypeFlag: Setting enableAutoSubpackage on SharedPrefs-backed flags
10-25 09:48:43.142 23579 23651 D nativeloader: Configuring clns-12 for other apk . target_sdk_version=35, uses_libraries=ALL, library_path=/data/app/~~j9KZie2JKRrwpj336-5kdw==/com.google.android.gms-1oW4R8JIRj8KHC4AV6-MGA==/split_CronetDynamite_installtime.apk!/lib/arm64-v8a, permitted_path=/data:/mnt/expand
10-25 09:48:43.142 23579 23651 D nativeloader: Extending system_exposed_libraries: libbinauralrenderer_wrapper.qti.so:libhoaeffects.qti.so:libSloganJni.oplus.so:libsuperNight.oplus.so:libAPSClient-cmd-jni-extension.oplus.so:libsatellite_audio_jni.oplus.so:libortc_so.oplus.so:libsoundtouch.oplus.so:libsoundtouch_jni.oplus.so:libOplusStringJNI-extension.oplus.so:libsatellite_ostx_jni.oplus.so:libapssuspend-jni.oplus.so:libupdateprof.qti.so:libthermalclient.qti.so:libqape.qti.so:libqesdk_ndk_platform.qti.so:liblistenjni.qti.so
10-25 09:48:43.146 23579 23695 I HttpFlagsLoader: HTTP flags log line (Impl): Using live production flag values from Google
10-25 09:48:43.149 23579 23651 D nativeloader: Load /data/app/~~j9KZie2JKRrwpj336-5kdw==/com.google.android.gms-1oW4R8JIRj8KHC4AV6-MGA==/split_CronetDynamite_installtime.apk!/lib/arm64-v8a/libcronet.141.0.7340.3.so using isolated ns clns-12 (caller=/data/app/~~j9KZie2JKRrwpj336-5kdw==/com.google.android.gms-1oW4R8JIRj8KHC4AV6-MGA==/split_CronetDynamite_installtime.apk): ok
10-25 09:48:43.149  3408  4621 D ConnectivityService: requestNetwork for uid/pid:10328/23579 activeRequest: null callbackRequest: 55110 [NetworkRequest [ REQUEST id=55111, [ Capabilities: INTERNET&NOT_RESTRICTED&TRUSTED&NOT_VCN_MANAGED&NOT_BANDWIDTH_CONSTRAINED Uid: 10328 RequestorUid: 10328 RequestorPkg: com.google.android.apps.chromecast.app UnderlyingNetworks: Null] ]] callback flags: 0 order: 2147483647 isUidTracked: false declaredMethods: AVAIL|LOST|NC|LP
10-25 09:48:43.150  3408  4621 D CompatChangeReporter: Compat change id reported: 319212206; UID 10328; state: ENABLED
10-25 09:48:43.151  3408  4307 D OemPaidWifiNetworkFactory: got request NetworkRequest [ REQUEST id=55111, [ Capabilities: INTERNET&NOT_RESTRICTED&TRUSTED&NOT_VCN_MANAGED&NOT_BANDWIDTH_CONSTRAINED Uid: 10328 RequestorUid: 10328 RequestorPkg: com.google.android.apps.chromecast.app UnderlyingNetworks: Null] ]
10-25 09:48:43.151  3408  4307 D MultiInternetWifiNetworkFactory: got request NetworkRequest [ REQUEST id=55111, [ Capabilities: INTERNET&NOT_RESTRICTED&TRUSTED&NOT_VCN_MANAGED&NOT_BANDWIDTH_CONSTRAINED Uid: 10328 RequestorUid: 10328 RequestorPkg: com.google.android.apps.chromecast.app UnderlyingNetworks: Null] ]
10-25 09:48:43.151  3408  4307 D WifiNetworkFactory: got request NetworkRequest [ REQUEST id=55111, [ Capabilities: INTERNET&NOT_RESTRICTED&TRUSTED&NOT_VCN_MANAGED&NOT_BANDWIDTH_CONSTRAINED Uid: 10328 RequestorUid: 10328 RequestorPkg: com.google.android.apps.chromecast.app UnderlyingNetworks: Null] ]
10-25 09:48:43.151  3408  4307 D UntrustedWifiNetworkFactory: got request NetworkRequest [ REQUEST id=55111, [ Capabilities: INTERNET&NOT_RESTRICTED&TRUSTED&NOT_VCN_MANAGED&NOT_BANDWIDTH_CONSTRAINED Uid: 10328 RequestorUid: 10328 RequestorPkg: com.google.android.apps.chromecast.app UnderlyingNetworks: Null] ]
10-25 09:48:43.151  3408  4314 D ConnectivityService: NetReassign [55111 : null  178] [c 0] [a 1] [i 1]
10-25 09:48:43.152  3408  4314 D ConnectivityService: NetReassign [no changes] [c 0] [a 1] [i 0]
10-25 09:48:43.156 23579 23651 I cn_CronetLibraryLoader: Cronet version: 141.0.7340.3, arch: aarch64
10-25 09:48:43.161 23579 23651 W PhenotypeFlag: Setting enableAutoSubpackage on SharedPrefs-backed flags
10-25 09:48:43.172  2346  2451 D SurfaceFlinger: captureLayers from pid 25835 uid -333
10-25 09:48:43.178  2346  2346 D OplusInfoMonitor: setListenerReport: reportInfo:
10-25 09:48:43.221  2346  2451 D SurfaceFlinger: captureLayers from pid 25835 uid -333
10-25 09:48:43.228  2346  2346 D OplusInfoMonitor: setListenerReport: reportInfo:
10-25 09:48:43.258  1881 30216 I vendor.qti.bluetooth@1.1-ibs_handler: [ibs_handler.cpp:827] ProcessIbsCmd: Received IBS_WAKE_IND: 0xFD
10-25 09:48:43.258  1881 30216 D vendor.qti.bluetooth@1.1-ibs_handler: [ibs_handler.cpp:408] SerialClockVote: vote for UART CLK ON
10-25 09:48:43.258  1881 30216 E vendor.qti.bluetooth@1.1-wake_lock: [wake_lock.cpp:135] Acquire write to wakelock file failed -1 - Operation not permitted
10-25 09:48:43.258  1881 30216 I vendor.qti.bluetooth@1.1-ibs_handler: [ibs_handler.cpp:844] ProcessIbsCmd: Writing IBS_WAKE_ACK
10-25 09:48:43.269  2346  2450 D SurfaceFlinger: captureLayers from pid 25835 uid -333
10-25 09:48:43.278  2346  2346 D OplusInfoMonitor: setListenerReport: reportInfo:
10-25 09:48:43.279  1894 17045 I sensors-hal: handle_oplus_wise_rgb_event:182, high_pwm_light: lux 38.6, cct 4875.8, brl/algo/ir 1078.0/2.0/128.5, pwm/dc 1.0/0.0, rgbc 4304.810059/2634.041016/1955.395630/7075.286133, ts 295088236729644, cnt 9727
10-25 09:48:43.300  1881 30216 I vendor.qti.bluetooth@1.1-ibs_handler: [ibs_handler.cpp:874] ProcessIbsCmd: Received IBS_SLEEP_IND: 0xFE
10-25 09:48:43.300  1881 30216 D vendor.qti.bluetooth@1.1-ibs_handler: [ibs_handler.cpp:427] SerialClockVote: vote for UART CLK OFF
10-25 09:48:43.317  2346  2450 D SurfaceFlinger: captureLayers from pid 25835 uid -333
10-25 09:48:43.319  2346  2346 D OplusInfoMonitor: setListenerReport: reportInfo:
10-25 09:48:43.365  2346  2450 D SurfaceFlinger: captureLayers from pid 25835 uid -333
10-25 09:48:43.367  5241  5677 D CommonApp-178-10390: commonScoreStrategy scenarios 5 mdnsScore=0
10-25 09:48:43.367  5241  5677 D CommonApp-178-10390: notifyScoreChange appScene COMMON score 100
10-25 09:48:43.369  2346  2346 D OplusInfoMonitor: setListenerReport: reportInfo:
10-25 09:48:43.370  5241  5679 E OplusDualPsManager: getDdsNetId, dual ps not init
10-25 09:48:43.414  2346  2450 D SurfaceFlinger: captureLayers from pid 25835 uid -333
10-25 09:48:43.419  2346  2346 D OplusInfoMonitor: setListenerReport: reportInfo:
10-25 09:48:43.429  3021  3021 I cnss-daemon: nl80211 response handler invoked
10-25 09:48:43.430  3021  3021 I cnss-daemon: nl80211_response_handler: cmd 103, vendorID 4980, subcmd 13  received
10-25 09:48:43.430  1905 21515 I WifiHAL : event received NL80211_CMD_VENDOR, vendor_id = 0x1374, subcmd = 0xd
10-25 09:48:43.450  1881 30206 E vendor.qti.bluetooth@1.1-wake_lock: [wake_lock.cpp:149] Release wake lock not initialized/acquired
10-25 09:48:43.462  2346  2603 D SurfaceFlinger: captureLayers from pid 25835 uid -333
10-25 09:48:43.469  2346  2346 D OplusInfoMonitor: setListenerReport: reportInfo:
10-25 09:48:43.479  1894 17045 I sensors-hal: handle_oplus_wise_rgb_event:182, high_pwm_light: lux 38.0, cct 4871.7, brl/algo/ir 1078.0/2.0/128.7, pwm/dc 1.0/0.0, rgbc 4270.232910/2598.920654/1938.091309/7004.533203, ts 295088436879227, cnt 9728
10-25 09:48:43.500  5241  5677 I TcpSyn  : onIfNameChange: foregroundAppChange
10-25 09:48:43.500  5241  5677 I TcpSyn  : onIfNameChange: foregroundAppChange appUid=[10241]
10-25 09:48:43.500  5241  5677 I TcpSyn  : updateAllUids
10-25 09:48:43.510  2346  2603 D SurfaceFlinger: captureLayers from pid 25835 uid -333
10-25 09:48:43.518  2346  2346 D OplusInfoMonitor: setListenerReport: reportInfo:
10-25 09:48:43.535  1797  1797 I Zygote  : Process 22938 exited due to signal 9 (Killed)
10-25 09:48:43.535  3408  3518 I libprocessgroup: Removed cgroup /sys/fs/cgroup/uid_10335/pid_22938
10-25 09:48:43.544  3408  3500 D OplusWallpaperSurfaceAnimation: resetEnable curState: STARTED
10-25 09:48:43.544  3408  3500 D OplusWallpaperAnimationManager: onAnimationEnd
10-25 09:48:43.544  3408  3500 D OplusWallpaperAnimationManager: setSkipUpdateWallpaperPosition skip: false, wallpaper: Window{e3d776c u0 false com.android.systemui.wallpapers.ImageWallpaper}
10-25 09:48:43.544  3408  3500 D OplusWallpaperSurfaceAnimation: setAnimationState curState: IDLE
10-25 09:48:43.559  2346  2451 D SurfaceFlinger: captureLayers from pid 25835 uid -333
10-25 09:48:43.586 26589 27220 D OplusScrollToTopManager: com.android.launcher/com.android.launcher.Launcher,This com.android.internal.policy.DecorView{773a4d5 V.E...... R....... 0,0-1080,2376 aid=0 alpha=1.0 viewInfo = }[Launcher] change focus to false
10-25 09:48:43.635  2033  6590 D charge_time: type=sdp,reserve_soc=3,soc=87,ui_soc=90,current=-461,avg=113,not_chg_cnt=1,stable_cnt=7,fcc=5348,fcc_ratio=105,delta=0,debug=0,region=12,ttf=7857(02:10:57),ui_ttf=4484(01:14:44)
10-25 09:48:43.647  3408  3518 V GrammaticalInflectionUtils: AttributionSource: android.content.AttributionSource@ed97fd16 does not have READ_SYSTEM_GRAMMATICAL_GENDER permission.
10-25 09:48:43.651  1797  1797 W Zygote  : forkRepeatedly terminated due to non-simple command
10-25 09:48:43.651  1797  1797 D Zygote  : mbuffer starts with 18, nice name is , mEnd = 1407, mNext = 35, mLinesLeft = 16, mFd = 5
10-25 09:48:43.655  1796 25486 E TetherController: property_get sys.radio.data.modem_share_flag return 0, 1!
10-25 09:48:43.655  1797  1797 I Zygote  : Entering forkRepeatedly native zygote loop
10-25 09:48:43.670  3408  3629 D CameraDelegate: handleMessage MSG_MODE_RECOVERY_BRIGHTNESS 10181
10-25 09:48:43.673  1797  1797 D Zygote  : Forked child process 23714
10-25 09:48:43.674  3408  3519 I ActivityManager: Start proc 23714:com.oppo.quicksearchbox/u10a140 for service {com.oppo.quicksearchbox/com.oplus.globalsearch.keepalive.service.KeepAliveService}
10-25 09:48:43.679  1894 17045 I sensors-hal: handle_oplus_wise_rgb_event:182, high_pwm_light: lux 38.5, cct 4853.8, brl/algo/ir 1078.0/2.0/128.0, pwm/dc 1.0/0.0, rgbc 4287.521484/2616.480957/1938.091309/7039.909668, ts 295088636881936, cnt 9729
10-25 09:48:43.679  1894 17065 I sensors-hal: handle_oplus_wise_rgb_event:157, wise_rgb: (9729)(cct, lux, ir)[4853.76, 38.46, 127.997665] (r, g, b, c)[4287.52, 2616.48, 1938.09, 7039.91] (pwm, hbm, brl, algo)[1.0 0.0 1078.0 2.0]
10-25 09:48:43.687 23714 23714 E .quicksearchbox: Unknown bits set in runtime_flags: 0x40000000
10-25 09:48:43.687 23714 23714 I .quicksearchbox: Using CollectorTypeCMC GC.
10-25 09:48:43.690 23714 23714 E .quicksearchbox: Not starting debugger since process cannot load the jdwp agent.
10-25 09:48:43.693 23714 23714 D nativeloader: Load libframework-connectivity-tiramisu-jni.so using APEX ns com_android_tethering for caller /apex/com.android.tethering/javalib/framework-connectivity-t.jar: ok
10-25 09:48:43.696 23714 23714 D OplusActivityThreadExtImpl: java.lang.NoSuchMethodException: dalvik.system.VMRuntime.SupressionGC [int, int]
10-25 09:48:43.696 23714 23714 W libc    : Access denied finding property "persist.vendor.sys.activitylog"
10-25 09:48:43.696 23714 23714 I OneTrace: Mark active for pid=23714? true
10-25 09:48:43.696 23714 23714 D cutils-dev: otrace_set_tracing_enabled? true tag:0
10-25 09:48:43.697 23714 23714 D cutils-dev: properties changed in otrace_seq_number_changed!
10-25 09:48:43.700  3408  4986 D SplitScreenAppReader: SPLIT_TOUCH support check:com.oppo.quicksearchbox = false
10-25 09:48:43.700  3408  4986 D ActivityTaskManagerServiceExtImpl: preBindApplication record is null
10-25 09:48:43.700  3408  4986 D RGBNormalizeServer: OplusRGBNormalize feature enabled ? false
10-25 09:48:43.700  3408  4986 D ResourcesManagerCache: For package com.oppo.quicksearchbox we got cacheList [null] appInfoExt is null ? false hasFeature ? false
10-25 09:48:43.700  3408  4986 D VRR [OPlusExternalRefreshRateManager]: isPkgTfcEnable: pkgName = com.oppo.quicksearchbox, enable = false
10-25 09:48:43.700  3408  4986 D VRR [OPlusExternalRefreshRateManager]: getTfcMinFramerate: pkgName = com.oppo.quicksearchbox, min framerate = 0
10-25 09:48:43.707  3408  6181 I OGuardManager_ModuleUsageUpdateHelper: do not get uid: 1010140 pkgName is null.
10-25 09:48:43.710 23714 23714 D OplusActivityManager: get AMS extension: android.os.BinderProxy@3cfce93
10-25 09:48:43.712 23714 23723 D OplusAppHeapManager: java.lang.NoSuchMethodException: dalvik.system.VMRuntime.updateProcessValue [int, int, int]
10-25 09:48:43.713 23714 23714 D callGcSupression: java.lang.NullPointerException: Attempt to invoke virtual method 'java.lang.Object java.lang.reflect.Method.invoke(java.lang.Object, java.lang.Object[])' on a null object reference
10-25 09:48:43.714 23714 23714 D CompactWindowAppManager: initCompactApplicationInfo CompactMode: , NormalMode: 
10-25 09:48:43.718 23714 23714 D OplusScrollToTopManager: setIsInWhiteList false
10-25 09:48:43.719 23714 23714 D OplusViewDebugManager: OplusViewDebugManager Constructor android.view.debug.OplusViewDebugManager@26c29ce [mHasViewDebugProperty true] [mHasMsgDebugProperty false] [DEBUG false] [EXTRAINFOENABLE false] [LIGHT_OS false]
10-25 09:48:43.731 23714 23714 W libc    : Access denied finding property "ro.odm.prev.product.name"
10-25 09:48:43.734 23714 23714 D ApplicationLoaders: Returning zygote-cached class loader: /system_ext/framework/androidx.window.extensions.jar
10-25 09:48:43.734 23714 23714 D ApplicationLoaders: Returning zygote-cached class loader: /system_ext/framework/androidx.window.sidecar.jar
10-25 09:48:43.766  2033  2275 D vendor.oplus.hardware.charger-V6-service: ret_value:115, read content:,334,348,4293,4291,-118,87,90,1,1,0,450,4996,90,1,4470,600,500,0,7,4000,5,0,1,0,2,0,0,0,1,5729,100,0,0,0,0,0,0,105
10-25 09:48:43.766  2033  2275 D vendor.oplus.hardware.charger-V6-service: gmtime: 2025-10-25-09-48-43
10-25 09:48:43.768  2033  2275 D vendor.oplus.hardware.charger-V6-service: usb_online:1, ac_online:-2147483648, wireless_online:-2147483648
10-25 09:48:43.777 23714 23714 D nativeloader: Configuring clns-7 for other apk /data/app/~~Ub64IVhiIa7DNXMiLkKePQ==/com.oppo.quicksearchbox-9_TxcvTht-z1msihtohzmA==/base.apk. target_sdk_version=36, uses_libraries=, library_path=/data/app/~~Ub64IVhiIa7DNXMiLkKePQ==/com.oppo.quicksearchbox-9_TxcvTht-z1msihtohzmA==/lib/arm64:/data/app/~~Ub64IVhiIa7DNXMiLkKePQ==/com.oppo.quicksearchbox-9_TxcvTht-z1msihtohzmA==/base.apk!/lib/arm64-v8a, permitted_path=/data:/mnt/expand:/data/user/10/com.oppo.quicksearchbox
10-25 09:48:43.815 23714 23714 V GraphicsEnvironment: Currently set values for:
10-25 09:48:43.816 23714 23714 V GraphicsEnvironment:   angle_gl_driver_selection_pkgs=[]
10-25 09:48:43.816 23714 23714 V GraphicsEnvironment:   angle_gl_driver_selection_values=[]
10-25 09:48:43.816 23714 23714 V GraphicsEnvironment: Global.Settings values are invalid: number of packages: 0, number of values: 0
10-25 09:48:43.824 23714 23714 D ResourcesManagerExtImpl: applyConfigurationToAppResourcesLocked app.getDisplayId() return callback.displayId:-1
10-25 09:48:43.865  1797  1797 W Zygote  : forkRepeatedly terminated due to non-simple command
10-25 09:48:43.865  1797  1797 D Zygote  : mbuffer starts with 17, nice name is , mEnd = 1395, mNext = 35, mLinesLeft = 15, mFd = 5
10-25 09:48:43.871  1797  1797 I Zygote  : Entering forkRepeatedly native zygote loop
10-25 09:48:43.875 18993 18993 D BoundBrokerSvc: onUnbind: Intent { act=com.google.android.gms.common.BIND_SHARED_PREFS pkg=com.google.android.gms mCallingUid=10124 }
10-25 09:48:43.878 23714 23714 D OplusGraphicsEvent: OplusGraphicsEventListener create now!
10-25 09:48:43.879  1894 17045 I sensors-hal: handle_oplus_wise_rgb_event:182, high_pwm_light: lux 38.3, cct 4819.9, brl/algo/ir 1078.0/2.0/129.2, pwm/dc 1.0/0.0, rgbc 4304.810059/2616.480957/1938.091309/7039.909668, ts 295088836879175, cnt 9730
10-25 09:48:43.881 23714 23714 D OplusGraphicsEvent: addEventListener success!
10-25 09:48:43.886  1797  1797 D Zygote  : Forked child process 23737
10-25 09:48:43.886 23714 23714 D WM-WrkMgrInitializer: Initializing WorkManager with default configuration.
10-25 09:48:43.887  3408  3519 I ActivityManager: Start proc 23737:com.google.android.gms/u10a124 for service {com.google.android.gms/com.google.android.gms.ads.identifier.service.AdvertisingIdService}
10-25 09:48:43.891  3408  4621 W PackageManager: package com.oppo.quicksearchbox uid 1010140 pid 23714 call SetEnabledSetting(com.oppo.quicksearchbox component = androidx.work.impl.background.systemjob.SystemJobService, 1, 10)
10-25 09:48:43.894 23737 23737 E gle.android.gms: Unknown bits set in runtime_flags: 0x40000000
10-25 09:48:43.894 23737 23737 I gle.android.gms: Using CollectorTypeCMC GC.
10-25 09:48:43.895 23714 23714 D PermissionUtils: isPermissionGranted ,Requested package pass :com.oppo.quicksearchbox
10-25 09:48:43.896 23737 23737 E gle.android.gms: Not starting debugger since process cannot load the jdwp agent.
10-25 09:48:43.898 23737 23737 D nativeloader: Load libframework-connectivity-tiramisu-jni.so using APEX ns com_android_tethering for caller /apex/com.android.tethering/javalib/framework-connectivity-t.jar: ok
10-25 09:48:43.901 23737 23737 D OplusActivityThreadExtImpl: java.lang.NoSuchMethodException: dalvik.system.VMRuntime.SupressionGC [int, int]
10-25 09:48:43.902 23737 23737 W libc    : Access denied finding property "persist.vendor.sys.activitylog"
10-25 09:48:43.902 23737 23737 I OneTrace: Mark active for pid=23737? true
10-25 09:48:43.902 23737 23737 D cutils-dev: otrace_set_tracing_enabled? true tag:0
10-25 09:48:43.903 23737 23737 D cutils-dev: properties changed in otrace_seq_number_changed!
10-25 09:48:43.906  3408  4986 D SplitScreenAppReader: SPLIT_TOUCH support check:com.google.android.gms = false
10-25 09:48:43.906  3408  4986 D ActivityTaskManagerServiceExtImpl: preBindApplication record is null
10-25 09:48:43.906  3408  4986 D RGBNormalizeServer: OplusRGBNormalize feature enabled ? false
10-25 09:48:43.906  3408  4986 D ResourcesManagerCache: For package com.google.android.gms we got cacheList [null] appInfoExt is null ? false hasFeature ? false
10-25 09:48:43.906  3408  4986 D VRR [OPlusExternalRefreshRateManager]: isPkgTfcEnable: pkgName = com.google.android.gms, enable = false
10-25 09:48:43.906  3408  4986 D VRR [OPlusExternalRefreshRateManager]: getTfcMinFramerate: pkgName = com.google.android.gms, min framerate = 0
10-25 09:48:43.915 23737 23737 D OplusActivityManager: get AMS extension: android.os.BinderProxy@3cfce93
10-25 09:48:43.918  2033  2277 D BatteryChargeControl: bcc get no support from charging protocol
10-25 09:48:43.919 23737 23747 D OplusAppHeapManager: java.lang.NoSuchMethodException: dalvik.system.VMRuntime.updateProcessValue [int, int, int]
10-25 09:48:43.922 23737 23737 D callGcSupression: java.lang.NullPointerException: Attempt to invoke virtual method 'java.lang.Object java.lang.reflect.Method.invoke(java.lang.Object, java.lang.Object[])' on a null object reference
10-25 09:48:43.924 23579 23699 I cn_CronetUrlRequestContext: destroyNativeStreamLocked org.chromium.net.impl.CronetBidirectionalStream@2305737
10-25 09:48:43.925 23737 23747 W OplusExSystemServiceHelper: checkOplusExSystemService intent getComponent is null
10-25 09:48:43.927 23737 23737 D CompactWindowAppManager: initCompactApplicationInfo CompactMode: , NormalMode: 
10-25 09:48:43.933 23737 23737 D OplusScrollToTopManager: setIsInWhiteList false
10-25 09:48:43.935 23737 23737 D OplusViewDebugManager: OplusViewDebugManager Constructor android.view.debug.OplusViewDebugManager@26c29ce [mHasViewDebugProperty true] [mHasMsgDebugProperty false] [DEBUG false] [EXTRAINFOENABLE false] [LIGHT_OS false]
10-25 09:48:43.943 23714 23714 D PermissionUtils: isPermissionGranted ,Requested package pass :com.oppo.quicksearchbox
10-25 09:48:43.944 23714 23714 D PermissionUtils: isPermissionGranted ,Requested package pass :com.oppo.quicksearchbox
10-25 09:48:43.947 23737 23737 W libc    : Access denied finding property "ro.odm.prev.product.name"
10-25 09:48:43.951 23737 23737 E OplusCustomizePackageManager: mIOplusCustomizePackageManagerService is null
10-25 09:48:43.951 23737 23737 E OplusCustomizePackageManager: mIOplusCustomizePackageManagerService is null
10-25 09:48:43.953 23737 23737 E OplusCustomizePackageManager: isOplusCertificatePackage Errorjava.lang.NullPointerException: Attempt to invoke interface method 'boolean android.os.customize.IOplusCustomizePackageManagerService.isOplusCertificatePackage(java.lang.String)' on a null object reference
10-25 09:48:43.954 23737 23737 D ApplicationLoaders: Returning zygote-cached class loader: /system/framework/org.apache.http.legacy.jar
10-25 09:48:43.957 23714 23714 I MMKV    : Disable checkProcessMode()
10-25 09:48:43.961 23737 23737 D nativeloader: Configuring clns-7 for other apk /system/framework/com.android.media.remotedisplay.jar. target_sdk_version=36, uses_libraries=ALL, library_path=/data/app/~~j9KZie2JKRrwpj336-5kdw==/com.google.android.gms-1oW4R8JIRj8KHC4AV6-MGA==/lib/arm64:/data/app/~~j9KZie2JKRrwpj336-5kdw==/com.google.android.gms-1oW4R8JIRj8KHC4AV6-MGA==/base.apk!/lib/arm64-v8a, permitted_path=/data:/mnt/expand:/data/user/10/com.google.android.gms
10-25 09:48:43.961 23737 23737 D nativeloader: Extending system_exposed_libraries: libbinauralrenderer_wrapper.qti.so:libhoaeffects.qti.so:libSloganJni.oplus.so:libsuperNight.oplus.so:libAPSClient-cmd-jni-extension.oplus.so:libsatellite_audio_jni.oplus.so:libortc_so.oplus.so:libsoundtouch.oplus.so:libsoundtouch_jni.oplus.so:libOplusStringJNI-extension.oplus.so:libsatellite_ostx_jni.oplus.so:libapssuspend-jni.oplus.so:libupdateprof.qti.so:libthermalclient.qti.so:libqape.qti.so:libqesdk_ndk_platform.qti.so:liblistenjni.qti.so
10-25 09:48:43.966 23737 23737 D nativeloader: Configuring clns-8 for other apk /system/framework/com.android.location.provider.jar. target_sdk_version=36, uses_libraries=ALL, library_path=/data/app/~~j9KZie2JKRrwpj336-5kdw==/com.google.android.gms-1oW4R8JIRj8KHC4AV6-MGA==/lib/arm64:/data/app/~~j9KZie2JKRrwpj336-5kdw==/com.google.android.gms-1oW4R8JIRj8KHC4AV6-MGA==/base.apk!/lib/arm64-v8a, permitted_path=/data:/mnt/expand:/data/user/10/com.google.android.gms
10-25 09:48:43.966 23737 23737 D nativeloader: Extending system_exposed_libraries: libbinauralrenderer_wrapper.qti.so:libhoaeffects.qti.so:libSloganJni.oplus.so:libsuperNight.oplus.so:libAPSClient-cmd-jni-extension.oplus.so:libsatellite_audio_jni.oplus.so:libortc_so.oplus.so:libsoundtouch.oplus.so:libsoundtouch_jni.oplus.so:libOplusStringJNI-extension.oplus.so:libsatellite_ostx_jni.oplus.so:libapssuspend-jni.oplus.so:libupdateprof.qti.so:libthermalclient.qti.so:libqape.qti.so:libqesdk_ndk_platform.qti.so:liblistenjni.qti.so
10-25 09:48:43.968 23737 23737 D ApplicationLoaders: Returning zygote-cached class loader: /system_ext/framework/androidx.window.extensions.jar
10-25 09:48:43.968 23737 23737 D ApplicationLoaders: Returning zygote-cached class loader: /system_ext/framework/androidx.window.sidecar.jar
10-25 09:48:43.972  5241  5676 D ScenceManager: onFrontActivityChanged enable:0
10-25 09:48:43.977  5362  5362 D RadioMessenger: handleMessage Request msgid 2290
10-25 09:48:43.977  5362  5362 D RadioProxyJ: [PHONE0][21943]> sendSceneMode,scene:7,mode:0
10-25 09:48:43.978  5241  5677 D CommonApp-178-10390: DefaultState EVENT_SCENARIOS_CHANGE
10-25 09:48:43.978  5241  5677 D CommonApp-178-10390: scene=COMMON pn=com.whereu.whereu
10-25 09:48:43.978 23714 23714 D nativeloader: Load /data/app/~~Ub64IVhiIa7DNXMiLkKePQ==/com.oppo.quicksearchbox-9_TxcvTht-z1msihtohzmA==/base.apk!/lib/arm64-v8a/libmmkv.so using class loader ns clns-7 (caller=/data/app/~~Ub64IVhiIa7DNXMiLkKePQ==/com.oppo.quicksearchbox-9_TxcvTht-z1msihtohzmA==/base.apk): ok
10-25 09:48:43.978  3273  3295 D QmiVsClient: setSceneMode - enter,state 7,mode 0
10-25 09:48:43.978 23714 23714 I MMKV    : current API level = 35, libc++_shared=0
10-25 09:48:43.978 23714 23714 I MMKV    : <MMKV.cpp:166::initialize> version v1.3.9, page size 4096, arch arm64-v8a
10-25 09:48:43.978 23714 23714 I MMKV    : <MMKV.cpp:177::initialize> armv8 AES instructions is supported
10-25 09:48:43.978 23714 23714 I MMKV    : <MMKV.cpp:185::initialize> armv8 CRC32 instructions is supported
10-25 09:48:43.979 23714 23714 I MMKV    : <MMKV.cpp:225::initializeMMKV> root dir: /data/user/10/com.oppo.quicksearchbox/files/mmkv
10-25 09:48:43.980  3273  3736 D QmiVsClient: setSceneMode cb - enter
10-25 09:48:43.980  3273  3295 D VsProxy : handleMessage msg is 4001
10-25 09:48:43.980  3273  3295 D RadioProxy: setSceneMode : response cb for instance 0
10-25 09:48:43.980  5362  6809 D RadioProxyJ: [PHONE0][21943]< sendSceneModeResponse 
10-25 09:48:43.981  5362  5362 D MessengerResponseHandler: handleMessage Response msgid 269
10-25 09:48:43.981  5241  5678 D ScenceManager: recvSetScenceInd :0
10-25 09:48:43.982 23714 23714 I MMKV    : <MemoryFile.cpp:98::open> open fd[0x8a], /data/user/10/com.oppo.quicksearchbox/files/mmkv/GlobalSearch
10-25 09:48:43.982 23714 23714 I MMKV    : <MemoryFile.cpp:203::mmap> mmap to address [0x76fc0dc000], oldPtr [0x0], [/data/user/10/com.oppo.quicksearchbox/files/mmkv/GlobalSearch]
10-25 09:48:43.982 23714 23714 I MMKV    : <MemoryFile.cpp:98::open> open fd[0x8b], /data/user/10/com.oppo.quicksearchbox/files/mmkv/GlobalSearch.crc
10-25 09:48:43.983 23714 23714 I MMKV    : <MemoryFile.cpp:203::mmap> mmap to address [0x76fc0db000], oldPtr [0x0], [/data/user/10/com.oppo.quicksearchbox/files/mmkv/GlobalSearch.crc]
10-25 09:48:43.991 23714 23714 I MMKV    : <MMKV_IO.cpp:214::loadMetaInfoAndCheck> meta file [GlobalSearch] has flag [0]
10-25 09:48:43.991 23714 23752 I MMKV    : <MemoryFile.cpp:98::open> open fd[0x95], /data/user/10/com.oppo.quicksearchbox/files/mmkv/dcc_prefs
10-25 09:48:43.992 23714 23752 I MMKV    : <MemoryFile.cpp:203::mmap> mmap to address [0x76fb9aa000], oldPtr [0x0], [/data/user/10/com.oppo.quicksearchbox/files/mmkv/dcc_prefs]
10-25 09:48:43.992 23714 23714 I MMKV    : <MMKV_IO.cpp:84::loadFromFile> loading [GlobalSearch] with 3765 actual size, file size 4096, InterProcess 0, meta info version:4
10-25 09:48:43.992 23714 23714 I MMKV    : <MMKV_IO.cpp:89::loadFromFile> loading [GlobalSearch] with crc 1582284169 sequence 101 version 4
10-25 09:48:43.993 23714 23714 I MMKV    : <MMKV_IO.cpp:133::loadFromFile> loaded [GlobalSearch] with 16 key-values
10-25 09:48:43.994 23714 23752 I MMKV    : <MemoryFile.cpp:98::open> open fd[0x96], /data/user/10/com.oppo.quicksearchbox/files/mmkv/dcc_prefs.crc
10-25 09:48:43.994 23714 23752 I MMKV    : <MemoryFile.cpp:203::mmap> mmap to address [0x76fb9a9000], oldPtr [0x0], [/data/user/10/com.oppo.quicksearchbox/files/mmkv/dcc_prefs.crc]
10-25 09:48:43.996 23714 23714 I MMKV    : <MMKV.cpp:1174::sync> MMKV::sync, SyncFlag = 1
10-25 09:48:43.997 23714 23714 I MMKV    : <MMKV.cpp:1174::sync> MMKV::sync, SyncFlag = 1
10-25 09:48:43.998 23714 23714 I MMKV    : <MMKV.cpp:1174::sync> MMKV::sync, SyncFlag = 1
10-25 09:48:43.999 23714 23752 I MMKV    : <MMKV_IO.cpp:214::loadMetaInfoAndCheck> meta file [dcc_prefs] has flag [0]
10-25 09:48:43.999 23714 23752 I MMKV    : <MMKV_IO.cpp:84::loadFromFile> loading [dcc_prefs] with 3849 actual size, file size 4096, InterProcess 0, meta info version:4
10-25 09:48:44.000 23714 23752 I MMKV    : <MMKV_IO.cpp:89::loadFromFile> loading [dcc_prefs] with crc 2095015494 sequence 79 version 4
10-25 09:48:44.000 23714 23752 I MMKV    : <MMKV_IO.cpp:133::loadFromFile> loaded [dcc_prefs] with 13 key-values
10-25 09:48:44.004 23714 23714 I CdoRouter: [ServiceLoader] init class invoked: com.heytap.cdo.component.generated.ServiceLoaderInit ,method: init
10-25 09:48:44.005 23714 23714 I CdoRouter: [ServiceLoader] init feature class invoked: no exist: com.heytap.cdo.component.generated.FeatureServiceLoaderInit ,method: init
10-25 09:48:44.005 23714 23714 I CdoRouter: ServiceLoader init cost 2 ms
10-25 09:48:44.005 23714 23714 I CdoRouter: [ProviderPool] >>> find provider with reflection: class eg.gdc
10-25 09:48:44.006 23714 23714 I CdoRouter: [ServiceLoader] [SingletonPool] >>> create instance: class eg.gdc, result = eg.gdc@b3851e4, initializer = com.heytap.cdo.component.service.InitializerLoader$EmptyInitializer@a46864d 
10-25 09:48:44.006 23737 23737 D nativeloader: Configuring clns-9 for other apk /data/app/~~j9KZie2JKRrwpj336-5kdw==/com.google.android.gms-1oW4R8JIRj8KHC4AV6-MGA==/base.apk. target_sdk_version=36, uses_libraries=, library_path=/data/app/~~j9KZie2JKRrwpj336-5kdw==/com.google.android.gms-1oW4R8JIRj8KHC4AV6-MGA==/lib/arm64:/data/app/~~j9KZie2JKRrwpj336-5kdw==/com.google.android.gms-1oW4R8JIRj8KHC4AV6-MGA==/base.apk!/lib/arm64-v8a, permitted_path=/data:/mnt/expand:/data/user/10/com.google.android.gms
10-25 09:48:44.010 23714 23757 I CdoRouter: [ProviderPool] >>> find provider with reflection: class kb.gdc
10-25 09:48:44.011 23714 23757 I CdoRouter: [ServiceLoader] [SingletonPool] >>> create instance: class kb.gdc, result = kb.gdc@bab3f4e, initializer = com.heytap.cdo.component.service.InitializerLoader$EmptyInitializer@a46864d 
10-25 09:48:44.019 23714 23757 I RemoteConfig: RemoteConfig init
