10-25 09:48:42.533 23561 23571 D cutils-dev: properties changed in otrace_seq_number_changed!
10-25 09:48:42.533  2346  2451 I SurfaceFlinger: [SF client] NEW(0xb400007768f042d0) for (3408:system_server)
10-25 09:48:42.534 27263 27263 I GoogleInputMethodService: GoogleInputMethodService.onFinishInput():2086 
10-25 09:48:42.535  3408  8174 D WindowManager: setFrameRateStart invalid typeId return!
10-25 09:48:42.535 27263 27263 I Module  : DeviceLockedStatusModuleProvider$Module.updateDeviceLockedStatus():103 repeatCheckTimes = 0, locked = false
10-25 09:48:42.535  3408  5648 I Athena  : MemoryGuardAction: [FINISH] clear_type: 392[4010], available memory:1688MB, reclaimMem:-41MB, fast:false, 77ms, [available{1729, 2200, 19, 900, 99, 1729, true}]
10-25 09:48:42.535 27263 27263 I GoogleInputMethodService: GoogleInputMethodService.onStartInput():1347 onStartInput(EditorInfo{EditorInfo{packageName=com.android.launcher, inputType=0, inputTypeString=NULL, enableLearning=false, autoCorrection=false, autoComplete=false, imeOptions=0, privateImeOptions=null, actionName=UNSPECIFIED, actionLabel=null, initialSelStart=-1, initialSelEnd=-1, initialCapsMode=0, label=null, fieldId=0, fieldName=null, extras=Bundle[{com.oplus.im.WINDOW_MODE=1, com.oplus.im.SCENES=0}], hintText=null, hintLocales=[]}}, false)
10-25 09:48:42.536 27263 27263 I Module  : DeviceLockedStatusModuleProvider$Module.updateDeviceLockedStatus():103 repeatCheckTimes = 1, locked = false
10-25 09:48:42.536  3408  5493 D OplusWallpaperAnimationManager: cancelSurfaceAnimation reason: play_animation, isAnimating: false, by window: Window{5955dfd u0 com.android.launcher/com.android.launcher.Launcher}
10-25 09:48:42.536  3408  5493 D OplusWallpaperAnimationManager: startScaleAnimation frame: Rect(0, 0 - 1081, 2376) parentFrame: Rect(0, 0 - 1080, 2376) from: 1.2 to: 1.0 duration: 1000 mTargetZoom: -1.0 targetZoom: -1.0 by window: Window{5955dfd u0 com.android.launcher/com.android.launcher.Launcher}
10-25 09:48:42.538  3408  3500 D OplusWallpaperSurfaceAnimation: setAnimationState curState: INITIALIZED
10-25 09:48:42.538  3408  3496 D WindowManager: Add to mViews: com.android.internal.policy.DecorView{ef3f233 V.E...... R.....I. 0,0-0,0 alpha=1.0 viewInfo = }[whereu],pkg= null
10-25 09:48:42.538  3408  3500 D OplusWallpaperAnimationManager: onAnimationStart
10-25 09:48:42.538  3408  3500 D OplusWallpaperAnimationManager: setSkipUpdateWallpaperPosition skip: true, wallpaper: Window{e3d776c u0 false com.android.systemui.wallpapers.ImageWallpaper}
10-25 09:48:42.538  3408  3500 D OplusWallpaperSurfaceAnimation: setAnimationState curState: STARTED
10-25 09:48:42.538  3408  4473 W PackageConfigPersister: App-specific configuration not found for packageName: com.android.launcher and userId: 0
10-25 09:48:42.538  3408  4721 D skia    : setRusSupported enable 0
10-25 09:48:42.542  3408  3496 D WindowManager: NFW_findFocusedWindowIfNeeded:Window{cfca51c u0 Application Error: com.whereu.whereu} mCurrentFocus:Window{5955dfd u0 com.android.launcher/com.android.launcher.Launcher}
10-25 09:48:42.543  3408  3496 V WindowManager: Changing focus from Window{5955dfd u0 com.android.launcher/com.android.launcher.Launcher} to Window{cfca51c u0 Application Error: com.whereu.whereu},diplayid=0
10-25 09:48:42.543  2346  2346 D OplusInfoMonitor: setListenerReport: reportInfo:
10-25 09:48:42.543  2346  2346 I DispPerfService: updateLayerMask 9
10-25 09:48:42.543  3408  3496 D WindowManager: setFrameRateStart invalid typeId return!
10-25 09:48:42.544  3408  3496 D WindowManager: setFrameRateStart invalid typeId return!
10-25 09:48:42.544  2346  2603 D SurfaceFlinger: captureLayers from pid 25835 uid -335
10-25 09:48:42.544  3408  3496 D Theia.NoFocusWindow: FocusWindowErrorScene cancelCheckFreezeScreen
10-25 09:48:42.544  3408  3496 W TheiaWindowMonitor: [check] focusedWindow is null or enable is false
10-25 09:48:42.544  3408  3496 I WindowManager: addWindow: New client android.view.OplusViewRootImplHooks$ColorW@fe31b69 : window=Window{cfca51c u0 Application Error: com.whereu.whereu}
10-25 09:48:42.545  3408  3509 W UserAwareMgr: can not find match thread: RecentTasksList for process com.android.launcher
10-25 09:48:42.545 26589 27173 I SystemUiProxy: SystemUiProxy#getRecentTasks isInGoRecentsAnim: false
10-25 09:48:42.547  3408  5077 D ActivityTaskManager: Skipping, invisible task: Task{2ddd2ba #5 type=home I=com.android.launcher/.Launcher}
10-25 09:48:42.547  3408  3496 D ViewRootImplExtImpl: onDisplayChanged -1 for VRI android.view.ViewRootImpl@aae7bb4
10-25 09:48:42.547  3408  5077 D ActivityTaskManager: pre-Filtered:com.whereu.whereu # com.google.android.dialer # com.whatsapp # com.google.android.apps.nbu.paisa.user # com.oppo.quicksearchbox # 
10-25 09:48:42.547  3408  5077 D ActivityTaskManager: after skip size 5
10-25 09:48:42.548  3408  4987 D SplitScreenAppReader: SPLIT_TOUCH support check:com.oneplus.deskclock = false
10-25 09:48:42.548  3408  4987 D ActivityTaskManagerServiceExtImpl: preBindApplication record is null
10-25 09:48:42.548  3408  4987 D RGBNormalizeServer: OplusRGBNormalize feature enabled ? false
10-25 09:48:42.548  3408  4987 D ResourcesManagerCache: For package com.oneplus.deskclock we got cacheList [null] appInfoExt is null ? false hasFeature ? false
10-25 09:48:42.548  3408  4987 D VRR [OPlusExternalRefreshRateManager]: isPkgTfcEnable: pkgName = com.oneplus.deskclock, enable = false
10-25 09:48:42.548  3408  4987 D VRR [OPlusExternalRefreshRateManager]: getTfcMinFramerate: pkgName = com.oneplus.deskclock, min framerate = 0
10-25 09:48:42.550  3408  3496 D OplusVFXScreenEffectFeature: notifySFCompatWindowStateChange entered false
10-25 09:48:42.550  3408  3496 D FSS_FoldScreenBlackCoverController: displayChangeToOn, dc:Display{#0 state=ON size=1080x2376 ROTATION_0}
10-25 09:48:42.550  2346  6042 D [PREVIEW]: SF obtain preview_adapter: 0
10-25 09:48:42.550  2346  6042 D [PREVIEW]: TabletPreviewAdapter::parallel world 0
10-25 09:48:42.551  4814  4814 I SystemUi--Statusbar: DisplayRepository-->combining enabled=[0], connectedExternalDisplayIds=[], ignored=[]
10-25 09:48:42.552  3408  3664 D VRR [OPlusRefreshRateService]: handleConfigIdChange physicalDisplayId: 4630946607878435459 configId: 0 renderPeriod: 8333333
10-25 09:48:42.553  3408  3664 D VRR [OPlusSAManager]: updateModeChange old modeId [ 1 ] -> new modeId [ 0 ] mCurPolicy: 1
10-25 09:48:42.553  3408  3664 D VRR [OPlusSAManager]: updateSAScene active modeId: 0
10-25 09:48:42.553  3408  3664 D VRR [OPlusSAManager]: updateSAScene current policy: 1 active modeId: 0 scene: VRR_90_120
10-25 09:48:42.553 30061 30061 D callGcSupression: java.lang.NullPointerException: Attempt to invoke virtual method 'java.lang.Object java.lang.reflect.Method.invoke(java.lang.Object, java.lang.Object[])' on a null object reference
10-25 09:48:42.553  3408  3664 D VRR [OPlusOAManager]: Not OA business! new modeId: [0] active modeId: [1]
10-25 09:48:42.553  3408  3664 D VRR [OPlusGameStatusManager]: updateGameState mOSyncFeatureSwitch: false mIsGamePolicy: false
10-25 09:48:42.553  3408  3664 D VRR [OPlusGameStatusManager]: setLTMStatus false curPkgName: com.whereu.whereu curr status: false HeartStop: false HeartStopFromTGPA: false ActiveFPS: 120.00001
10-25 09:48:42.553  3408  3664 D VRR [OPlusGameStatusManager]: updateGameAccelerationStatus pkgName: com.whereu.whereu mOSyncFeatureSwitch: false mIsGamePolicy: false mHeartStop: false mHasFlickerRisk: false mForceAcceleration: false mToastReady: false enable: false
10-25 09:48:42.553  3408  3664 D VRR [OPlusGameStatusManager]: updateToastStatus enableAcceleration: false toastReady: false isGamePolicy: false desiredModeId: 0
10-25 09:48:42.553  3408  3664 D VRR [OPlusGameStatusManager]: updateToastStatus enableAcceleration: false toastReady: false isGamePolicy: false desiredModeId: 0
10-25 09:48:42.553  3408  3664 D VRR [OPlusExternalRefreshRateManager]:  updateRenderPeriodChange configId:0 current refresh rate:120.00001
10-25 09:48:42.553 30061 30061 W VRI[Launcher]: handleResized abandoned!
10-25 09:48:42.553 26589 26589 D callGcSupression: java.lang.NullPointerException: Attempt to invoke virtual method 'java.lang.Object java.lang.reflect.Method.invoke(java.lang.Object, java.lang.Object[])' on a null object reference
10-25 09:48:42.553 27271 27271 D callGcSupression: java.lang.NullPointerException: Attempt to invoke virtual method 'java.lang.Object java.lang.reflect.Method.invoke(java.lang.Object, java.lang.Object[])' on a null object reference
10-25 09:48:42.553 26589 26589 W VRI[Launcher]: handleResized abandoned!
10-25 09:48:42.554 27271 27271 W VRI[OplusOSEdgeFloatBar]: handleResized abandoned!
10-25 09:48:42.554  4814  4814 D callGcSupression: java.lang.NullPointerException: Attempt to invoke virtual method 'java.lang.Object java.lang.reflect.Method.invoke(java.lang.Object, java.lang.Object[])' on a null object reference
10-25 09:48:42.554  4814  4814 D WallpaperServiceExtImpl: Block update resized of Surface(name=com.android.systemui.wallpapers.ImageWallpaper)/@0x8cd43dc
10-25 09:48:42.554  4814  4814 W VRI[StatusBar]: handleResized abandoned!
10-25 09:48:42.554  4814  4814 W VRI[NavigationBar_displayId_0]: handleResized abandoned!
10-25 09:48:42.555  4814  5113 W VRI[ScreenDecorOverlay]: handleResized abandoned!
10-25 09:48:42.555  4814  5113 W VRI[ScreenDecorOverlayBottom]: handleResized abandoned!
10-25 09:48:42.556  3408  3664 D VRR [OPlusSurfaceFlingerController]:  setDirectorOtiHwConfig : false
10-25 09:48:42.556  2346  2593 D VRR [OTI-HW]: isStateReady 0
10-25 09:48:42.556  2346  2593 D VRR [OTI-HW]: keep rate.
10-25 09:48:42.556  2346  2346 D OplusInfoMonitor: setListenerReport: reportInfo:
10-25 09:48:42.557  3408  3496 E OplusBracketLog: [OplusViewMirrorManager] updateHostViewRootIfNeeded, not support android.view.ViewRootImpl@aae7bb4
10-25 09:48:42.558  3408  3496 D CoreBackPreview: Window{cfca51c u0 Application Error: com.whereu.whereu}: Setting back callback OnBackInvokedCallbackInfo{mCallback=android.window.WindowOnBackInvokedDispatcher$OnBackInvokedCallbackWrapper@d56c2aa, mPriority=0, mIsAnimationCallback=false}
10-25 09:48:42.558  3408  3496 V WindowManager: Relayout Window{cfca51c u0 Application Error: com.whereu.whereu}: viewVisibility=0, oldvis=0, req=1080x627, vsysui=, x=0, y=0
10-25 09:48:42.559  3408  3496 I WindowManager: Window{cfca51c u0 Application Error: com.whereu.whereu} state from NO_SURFACE to DRAW_PENDING; reason: resetDrawState
10-25 09:48:42.559  2346  6042 D OplusLayer: setProcInfo (81327,Application Error: com.whereu.whereu#81327,system_server,0x6B7B3E53)
10-25 09:48:42.561  3408  8174 I ActivityManager: Death received, pid = 21999, processName = com.oplus.onetrace for thread android.os.BinderProxy@1203238
10-25 09:48:42.561 25572 27656 D ClientMessengerHelper: Client is died! Clear : com.oplus.onetrace
10-25 09:48:42.561 25572 27656 D ClientMessengerHelper: Client is died! Clear : com.oplus.onetrace
10-25 09:48:42.561 23561 23574 D OplusAppHeapManager: java.lang.NoSuchMethodException: dalvik.system.VMRuntime.updateProcessValue [int, int, int]
10-25 09:48:42.561  3408  5647 I libprocessgroup: Removed cgroup /sys/fs/cgroup/uid_1000/pid_21999
10-25 09:48:42.561  3408  3408 D callGcSupression: java.lang.NullPointerException: Attempt to invoke virtual method 'java.lang.Object java.lang.reflect.Method.invoke(java.lang.Object, java.lang.Object[])' on a null object reference
10-25 09:48:42.562  1797  1797 I Zygote  : Process 21999 exited due to signal 9 (Killed)
10-25 09:48:42.563  3408  3496 D WindowManager: NFW_findFocusedWindowIfNeeded:Window{cfca51c u0 Application Error: com.whereu.whereu} mCurrentFocus:Window{cfca51c u0 Application Error: com.whereu.whereu}
10-25 09:48:42.565  3408  3499 D SurfaceComposerClient: Transaction::apply InputWindowCommands.focusRequests timestamp=138076250948472, windowName=cfca51c Application Error: com.whereu.whereu
10-25 09:48:42.565  3408  8174 W UserManagerService: Requested status bar icon for non-badged user 0
10-25 09:48:42.566  2038  2300 I gameoptHal: targetfps updated 6 -- 120
10-25 09:48:42.569  3408  3496 D BufferQueueConsumer: [](id:d500000044a,api:0,p:-1,c:3408) connect: controlledByApp=false
10-25 09:48:42.570 23561 23561 D OplusActivityManager: get AMS extension: android.os.BinderProxy@3cfce93
10-25 09:48:42.570  3408  4721 D HWUI    : createSurface new attribs array
10-25 09:48:42.570  3408  4721 D libEGL  : this is from skia gles
10-25 09:48:42.570  3408  4721 D BufferQueueProducer: [VRI[whereu]#678(BLAST Consumer)678](id:d500000044a,api:1,p:3408,c:3408) connect: api=1 producerControlledByApp=true
10-25 09:48:42.570  3408  3496 I SurfaceControl:  setExtendedRangeBrightness sc=Surface(name=Application Error: com.whereu.whereu)/@0x39e8249,currentBufferRatio=1.0,desiredRatio=1.0
10-25 09:48:42.570 23561 23561 D callGcSupression: java.lang.NullPointerException: Attempt to invoke virtual method 'java.lang.Object java.lang.reflect.Method.invoke(java.lang.Object, java.lang.Object[])' on a null object reference
10-25 09:48:42.571 23561 23561 D CompactWindowAppManager: initCompactApplicationInfo CompactMode: , NormalMode: 
10-25 09:48:42.577  3408  4963 I ActivityManager: Process com.oplus.onetrace (pid 21999) has died: cch+15 CEM 
10-25 09:48:42.577  3408  4963 D OplusAppStartupManager: prevent restart service, pkgName = com.oplus.onetrace, scenePriority = -1
10-25 09:48:42.578  3408  3520 E libprocessgroup: Failed to write 1 to /sys/fs/cgroup/uid_1000/pid_21999/cgroup.kill: No such file or directory
10-25 09:48:42.578  3408  3520 E libprocessgroup: Failed to open /sys/fs/cgroup/uid_1000/pid_21999/cgroup.procs: No such file or directory
10-25 09:48:42.578  3408  4721 D BLASTBufferQueue: [VRI[whereu]#678](f:0,a:1) acquireNextBufferLocked size=1080x627 mFrameNumber=1 applyTransaction=true mTimestamp=138076265296597(auto) mPendingTransactions.size=0 graphicBufferId=14637248551983 transform=0
10-25 09:48:42.579  3408  4963 E WindowProcessControllerExtImpl: shouldMakeAbnormalActivityFinishing, list may empty, mHasActivities: false
10-25 09:48:42.579  3408  4721 D VRI[whereu]: Received frameCommittedCallback lastAttemptedDrawFrameNum=1 didProduceBuffer=true syncBuffer=false
10-25 09:48:42.580 23561 23561 D OplusScrollToTopManager: setIsInWhiteList false
10-25 09:48:42.580 23561 23561 D OplusViewDebugManager: OplusViewDebugManager Constructor android.view.debug.OplusViewDebugManager@5623ec9 [mHasViewDebugProperty true] [mHasMsgDebugProperty false] [DEBUG false] [EXTRAINFOENABLE false] [LIGHT_OS false]
10-25 09:48:42.580  2346  2615 D SurfaceFlinger: updateWinowInfo=1, setFocusedWindow timestamp=138076250948472, windowName=cfca51c Application Error: com.whereu.whereu
10-25 09:48:42.581  3408  4987 I InputDispatcher: NFW_setFocusedWindow, cfca51c Application Error: com.whereu.whereu on display 0, same as the previous:0
10-25 09:48:42.581  3408  4987 I InputDispatcher: updateFocusedWindow,  on display 0, reason: Waiting for window because NOT_VISIBLE, result:   FocusedWindows: <none>
10-25 09:48:42.581 26589 26589 D VRI[Launcher]: onFocusEvent false
10-25 09:48:42.582  3408  3496 D VRI[whereu]: draw finished. seqId=0
10-25 09:48:42.582  3408  3496 I WindowManager: Window{cfca51c u0 Application Error: com.whereu.whereu} state from DRAW_PENDING to COMMIT_DRAW_PENDING; reason: finishDrawingLocked
10-25 09:48:42.582  3408  4035 D CompatChangeReporter: Compat change id reported: 151861875; UID 10328; state: ENABLED
10-25 09:48:42.583  3408  4035 V GrammaticalInflectionUtils: AttributionSource: android.content.AttributionSource@7006ec1a does not have READ_SYSTEM_GRAMMATICAL_GENDER permission.
10-25 09:48:42.584  3408  3499 I WindowManager: Window{cfca51c u0 Application Error: com.whereu.whereu} state from COMMIT_DRAW_PENDING to READY_TO_SHOW; reason: commitFinishDrawingLocked
10-25 09:48:42.585  3408  3499 D WindowManager: setFrameRateStart invalid typeId return!
10-25 09:48:42.585  3408  3499 I WindowManager: Window{cfca51c u0 Application Error: com.whereu.whereu} state from READY_TO_SHOW to HAS_DRAWN; reason: performShowLocked
10-25 09:48:42.590  3408  3500 D callGcSupression: java.lang.NullPointerException: Attempt to invoke virtual method 'java.lang.Object java.lang.reflect.Method.invoke(java.lang.Object, java.lang.Object[])' on a null object reference
10-25 09:48:42.590  3408  3500 D SurfaceAnimationRunner: onAnimationStart:Surface(name=Surface(name=cfca51c Application Error: com.whereu.whereu)/@0xa539226 - animation-leash of window_animation)/@0xb80fe67
10-25 09:48:42.592 23561 23561 W libc    : Access denied finding property "ro.odm.prev.product.name"
10-25 09:48:42.593  2346  6042 D SurfaceFlinger: captureLayers from pid 25835 uid -333
10-25 09:48:42.594  2035  2035 E DisplayPanel_Session: getDisplayPanelFeatureValue default, no choice!
10-25 09:48:42.595  3408  4488 W CwbClient: get display panel fps failed!
10-25 09:48:42.595  3408  4488 E CwbClient: Cwb client get fps failed or not support!
10-25 09:48:42.596 23561 23561 D ApplicationLoaders: Returning zygote-cached class loader: /system_ext/framework/androidx.window.extensions.jar
10-25 09:48:42.596 23561 23561 D ApplicationLoaders: Returning zygote-cached class loader: /system_ext/framework/androidx.window.sidecar.jar
10-25 09:48:42.597 23561 23561 D nativeloader: Configuring clns-7 for other apk /system_ext/framework/com.android.extensions.appfunctions.jar. target_sdk_version=35, uses_libraries=ALL, library_path=/product/app/Clock/lib/arm64:/product/app/Clock/Clock.apk!/lib/arm64-v8a, permitted_path=/data:/mnt/expand:/data/user_de/0/com.oneplus.deskclock
10-25 09:48:42.598 23561 23561 D nativeloader: Extending system_exposed_libraries: libbinauralrenderer_wrapper.qti.so:libhoaeffects.qti.so:libSloganJni.oplus.so:libsuperNight.oplus.so:libAPSClient-cmd-jni-extension.oplus.so:libsatellite_audio_jni.oplus.so:libortc_so.oplus.so:libsoundtouch.oplus.so:libsoundtouch_jni.oplus.so:libOplusStringJNI-extension.oplus.so:libsatellite_ostx_jni.oplus.so:libapssuspend-jni.oplus.so:libupdateprof.qti.so:libthermalclient.qti.so:libqape.qti.so:libqesdk_ndk_platform.qti.so:liblistenjni.qti.so
10-25 09:48:42.598  3408  3500 D callGcSupression: java.lang.NullPointerException: Attempt to invoke virtual method 'java.lang.Object java.lang.reflect.Method.invoke(java.lang.Object, java.lang.Object[])' on a null object reference
10-25 09:48:42.599  3408  3500 D SurfaceAnimationRunner: onAnimationStart:Surface(name=Dim Layer for - WindowedMagnification:0:64)/@0xe8f8fb9
10-25 09:48:42.599  2346  2346 D OplusInfoMonitor: setListenerReport: reportInfo:
10-25 09:48:42.599  3408  5493 D SensorService: ~SensorEventConnection(0xb4000074bc375c40)
10-25 09:48:42.599  3408  5493 D SensorService: 14 active sensors
10-25 09:48:42.599  3408  5493 D SensorService: 0: disabling handle=0x0000000b
10-25 09:48:42.599  3408  4693 I ActivityManager: Death received, pid = 23039, processName = com.manageengine.mdm.android for thread android.os.BinderProxy@3aec0af
10-25 09:48:42.599  3408  5493 D SensorService: SensorDevice::activate: ident=0xb4000074bc375c40, handle=0x0000000b, enabled=0, count=2
10-25 09:48:42.599  3408  5493 D SensorService: disable index=1
10-25 09:48:42.599  3408  5493 D SensorService: 	>>> actuating h/w batch 0x0000000b 200000000 2000000000
10-25 09:48:42.599  3408  4949 I ActivityManager: Process com.manageengine.mdm.android (pid 23039) has died: vis BFGS
10-25 09:48:42.599  3408  4314 D ConnectivityService: releasing NetworkRequest [ REQUEST id=55091, [ Capabilities: INTERNET&NOT_RESTRICTED&TRUSTED&NOT_VCN_MANAGED&NOT_BANDWIDTH_CONSTRAINED Uid: 1010364 RequestorUid: 1010364 RequestorPkg: com.manageengine.mdm.android UnderlyingNetworks: Null] ] (release request)
10-25 09:48:42.600  3408  3520 I libprocessgroup: Removed cgroup /sys/fs/cgroup/uid_1010364/pid_23039
10-25 09:48:42.600  3408  4721 D VRI[whereu]: Received frameCommittedCallback lastAttemptedDrawFrameNum=2 didProduceBuffer=true syncBuffer=false
10-25 09:48:42.602  1894  1894 I sensors-hal: batch:164, android.sensor.accelerometer/11, period=200000000, max_latency=2000000000
10-25 09:48:42.602  3408  4949 E WindowProcessControllerExtImpl: shouldMakeAbnormalActivityFinishing, list may empty, mHasActivities: false
10-25 09:48:42.602  1894  1894 I sensors-hal: send_sensor_config_request:483, resampler is used, set resampler config
10-25 09:48:42.602  1894  1894 I sensors-hal: send_sync_sensor_request:423, send sync request
10-25 09:48:42.602  1894  1894 I sensors-hal: send_sync_sensor_request:433, send_sync_sensor_request before send_request for accel with SUID low=16722293198261467086 high=4777650670785151670
10-25 09:48:42.602  1894  1894 I sensors-hal: send_request:330, send_request start this=0xb40000786e8caa00x 
10-25 09:48:42.602  1894  1894 I sensors-hal: send_request:415, send_request completed, this=0xb40000786e8caa00x
10-25 09:48:42.602  1894  1894 I sensors-hal: send_sync_sensor_request:453, wait for notification of response
10-25 09:48:42.602  3408  3496 D VRI[whereu]: draw finished. seqId=0
10-25 09:48:42.603  3408  3507 D AppProfilerExtImpl: Skipped pss collection for CPU busy
10-25 09:48:42.603  3408  3507 I DevicePolicyManager: Disconnected: com.manageengine.mdm.android/com.manageengine.mdm.framework.deviceadmin.DeviceAdminService u10
10-25 09:48:42.603  1797  1797 D Zygote  : Forked child process 23579
10-25 09:48:42.603  1797  1797 I Zygote  : Process 23039 exited due to signal 9 (Killed)
10-25 09:48:42.604  1894 20924 I sensors-hal: ssc_conn_resp_cb:772, resp_value = 0 for accel 
10-25 09:48:42.604  3408  3664 D VRR [OPlusSAManager]: setSAConfig scene: VRR_90_120 modeId: 0 auto: true fakeFrame: true
10-25 09:48:42.604  3408  3664 D VRR [OPlusSAManager]: updateAutoMinfps with nits: 63.9564, mHistOK true, mAmbientOK true, mCctOK true, mIrOK true, mBrightnessOK true, isPkgOK true, SA min fps: 11
10-25 09:48:42.604  3408  3664 D VRR [OPlusSurfaceFlingerController]: setAutoMode enable: true fakeFrame: true fps: 11
10-25 09:48:42.604  1894 20924 I sensors-hal: handle_resp_cb:517, handle_resp_cb Ended this=0xb40000786e8caa00x
10-25 09:48:42.604  2346  6042 I VRR-[OPlusAdfrUtil]: ADFR try set Auto mode with mode 1 fakeframe 1 min fps 11
10-25 09:48:42.604  2346  6042 D VRR-[OPlusRefreshRateSelector]: OSyncModes add size is 1.
10-25 09:48:42.604  1894  1894 I sensors-hal: send_sync_sensor_request:459, takes 1 ms to receive the response with 0
10-25 09:48:42.604  1894  1894 I sensors-hal: batch:186, android.sensor.accelerometer/11, period=200000000, max_latency=2000000000 request completed
10-25 09:48:42.604  2346  6042 I VRR-[OPlusRefreshRateSelector]: updateAutoMode success, display 0, mode 0, fakeframe 1, min fps: 10
10-25 09:48:42.604  3408  5493 D SensorService: activateHardware = 0
10-25 09:48:42.604  3408  6181 I OGuardManager_ModuleUsageUpdateHelper: do not get uid: 1010364 pkgName is null.
10-25 09:48:42.604  2346  2562 D VRR-[OPlusRefreshRateSelector]: handleSetHWCOSync
10-25 09:48:42.604  2346  2562 D VRR-[OPlusRefreshRateSelector]: OSyncModes remaining size is 0.
10-25 09:48:42.604  2346  2562 D VRR-[OPlusRefreshRateSelector]: SetHWCOSync with 5CC0818A
10-25 09:48:42.604  3408  3519 I ActivityManager: Start proc 23579:com.google.android.apps.chromecast.app/u0a328 for service {com.google.android.apps.chromecast.app/androidx.work.impl.background.systemjob.SystemJobService}
10-25 09:48:42.606  1920 15900 I SDM     : HWDeviceDRM::OPlusGetQSyncMinFps: VRR +  OPlusGetQSyncMinFps: 12616074 00C0818A
10-25 09:48:42.606  1920 15900 I SDM     : DisplayBuiltIn::SetQSyncMode: VRR + update qsync mode 0 minfps 00C0818A
10-25 09:48:42.606  1920 15900 I SDM     : HWDeviceDRM::OPlusIsQSyncMinFpsForAuto: VRR +  OPlusIsQSyncMinFpsForAuto: 1
10-25 09:48:42.606  1920 15900 I SDM     : DisplayBuiltIn::SetQSyncMode: VRR + needs_avr_update_ 0
10-25 09:48:42.606  1920 15900 I SDM     : DisplayBuiltIn::SetQSyncMode: Qsync mode set to 0 successfully, setting transfer time to min: 6290
10-25 09:48:42.606  1920 15900 W SDM     : DisplayBuiltIn::UpdateTransferTime: Same transfer time requested. Current = 6290, Requested = 6290
10-25 09:48:42.606  3408  5493 I InputDispatcher: updateFocusedWindow, cfca51c Application Error: com.whereu.whereu on display 0, reason: Window became focusable. Previous reason: NOT_VISIBLE, result:   FocusedWindows:
10-25 09:48:42.606  3408  5493 I InputDispatcher:     displayId=0, name='cfca51c Application Error: com.whereu.whereu'
10-25 09:48:42.607  3408  3496 D VRI[whereu]: onFocusEvent true
10-25 09:48:42.607  3408  3496 D DisplayManagerService: Drop pending events for gone uid 1010364
10-25 09:48:42.607  5241  5658 I GamingScene: onInputEvent : INPUT_PROCESS_DIED
10-25 09:48:42.608  4814  7084 I PluginSeedling--Base: SeedlingPluginService-->onStateChange: Bundle[{pkgName=android.uid.system:1000, pid=21999, uid=1000, state=onProcessDied}]
10-25 09:48:42.609  3408  5617 I OplusHansManager : onUidGone(), 1010364 com.manageengine.mdm.android exit SM
10-25 09:48:42.609  3408  5617 I OplusHansManager : onUidGone(),  keep: 1010364 com.manageengine.mdm.android alarm
10-25 09:48:42.609  3408  6181 I OGuardManager_ModuleUsageUpdateHelper: do not get uid: 1010364 pkgName is null.
10-25 09:48:42.609  3408  5218 I OplusHansManager : uid=1010364, pkg=com.manageengine.mdm.android R exit SM
10-25 09:48:42.609  3408  5218 I OplusHansManager : uid=1010364, pkg=com.manageengine.mdm.android R exit(), R stay=25
10-25 09:48:42.612  1920  2231 I SDM     : HWDeviceDRM::OPlusGetQSyncMinFpsUpdate: VRR +  OPlusGetQSyncMinFpsUpdate: 1
10-25 09:48:42.612  1920  2231 I SDM     : HWDeviceDRM::OPlusIsQSyncMinFpsForAuto: VRR +  OPlusIsQSyncMinFpsForAuto: 1
10-25 09:48:42.612  1920  2231 I SDM     : HWDeviceDRM::OPlusGetQSyncMinFps: VRR +  OPlusGetQSyncMinFps: 12616074 00C0818A
10-25 09:48:42.612  1920  2231 E SDM     : DRMConnector::Perform: Connector 67: Setting Qsync min fps 12616074
10-25 09:48:42.613  3408  4314 D InetDiagMessage: Destroyed 0 sockets, proto=IPPROTO_TCP, family=AF_INET, states=14
10-25 09:48:42.613  3408  4314 D InetDiagMessage: Destroyed 0 sockets, proto=IPPROTO_TCP, family=AF_INET6, states=14
10-25 09:48:42.613  3408  4314 D InetDiagMessage: Destroyed live tcp sockets for uids={1010364} in 3ms
10-25 09:48:42.614  3408  4314 D InetDiagMessage: Destroyed 0 sockets, proto=IPPROTO_TCP, family=AF_INET, states=14
10-25 09:48:42.614  3408  4314 D InetDiagMessage: Destroyed 0 sockets, proto=IPPROTO_TCP, family=AF_INET6, states=14
10-25 09:48:42.614  3408  4314 D InetDiagMessage: Destroyed live tcp sockets for uids={1020364} in 1ms
10-25 09:48:42.615 23561 23561 D nativeloader: InitLlndkLibrariesProduct: libEGL.so:libGLESv1_CM.so:libGLESv2.so:libGLESv3.so:libRS.so:libandroid_net.so:libapexsupport.so:libbinder_ndk.so:libc.so:libcgrouprc.so:libclang_rt.asan-aarch64-android.so:libclang_rt.asan-arm-android.so:libclang_rt.hwasan-aarch64-android.so:libcom.android.tethering.connectivity_native.so:libdl.so:libft2.so:liblog.so:libm.so:libmediandk.so:libnativewindow.so:libneuralnetworks.so:libselinux.so:libsync.so:libvendorsupport.so:libvndksupport.so:libvulkan.so
10-25 09:48:42.615 23561 23561 D nativeloader: Configuring product-clns-8 for unbundled product apk /product/app/Clock/Clock.apk. target_sdk_version=35, uses_libraries=, library_path=/product/app/Clock/lib/arm64:/product/app/Clock/Clock.apk!/lib/arm64-v8a:/product/lib64:/system/product/lib64, permitted_path=/data:/mnt/expand:/data/user_de/0/com.oneplus.deskclock:/product/lib64:/system/product/lib64
10-25 09:48:42.615 23561 23561 D nativeloader: InitVndkspLibrariesProduct: VNDK is deprecated with product
10-25 09:48:42.616 23561 23561 D CompatChangeReporter: Compat change id reported: 202956589; UID 10203; state: ENABLED
10-25 09:48:42.616  5241  5658 I GamingScene: onInputEvent : INPUT_PROCESS_DIED
10-25 09:48:42.616  4814  4826 I PluginSeedling--Base: SeedlingPluginService-->onStateChange: Bundle[{pkgName=com.manageengine.mdm.android, pid=23039, uid=1010364, state=onProcessDied}]
10-25 09:48:42.617  6153 18240 D OplusAtlas.OplusAtlasEventDispatch: setEvent:atlas_event_on_process_died info:pid:23039,uid:1010364
10-25 09:48:42.619 23579 23579 E .chromecast.app: Unknown bits set in runtime_flags: 0x40000000
10-25 09:48:42.619 23579 23579 I .chromecast.app: Using CollectorTypeCMC GC.
10-25 09:48:42.620  6153  7886 D OplusAtlas.OplusMessageHandler: handleMessage: Msg { when=-3ms what=1 obj=com.oplus.atlas.OplusAtlasEvent@4fc6ebd target=com.oplus.atlas.OplusMessageHandler$MyHandler }
10-25 09:48:42.620  6153  9025 D OplusAtlas.OplusMessageHandler: handleMessage: Msg { when=-1ms what=1 obj=com.oplus.atlas.OplusAtlasEvent@4fc6ebd target=com.oplus.atlas.OplusMessageHandler$MyHandler }
10-25 09:48:42.621 23579 23579 E .chromecast.app: Not starting debugger since process cannot load the jdwp agent.
10-25 09:48:42.624 23561 23561 V GraphicsEnvironment: Currently set values for:
10-25 09:48:42.624 23561 23561 V GraphicsEnvironment:   angle_gl_driver_selection_pkgs=[]
10-25 09:48:42.624 23561 23561 V GraphicsEnvironment:   angle_gl_driver_selection_values=[]
10-25 09:48:42.624 23561 23561 V GraphicsEnvironment: Global.Settings values are invalid: number of packages: 0, number of values: 0
10-25 09:48:42.626 23579 23579 D nativeloader: Load libframework-connectivity-tiramisu-jni.so using APEX ns com_android_tethering for caller /apex/com.android.tethering/javalib/framework-connectivity-t.jar: ok
10-25 09:48:42.626 23561 23561 D ResourcesManagerExtImpl: applyConfigurationToAppResourcesLocked app.getDisplayId() return callback.displayId:-1
10-25 09:48:42.629 23579 23579 D OplusActivityThreadExtImpl: java.lang.NoSuchMethodException: dalvik.system.VMRuntime.SupressionGC [int, int]
10-25 09:48:42.629 23579 23579 W libc    : Access denied finding property "persist.vendor.sys.activitylog"
10-25 09:48:42.629 23579 23579 I OneTrace: Mark active for pid=23579? true
10-25 09:48:42.629 23579 23579 D cutils-dev: otrace_set_tracing_enabled? true tag:0
10-25 09:48:42.631 23579 23579 D cutils-dev: properties changed in otrace_seq_number_changed!
10-25 09:48:42.632  2033  6590 D charge_time: type=sdp,reserve_soc=3,soc=87,ui_soc=90,current=85,avg=113,not_chg_cnt=0,stable_cnt=7,fcc=5348,fcc_ratio=105,delta=333,debug=0,region=12,ttf=7857(02:10:57),ui_ttf=4485(01:14:45)
10-25 09:48:42.634 23561 23561 D ClockTag_DeviceUtils: isWPlusPhone pkgName :com.oneplus.deskclock
10-25 09:48:42.636  3408  5493 D SplitScreenAppReader: SPLIT_TOUCH support check:com.google.android.apps.chromecast.app = false
10-25 09:48:42.636  3408  5493 D ActivityTaskManagerServiceExtImpl: preBindApplication record is null
10-25 09:48:42.636  3408  5493 D RGBNormalizeServer: OplusRGBNormalize feature enabled ? false
10-25 09:48:42.636  3408  5493 D ResourcesManagerCache: For package com.google.android.apps.chromecast.app we got cacheList [null] appInfoExt is null ? false hasFeature ? false
10-25 09:48:42.636  3408  5493 D VRR [OPlusExternalRefreshRateManager]: isPkgTfcEnable: pkgName = com.google.android.apps.chromecast.app, enable = false
10-25 09:48:42.636  3408  5493 D VRR [OPlusExternalRefreshRateManager]: getTfcMinFramerate: pkgName = com.google.android.apps.chromecast.app, min framerate = 0
10-25 09:48:42.640  2346  6042 D SurfaceFlinger: captureLayers from pid 25835 uid -333
10-25 09:48:42.641 23561 23561 I ClockTag_AlarmClockApplication: onCreate:com.oneplus.deskclock:clockWidget
10-25 09:48:42.641  3408  5617 I OplusHansManager : onUidActive(), uid=10328, pkgName=com.google.android.apps.chromecast.app, can enter SM
10-25 09:48:42.642  3408  5617 I OplusHansManager : onUidActive() update stay time, uid=10328, pkgName=com.google.android.apps.chromecast.app, U stay=59
10-25 09:48:42.642  3408  5218 I OplusHansManager : uid=10328, pkg=com.google.android.apps.chromecast.app enter SM
10-25 09:48:42.642  3408  5218 I OplusHansManager : uid=10328, pkg=com.google.android.apps.chromecast.app R enter(), D stay=0
10-25 09:48:42.646 23579 23589 D OplusAppHeapManager: java.lang.NoSuchMethodException: dalvik.system.VMRuntime.updateProcessValue [int, int, int]
10-25 09:48:42.647  3408  4035 W JobServiceContext: Sending onNetworkChanged for a job that isn't started. JobStatus{df8e9ab androidx.work.systemjobscheduler:u0a328/1000701 @androidx.work.systemjobscheduler@com.google.android.apps.chromecast.app/androidx.work.impl.background.systemjob.SystemJobService u=0 s=10328 TIME=-5s454ms:none NET READY}
10-25 09:48:42.647 23579 23579 D OplusActivityManager: get AMS extension: android.os.BinderProxy@5623ec9
10-25 09:48:42.649 23561 23561 V ClockTag_ProcessGuard: startProtect[AlarmClockApplication] 60000 ms.
10-25 09:48:42.649  2346  2346 D OplusInfoMonitor: setListenerReport: reportInfo:
10-25 09:48:42.652 23579 23579 D callGcSupression: java.lang.NullPointerException: Attempt to invoke virtual method 'java.lang.Object java.lang.reflect.Method.invoke(java.lang.Object, java.lang.Object[])' on a null object reference
10-25 09:48:42.653 23579 23579 D CompactWindowAppManager: initCompactApplicationInfo CompactMode: , NormalMode: 
10-25 09:48:42.655  1797  1797 I Zygote  : Process 22884 exited due to signal 9 (Killed)
10-25 09:48:42.656  3408 19020 I AppSearchIcing: icing-search-engine.cc:2191: Persisting data to disk
10-25 09:48:42.656 23561 23561 D ClockTag_AlarmClockApplication: enableOPlusProvider
10-25 09:48:42.656  3408  5498 W PackageManager: package com.oneplus.deskclock uid 10203 pid 23561 call SetEnabledSetting(com.oneplus.deskclock component = com.oplus.alarmclock.provider.ClockProviderOPlus, 1, 0)
10-25 09:48:42.656  3408  5647 I libprocessgroup: Removed cgroup /sys/fs/cgroup/uid_10181/pid_22884
10-25 09:48:42.656  3408  3994 I ActivityManager: Death received, pid = 22884, processName = com.oplus.camera for thread android.os.BinderProxy@1a1446b
10-25 09:48:42.656  3408  4963 I ActivityManager: Process com.oplus.camera (pid 22884) has died: svcb SVC 
10-25 09:48:42.658  3408  5647 E libprocessgroup: Failed to write 1 to /sys/fs/cgroup/uid_1010364/pid_23039/cgroup.kill: No such file or directory
10-25 09:48:42.658  3408  5647 E libprocessgroup: Failed to open /sys/fs/cgroup/uid_1010364/pid_23039/cgroup.procs: No such file or directory
10-25 09:48:42.659 23579 23579 D OplusScrollToTopManager: setIsInWhiteList false
10-25 09:48:42.659 26589 26589 D PantaCard.Lnch.CardViewInfo:  getUTraceIntentContext,serviceId:536872100,cardViewInfo:-69021945,extraData == null[sdk:v1.3.56-53feb1d,seed-plugin:v16.0.60-e15af3ed,app:v15.8.24]
10-25 09:48:42.659 23579 23579 D OplusScrollManager: SpringScroll Config: [mOverScrollerEnable:true,mWebViewEnableSpringScroll:false,mAppRTOptEnable:false,mParamsConfig:4000,10000,2.5,2.5,0.2,WebConfig{level:-1,type:-1,viewName:,containerName:,blacklist:,whitelist:,blackhost:},RTConfig{rtWhiteList:[],rtExtraMap:{}}]
10-25 09:48:42.659 26589 26589 I PantaCard.Lnch.AppCardImpl:  110&1000001&1_sid=536872100_rk=ab04aa_sk=55b909, launch onShow, engine=pantanal.app.app_card.engine.SmartEngine@61c662c cardTag:110&1000001&1 lastReceiveUIDataTime:1761365068196 cardViewInfo = CardViewInfo[entrance:[launcher,type=2,hostId=1], serviceId:536872100, cardType:110, hostId:1, cardId:1000001, cardCategory:APP, cardSize:1, sizeList:[1], instantUri:, width:444, height:444, isRecommend:false, isDragging:false, initDataSize:0, policyName:, uTraceIntentContext:null, extraDataToEngineList.size:null, serviceInfo:null, extraBundle:Bundle[{}], cardLaunchInterceptor:null, cardBlurHandler:com.android.launcher3.card.CardBlurHandlerImpl@d8f7c27, allowReceiveUIDataBackground:false, isLocalCard:falsecardUiDataLen:null][sdk:v1.3.56-53feb1d,seed-plugin:v16.0.60-e15af3ed,app:v15.8.24]
10-25 09:48:42.659 26589 26589 I PantaCard.Lnch.AppCardImpl:  110&1000001&1_sid=536872100_rk=ab04aa,packCardAction:origin params:{life_circle=resume}[sdk:v1.3.56-53feb1d,seed-plugin:v16.0.60-e15af3ed,app:v15.8.24]
10-25 09:48:42.659 26589 26589 I PantaCard.Lnch.CardManagerProxy:  110&1000001&1_sid=536872100_rk=ab04aa_sk=55b909,requestCardAction: action = CardAction(action=2, param={life_circle=resume}, shouldForceFetch=true, shouldNotify=true),[sdk:v1.3.56-53feb1d,seed-plugin:v16.0.60-e15af3ed,app:v15.8.24]
10-25 09:48:42.659  3408  3509 I UserAwareMgr: process killed: {pkgName='com.oplus.camera', processName='com.oplus.camera', pid=22884, uid=10181, flags='cameraapp|system_app', renderTid=0, hwuiTids=null, glTids=null, threadInfos={PreviewFrameThread={threadName='PreviewFrameThread', tid=22966, extendTids=null}, UnitHandlerThread={threadName='UnitHandlerThread', tid=22964, extendTids=[22974, 22975]}, PreviewReceivedWorkThread={threadName='PreviewReceivedWorkThread', tid=22969, extendTids=null}, PictureMetaArriveThread={threadName='PictureMetaArriveThread', tid=22984, extendTids=[23005]}, ApsUxThread={threadName='ApsUxThread', tid=23015, extendTids=null}, TaskBusThread={threadName='TaskBusThread', tid=22914, extendTids=[22916, 22917, 22915]}, PreviewImageThread={threadName='PreviewImageThread', tid=22963, extendTids=null}, CaptureImageThread={threadName='CaptureImageThread', tid=22967, extendTids=null}}}
10-25 09:48:42.659 26589 26589 I PantaCard.Lnch.SmartEngineChecker:  110&1000001&1_sid=536872100_rk=ab04aa,getSmartApi...[sdk:v1.3.56-53feb1d,seed-plugin:v16.0.60-e15af3ed,app:v15.8.24]
10-25 09:48:42.659  3408  3509 I UserAwareMgr: handleProcessKilled, pkgName: com.oplus.camera, pid: 22884
10-25 09:48:42.659  3408  3509 I UserAwareMgr: event removed: 6101, pid: 22884
10-25 09:48:42.659  3408  3509 I UserAwareMgr: event removed: 6002, pid: 22884
10-25 09:48:42.659  3408  3509 I UserAwareMgr: event removed: 6001, pid: 22884
10-25 09:48:42.659 26589 30055 D PantaCard.Lnch.CardViewInfo:  getUTraceIntentContext,serviceId:536872100,cardViewInfo:-69021945,extraData == null[sdk:v1.3.56-53feb1d,seed-plugin:v16.0.60-e15af3ed,app:v15.8.24]
10-25 09:48:42.660 26589 27610 I PantaCard.Lnch.ServiceManagerProxy:  requestCardAction: businessTag = [cardUniqueKey=110&1000001&1_sid=536872100_rk=ab04aa_sk=55b909, action=CardAction(action=2,param={life_circle=resume})][sdk:v1.3.56-53feb1d,seed-plugin:v16.0.60-e15af3ed,app:v15.8.24]
10-25 09:48:42.660  3408  4963 E WindowProcessControllerExtImpl: shouldMakeAbnormalActivityFinishing, list may empty, mHasActivities: false
10-25 09:48:42.660 26589 27610 I Channel.Server[1000035].launcher.ClientProxyImpl(card_service_launcher): request, businessTag=[cardUniqueKey=110&1000001&1_sid=536872100_rk=ab04aa_sk=55b909, action=CardAction(action=2,param={life_circle=resume})], shouldForceFetch=true, shouldNotify=true, this=179382247
10-25 09:48:42.660 26589 27610 I Channel.Server[1000035].launcher.AlwaysPuller: pullClient, businessTag=[cardUniqueKey=110&1000001&1_sid=536872100_rk=ab04aa_sk=55b909, action=CardAction(action=2,param={life_circle=resume})], shouldForceFetch = [true] clientName = [card_service_launcher], clientConfig=ClientConfig(clientPackage='com.oplus.pantanal.ums', providerAuthority='com.oplus.pantanal.ums.cardservice.provider.CardServiceClientProvider', serviceComponent='com.oplus.pantanal.ums.cardservice.service.CardComponentService', aliveType=3, needNotify=false)
10-25 09:48:42.660 26589 30055 I PantaCard.Lnch.SmartEngine:  110&1000001&1_sid=536872100_rk=ab04aa,onVisible card=CardViewInfo[entrance:[launcher,type=2,hostId=1], serviceId:536872100, cardType:110, hostId:1, cardId:1000001, cardCategory:APP, cardSize:1, sizeList:[1], instantUri:, width:444, height:444, isRecommend:false, isDragging:false, initDataSize:0, policyName:, uTraceIntentContext:null, extraDataToEngineList.size:null, serviceInfo:null, extraBundle:Bundle[{}], cardLaunchInterceptor:null, cardBlurHandler:com.android.launcher3.card.CardBlurHandlerImpl@d8f7c27, allowReceiveUIDataBackground:false, isLocalCard:falsecardUiDataLen:null], v=com.oplus.smartengine.widget.RootConstraintLayout{41743ba VFE...C.. ........ 30,20-474,464 #1 alpha=1.0 viewInfo = }[sdk:v1.3.56-53feb1d,seed-plugin:v16.0.60-e15af3ed,app:v15.8.24]
10-25 09:48:42.660 26589 30055 D ViewApiDelegate: onVisible, view=com.oplus.smartengine.widget.RootConstraintLayout{41743ba VFE...C.. ........ 30,20-474,464 #1 alpha=1.0 viewInfo = }, isThemeCard=false, ifAllowCardRefresh=false
10-25 09:48:42.660  5241  5658 I GamingScene: onInputEvent : INPUT_PROCESS_DIED
10-25 09:48:42.660 23579 23579 D OplusViewDebugManager: OplusViewDebugManager Constructor android.view.debug.OplusViewDebugManager@1ec0ef [mHasViewDebugProperty true] [mHasMsgDebugProperty false] [DEBUG false] [EXTRAINFOENABLE false] [LIGHT_OS false]
10-25 09:48:42.661  3408  3496 D DisplayManagerService: Drop pending events for gone uid 10181
10-25 09:48:42.661  3408  3520 E libprocessgroup: Failed to write 1 to /sys/fs/cgroup/uid_10181/pid_22884/cgroup.kill: No such file or directory
10-25 09:48:42.661  6153 18240 D OplusAtlas.OplusAtlasEventDispatch: setEvent:atlas_event_on_process_died info:pid:22884,uid:10181
10-25 09:48:42.661  3408  3520 E libprocessgroup: Failed to open /sys/fs/cgroup/uid_10181/pid_22884/cgroup.procs: No such file or directory
10-25 09:48:42.661  4814  7946 I PluginSeedling--Base: SeedlingPluginService-->onStateChange: Bundle[{pkgName=com.oplus.camera, pid=22884, uid=10181, state=onProcessDied}]
10-25 09:48:42.662  2624  2624 W cameraserver: binderDied: Java client's binder died.
10-25 09:48:42.662  2624  2624 W cameraserver: binderDied: Java client's binder died, pid: 2624, uid: 10181, mAuthResultMap.size 1, m_authedClients.size :0,mAuthAppClientMap.size:0, mAuthWhiteListMap.size: 1
10-25 09:48:42.665  6153  7886 D OplusAtlas.OplusMessageHandler: handleMessage: Msg { when=-4ms what=1 obj=com.oplus.atlas.OplusAtlasEvent@c66ecb2 target=com.oplus.atlas.OplusMessageHandler$MyHandler }
10-25 09:48:42.666  6153  9025 D OplusAtlas.OplusMessageHandler: handleMessage: Msg { when=-5ms what=1 obj=com.oplus.atlas.OplusAtlasEvent@c66ecb2 target=com.oplus.atlas.OplusMessageHandler$MyHandler }
10-25 09:48:42.666 13474 13499 I Channel.Client[1000034].ums.ChannelClientProvider: call, has RESULT_COMMAND_LIST in extras, clientProxy=com.oplus.channel.client.ClientProxy@7f04de1, clientName=card_service_launcher, method=pull, arg=card_service_launcher, extras=Bundle[{key_callingPackage=com.android.launcher, RESULT_BATCH_CALLBACK_SUPPORT=true, RESULT_COMMAND_LIST=[1, 0, 0, 0, 3, 0, 0, 0, 1, 0, 0, 0, 2, 0, 0, 0, 2, 0, 0, 0, 30, 0, 0, 0, 99, 0, 97, 0, 114, 0, 100, 0, 95, 0, 99, 0, 111, 0, 110, 0, 102, 0, 105, 0, 103, 0, 95, 0, 99, 0, 104, 0, 97, 0, 110, 0, 103, 0, 101, 0, 95, 0, 116, 0, 111, 0, 95, 0, 108, 0, 97, 0, 117, 0, 110, 0, 99, 0, 104, 0, 101, 0, 114, 0, 0, 0, 0, 0, 3, 0, 0, 0, 30, 0, 0, 0, 30, 0, 0, 0, 123, 34, 115, 117, 112, 112, 111, 114, 116, 95, 100, 97, 116, 97, 95, 99, 111, 109, 112, 114, 101, 115, 115, 34, 58, 116, 114, 117, 101, 125, 0, 0, 100, 0, 0, 0, 1, 0, 0, 0, 2, 0, 0, 0, 2, 0, 0, 0, 18, 0, 0, 0, 99, 0, 97, 0, 114, 0, 100, 0, 58, 0, 49, 0, 49, 0, 48, 0, 38, 0, 49, 0, 48, 0, 48, 0, 48, 0, 48, 0, 48, 0, 49, 0, 38, 0, 49, 0, 0, 0, 0, 0, 3, 0, 0, 0, -56, 0, 0, 0, -56, 0, 0, 0, 123, 34, 99, 97, 114, 100, 95, 117, 110, 105, 113, 117, 101, 95, 107, 101, 121, 34, 58, 34, 49, 49, 48, 38, 49, 48, 48, 48, 48, 48, 49, 38, 49, 95, 115, 105, 100, 61, 53, 51, 54, 56, 55, 50, 49, 48, 48, 95, 114, 107, 61, 97, 98, 48, 52, 97, 97, 34, 44, 34, 115, 101, 114, 118, 105, 99, 101, 95, 105, 100, 34, 58, 34, 53, 51, 54, 56, 55, 50, 49, 48, 48, 34, 44, 34, 99, 97, 114, 100, 95, 115, 105, 122, 101, 34, 58, 49, 44, 34, 99, 97, 114, 100, 95, 99, 114, 101, 97, 116, 101, 95, 116, 121, 112, 101, 34, 58, 49, 44, 34, 115, 101, 101, 100, 108, 105, 110, 103, 95, 101, 110, 116, 114, 97, 110, 99, 101, 34, 58, 50, 44, 34, 115, 101, 114, 118, 105, 99, 101, 95, 105, 110, 115, 116, 97, 110, 99, 101, 95, 105, 100, 34, 58, 34, 34, 44, 34, 105, 115, 95, 115, 117, 112, 112, 111, 114, 116, 95, 109, 117, 108, 116, 105, 95, 105, 110, 115, 116, 97, 110, 99, 101, 34, 58, 102, 97, 108, 115, 101, 125, 100, 0, 0, 0, 1, 0, 0, 0, 0, 0, 0, 0, 2, 0, 0, 0, 0, 0, 0, 0, 0, 0, 0, 0, 3, 0, 0, 0, -96, 0, 0, 0, -96, 0, 0, 0, 8, 110, 16, -63, -124, 61, 24, 1, 32, 2, 42, 21, 10, 11, 108, 105, 102, 101, 95, 99, 105, 114, 99, 108, 101, 18, 6, 114, 101, 115, 117, 109, 101, 42, 21, 10, 19, 115, 101, 114, 118, 105, 99, 101, 95, 105, 110, 115, 116, 97, 110, 99, 101, 95, 105, 100, 42, 66, 10, 15, 99, 97, 114, 100, 95, 117, 110, 105, 113, 117, 101, 95, 107, 101, 121, 18, 47, 49, 49, 48, 38, 49, 48, 48, 48, 48, 48, 49, 38, 49, 95, 115, 105, 100, 61, 53, 51, 54, 56, 55, 50, 49, 48, 48, 95, 114, 107, 61, 97, 98, 48, 52, 97, 97, 95, 115, 107, 61, 53, 53, 98, 57, 48, 57, 42, 34, 10, 25, 105, 115, 95, 115, 117, 112, 112, 111, 114, 116, 95, 109, 117, 108, 116, 105, 95, 105, 110, 115, 116, 97, 110, 99, 101, 18, 5, 102, 97, 108, 115, 101, 100, 0, 0, 0]}]
10-25 09:48:42.667 26589 27610 I Channel.Server[1000035].launcher.AlwaysPuller: pullClient, businessTag=[cardUniqueKey=110&1000001&1_sid=536872100_rk=ab04aa_sk=55b909, action=CardAction(action=2,param={life_circle=resume})], clientName=[card_service_launcher] result=[Bundle[{consumed=true, call_result=0}]]
10-25 09:48:42.667 13474 13549 I CardService[1006070].UiDataChannelPolicy: [110&1000001&1_sid=536872100_rk=ab04aa_sk=55b909] request: cardAction = {life_circle=resume, service_instance_id=, card_unique_key=110&1000001&1_sid=536872100_rk=ab04aa_sk=55b909, is_support_multi_instance=false} [UMS|com.oplus.pantanal.ums|2.0.26-f348910]
10-25 09:48:42.668 13474 13609 I CardService[1006070].CardServiceImpl: [110&1000001&1_sid=536872100_rk=ab04aa_sk=55b909] requestCardAction, action = {life_circle=resume, service_instance_id=, card_unique_key=110&1000001&1_sid=536872100_rk=ab04aa_sk=55b909, is_support_multi_instance=false}, card = Card(cardIdentify=CardIdentify(cardIndex=1000001, cardType=110, hostId=1, cardCreateType=1, cardEntrance=2))
10-25 09:48:42.668 13474 13609 I CardService[1006070].CardDataChannelImpl: [110&1000001&1_sid=536872100_rk=ab04aa] requestCardAction, action = 2, extras = {life_circle=resume, service_instance_id=, card_unique_key=110&1000001&1_sid=536872100_rk=ab04aa_sk=55b909, is_support_multi_instance=false}, protocol=1, shouldForceFetch=true, shouldNotify=true
10-25 09:48:42.669  3408  3496 D CameraDelegate: Uid gone for 10181
10-25 09:48:42.669  3408  4813 D osense-camera: uid gone 10181
10-25 09:48:42.670 13474 13609 I Channel.Server[1000034].ums.ClientProxyImpl(onemanager.idleoptimize.CardDataProvider): request, businessTag=[110&1000001&1_sid=536872100_rk=ab04aa], extra = [resume, , 110&1000001&1_sid=536872100_rk=ab04aa_sk=55b909, false], shouldForceFetch=true, shouldNotify=true, this=114962448
10-25 09:48:42.670  2035  2035 E DisplayPanel_Session: getDisplayPanelFeatureValue default, no choice!
10-25 09:48:42.670  3408  4488 W CwbClient: get display panel fps failed!
10-25 09:48:42.670  3408  4488 E CwbClient: Cwb client get fps failed or not support!
10-25 09:48:42.672 23579 23579 W libc    : Access denied finding property "ro.odm.prev.product.name"
10-25 09:48:42.672  3408  4307 D WifiStaIfaceHidlImpl: getCachedScanData is not implemented by HIDL
10-25 09:48:42.674 23561 23561 D ClockTag_ClockWidgetState: readWidgetConfig, dual clock:1, split screen:0, color:-1/false
10-25 09:48:42.674 23579 23579 D ApplicationLoaders: Returning zygote-cached class loader: /system/framework/org.apache.http.legacy.jar
10-25 09:48:42.674 23579 23579 D ApplicationLoaders: Returning zygote-cached class loader: /system_ext/framework/androidx.window.extensions.jar
10-25 09:48:42.674 23579 23579 D ApplicationLoaders: Returning zygote-cached class loader: /system_ext/framework/androidx.window.sidecar.jar
10-25 09:48:42.674  3408  8315 I ActivityManager: Flag disabled. Ignoring finishAttachApplication from uid: 10203. pid: 23561
10-25 09:48:42.675 23561 23561 D ClockTag_ClockWidget.WidgetLauncherStateReceiver: onReceive action=com.android.launcher.action.LAUNCHER_VISIBLE
10-25 09:48:42.678 13474 23593 I Channel.Server[1000034].ums.CallPuller: changeProviderClient, providerAuthority: com.oplus.phonemanager.dataprovider, providerClient: android.content.ContentProviderClient@8a6372a, userContext=null
10-25 09:48:42.679  1894 17045 I sensors-hal: handle_oplus_wise_rgb_event:182, high_pwm_light: lux 39.0, cct 5380.7, brl/algo/ir 1078.0/2.0/126.1, pwm/dc 1.0/0.0, rgbc 4391.251953/2721.842529/2145.743896/7393.673828, ts 295087636878238, cnt 9724
10-25 09:48:42.679  1894 17065 I sensors-hal: handle_oplus_wise_rgb_event:157, wise_rgb: (9724)(cct, lux, ir)[5380.74, 38.95, 126.132492] (r, g, b, c)[4391.25, 2721.84, 2145.74, 7393.67] (pwm, hbm, brl, algo)[1.0 0.0 1078.0 2.0]
10-25 09:48:42.679  3408  4149 D FusionLightNextGen: raw_lux 61.8, raw_cct -1.0, r/g/b/c: 4391.3/2721.8/2145.7/7393.7, R/G/B: 125.0/89.0/177.0, bri 1078.0, lux: 42.760674, cct: 5768.8, ir: 0.158319, conf: 0, cnt: 0
10-25 09:48:42.680 23371 23384 I Channel.Client[1000028].phonemanager.ChannelClientProvider: call, clientProxy=com.oplus.channel.client.ClientProxy@eef37de, clientName=com.oplus.phonemanager.idleoptimize.CardDataProvider
10-25 09:48:42.680 23371 23384 I Channel.Client[1000028].phonemanager.ClientProxy.: processObserve resUri=card:110&1000001&1.
10-25 09:48:42.680 23371 23384 I Channel.Client[1000028].phonemanager.ClientProxy.: processObserve resUri=card:87&200001&0.
10-25 09:48:42.680 23371 23384 I Channel.Client[1000028].phonemanager.ClientProxy.: processObserve resUri=card:200777&200001&0.
10-25 09:48:42.680 23371 23384 I Channel.Client[1000028].phonemanager.ClientProxy.: processObserve resUri=card:110&1&0.
10-25 09:48:42.681 13474 23593 I Channel.Server[1000034].ums.CallPuller: callPull, businessTag=[110&1000001&1_sid=536872100_rk=ab04aa], extra = [resume, , 110&1000001&1_sid=536872100_rk=ab04aa_sk=55b909, false], com.oplus.phonemanager.idleoptimize.CardDataProvider result:Bundle[{consumed=true, call_result=0}]
