--------- beginning of system
10-25 09:48:28.181 23102 23102 D ResourcesManagerExtImpl: applyConfigurationToAppResourcesLocked app.getDisplayId() return callback.displayId:-1
10-25 09:48:28.258  3408  3449 W PackageManager: package com.facebook.services uid 10113 pid 23102 call SetEnabledSetting(com.facebook.services component = com.facebook.oxygen.services.helium.trampoline.HeliumSandboxedService, 1, 0)
10-25 09:48:28.260  3408  3449 W PackageManager: package com.facebook.services uid 10113 pid 23102 call SetEnabledSetting(com.facebook.services component = com.facebook.oxygen.services.helium.trampoline.HeliumSandboxedService0, 1, 0)
10-25 09:48:28.260  3408  5497 I ActivityManager: Flag disabled. Ignoring finishAttachApplication from uid: 10113. pid: 23102
10-25 09:48:28.261  3408  5497 W PackageManager: package com.facebook.services uid 10113 pid 23102 call SetEnabledSetting(com.facebook.services component = com.facebook.oxygen.services.helium.trampoline.HeliumSandboxedService1, 1, 0)
10-25 09:48:28.664 25572 25572 W ContextImpl: Calling a method in the system process without a qualified user: android.app.ContextImpl.bindService:2081 android.content.ContextWrapper.bindService:873 com.oplus.onetrace.connection.a.f:23 com.oplus.onetrace.connection.b.c:24 T.b.j:8 
10-25 09:48:28.680  3408  5497 D ActivityManager: Cancel freezing 21999 com.oplus.onetrace
10-25 09:48:28.690 21999 21999 W ContextImpl: Calling a method in the system process without a qualified user: android.app.ContextImpl.bindService:2081 android.content.ContextWrapper.bindService:873 com.oplus.dataprovider.utils.AthenaManager.p:19 com.oplus.dataprovider.utils.AthenaManager.u:24 com.oplus.dataprovider.utils.AthenaManager.s:1 
10-25 09:48:28.692  3408  5497 V ActivityManager: Has totaly same connectionRecord, just reuse it!
10-25 09:48:28.693 21999 21999 W ContextImpl: Calling a method in the system process without a qualified user: android.app.ContextImpl.bindService:2081 android.content.ContextWrapper.bindService:873 com.oplus.dataprovider.utils.AthenaManager.o:19 com.oplus.dataprovider.utils.AthenaManager.t:24 com.oplus.dataprovider.utils.AthenaManager.s:4 
10-25 09:48:28.694  3408  5497 V ActivityManager: Has totaly same connectionRecord, just reuse it!
10-25 09:48:28.720  3408  5497 E OplusAthenaAm: AthenaAmManagerInternal transact code hello:13,flags:0
10-25 09:48:28.797  3408  3449 I OplusAppSwitchManagerService: appswitch registerAppSwitchObserver pName = com@@oplus@@onetrace_98036238 observer = com.oplus.app.IOplusAppSwitchObserver$Stub$Proxy@c1fabda config = OplusAppSwitchConfig = {  mConfigs = {} observerFingerPrint = 92182544}
10-25 09:48:28.797  3408  3449 I OplusAppSwitchStateDispatcher: registerAppSwitchObserver addDynamicListener OK, info = OplusAppSwitchRuleInfo = {  observer = com.oplus.app.IOplusAppSwitchObserver$Stub$Proxy@c1fabda observerFingerPrint = 92182544} rule size =0
10-25 09:48:28.803 21999 21999 W ContextImpl: Calling a method in the system process without a qualified user: android.app.ContextImpl.bindService:2081 android.content.ContextWrapper.bindService:873 com.oplus.dataprovider.producer.AppJankDataMonitor.bindSender:23 com.oplus.dataprovider.producer.AppJankDataMonitor.c:1 com.oplus.dataprovider.producer.f.run:3 
10-25 09:48:28.810 21999 22016 W ContextImpl: Calling a method in the system process without a qualified user: android.app.ContextImpl.bindService:2081 android.content.ContextWrapper.bindService:873 com.oplus.dataprovider.server.ThermalControlStatsProvider.h:37 com.oplus.dataprovider.server.ThermalControlStatsProvider.m:35 com.oplus.dataprovider.app.Z.n:3 
10-25 09:48:28.908  3408  3519 I ActivityManager: Start proc 23148:com.instagram.barcelona/u0a375 for broadcast {com.instagram.barcelona/com.instagram.push.FbnsInitBroadcastReceiver}
10-25 09:48:28.947  3408  5497 D ActivityTaskManagerServiceExtImpl: preBindApplication record is null
10-25 09:48:28.947  3408  5497 D VRR [OPlusExternalRefreshRateManager]: isPkgTfcEnable: pkgName = com.instagram.barcelona, enable = false
10-25 09:48:28.947  3408  5497 D VRR [OPlusExternalRefreshRateManager]: getTfcMinFramerate: pkgName = com.instagram.barcelona, min framerate = 0
10-25 09:48:29.107 23148 23148 D ResourcesManagerExtImpl: applyConfigurationToAppResourcesLocked app.getDisplayId() return callback.displayId:-1
10-25 09:48:30.099  3408  3449 D ShortcutService: rescanPackageIfNeeded 0@com.instagram.barcelona, forceRescan=false , isNewApp=false
10-25 09:48:30.102  3408  8174 W PackageManager: package com.instagram.barcelona uid 10375 pid 23148 call SetEnabledSetting(com.instagram.barcelona component = com.facebook.rti.push.service.FbnsService, 1, 0)
10-25 09:48:30.105  3408  5077 W ActivityManager: Background start not allowed: service Intent { act=com.facebook.rti.fbns.intent.REGISTER cmp=com.instagram.barcelona/com.facebook.rti.push.service.FbnsService (has extras) mCallingUid=10375 } to com.instagram.barcelona/com.facebook.rti.push.service.FbnsService from pid=23148 uid=10375 pkg=com.instagram.barcelona startFg?=false
10-25 09:48:30.108  3408  5077 D ShortcutService: rescanPackageIfNeeded 0@com.instagram.barcelona, forceRescan=false , isNewApp=false
10-25 09:48:30.111  3408  3449 D ShortcutService: rescanPackageIfNeeded 0@com.instagram.barcelona, forceRescan=false , isNewApp=false
10-25 09:48:30.154  3408  3449 I ActivityManager: Flag disabled. Ignoring finishAttachApplication from uid: 10375. pid: 23148
10-25 09:48:30.163  3408  3449 W PackageManager: package com.instagram.barcelona uid 10375 pid 23148 call SetEnabledSetting(com.instagram.barcelona component = com.instagram.push.FbnsInitBroadcastReceiver, 1, 0)
10-25 09:48:30.166  3408  8174 W PackageManager: package com.instagram.barcelona uid 10375 pid 23148 call SetEnabledSetting(com.instagram.barcelona component = com.facebook.rti.push.service.FbnsService, 1, 0)
10-25 09:48:30.166  3408  3449 W ActivityManager: Background start not allowed: service Intent { act=Orca.START cmp=com.instagram.barcelona/com.facebook.rti.push.service.FbnsService (has extras) mCallingUid=10375 } to com.instagram.barcelona/com.facebook.rti.push.service.FbnsService from pid=23148 uid=10375 pkg=com.instagram.barcelona startFg?=false
10-25 09:48:30.197  3408  5077 W PackageManager: package com.instagram.barcelona uid 10375 pid 23148 call SetEnabledSetting(com.instagram.barcelona component = com.instagram.push.FbnsInitBroadcastReceiver, 1, 0)
10-25 09:48:30.199  3408  8174 W PackageManager: package com.instagram.barcelona uid 10375 pid 23148 call SetEnabledSetting(com.instagram.barcelona component = com.facebook.rti.push.service.FbnsService, 1, 0)
10-25 09:48:30.202  3408  8174 W ActivityManager: Background start not allowed: service Intent { act=Orca.START cmp=com.instagram.barcelona/com.facebook.rti.push.service.FbnsService (has extras) mCallingUid=10375 } to com.instagram.barcelona/com.facebook.rti.push.service.FbnsService from pid=23148 uid=10375 pkg=com.instagram.barcelona startFg?=false
10-25 09:48:30.213  3408  3495 D ShortcutService: Getting shortcuts for launcher= com.google.android.asuser=0 pkg=com.instagram.barcelona
10-25 09:48:30.214  3408  4403 D ShortcutService: Saving package item com.instagram.barcelona to /data/system_ce/0/shortcut_service/packages/com.instagram.barcelona.xml
10-25 09:48:30.214  3408  3495 D ShortcutService: Getting shortcuts for launcher= com.android.launcheruser=0 pkg=com.instagram.barcelona
10-25 09:48:30.225  3408  3495 D ShortcutService: Getting shortcuts for launcher= com.android.systemuiuser=0 pkg=com.instagram.barcelona
10-25 09:48:31.537  3408  3529 D BatteryStatsImplExtImpl: mActiveProcesses size = 67
10-25 09:48:31.538  3408  3529 D BatteryStatsImplExtImpl: rpmhStats is null or interval time is too short.
10-25 09:48:34.542  3408  4149 E AppOps  : attributionTag  not declared in manifest of com.oplus.healthservice
10-25 09:48:34.545  3408  4149 E AppOps  : attributionTag  not declared in manifest of com.oplus.healthservice
10-25 09:48:35.215  3408  3631 D PowerManagerService: userActivityNoUpdateLocked: groupId=0, eventTime=138068878, event=touch, flags=0x0, uid=1000
10-25 09:48:35.297  3408  5497 D FlexibleTaskController: hideZoomWindow flag = 12 ,caller = 26589
10-25 09:48:35.298  3408  3631 D PowerManagerService: userActivityNoUpdateLocked: groupId=0, eventTime=138068982, event=touch, flags=0x0, uid=1000
10-25 09:48:35.308  3408  3408 D OplusFlexibleWindowMinimizedManagerHelper: onReceive, intent = android.intent.action.CLOSE_SYSTEM_DIALOGS reason:recentapps state:0
10-25 09:48:35.321  3408  3496 D SystemGestures: detectSwipe: 2
10-25 09:48:35.322  3408  3496 D WindowManager: request show transient bar, navigationBar already visible
10-25 09:48:35.402  3408  3631 D PowerManagerService: userActivityNoUpdateLocked: groupId=0, eventTime=138069086, event=touch, flags=0x0, uid=1000
10-25 09:48:35.409  3408  3509 W UserAwareMgr: can not find match thread: RecentTasksList for process com.android.launcher
10-25 09:48:35.411 26589 27210 D LinearmotorVibrator: vibrate: effect=WaveformEffect { 66c2783, effectType=1, effectStrength=-1, effectLoop=false, ringtoneVibrateType=-1, isRingtoneCustomized=false, ringtoneFilePath=, strengthSettingEnabled=true, asynchronous=false, usageHint=0 }
10-25 09:48:35.411  3408  5497 I VibratorManagerServiceExtImpl: vibrate is uid=10241, pid=26589, opPkg=com.android.launcher, effect=Mono{mEffect=Composed{segments=[OplusVibrationEffectSegment{mEffectId=1, mEffectStrength=-1, mRingtonePath=''}], repeat=-1}}, attributes=VibrationAttributes{mUsage=UNKNOWN, mAudioUsage= USAGE_UNKNOWN, mCategory=UNKNOWN, mFlags=0}, reason=null, token=197164741
10-25 09:48:35.411  3408  3449 D ActivityTaskManager: Skipping, invisible task: Task{2ddd2ba #5 type=home I=com.android.launcher/.Launcher}
10-25 09:48:35.412  3408  3449 D ActivityTaskManager: pre-Filtered:com.whereu.whereu # com.google.android.dialer # com.whatsapp # com.google.android.apps.nbu.paisa.user # com.oppo.quicksearchbox # 
10-25 09:48:35.412  3408  3449 D ActivityTaskManager: after skip size 5
10-25 09:48:35.413  3408  4174 W VibrationScaler: Got unexpected vibration intensity: 2000
10-25 09:48:35.413  3408  4174 E VibrationScaler: No configured scaling level found! (current=2000, default= 2)
10-25 09:48:35.413  3408  4174 D VibrationThread: Perform OplusPrebakedSegment{mWaveformId=2, mDuration=45, mEffectStrength=2000, mDefaultUsage=TOUCH} on vibrator 0
10-25 09:48:35.431  3408  3509 W UserAwareMgr: can not find match thread: UrgentTransactionHelper for process com.android.launcher
10-25 09:48:35.431  3408  3509 W UserAwareMgr: can not find match thread: TaskThumbnailCache for process com.android.launcher
10-25 09:48:35.431  3408  3509 W UserAwareMgr: can not find match thread: TaskIconCache for process com.android.launcher
10-25 09:48:35.468  3408  4174 E AppOps  : Operation not started: uid=10241 pkg=com.android.launcher(null) op=VIBRATE
10-25 09:48:35.508  3408  3631 D PowerManagerService: userActivityNoUpdateLocked: groupId=0, eventTime=138069190, event=touch, flags=0x0, uid=1000
10-25 09:48:35.583  3408  3449 I StatusBarManagerService: disableLocked, what:920000, pkg:com.android.launcher userId: 0 token:android.os.BinderProxy@baf4241 net1:920000 net2:0
10-25 09:48:35.586  3408  3509 W UserAwareMgr: can not find match thread: WallpaperTransactionHelper for process com.android.launcher
10-25 09:48:35.590  3408  8174 D OplusWallpaperAnimationManager: cancelSurfaceAnimation reason: play_animation, isAnimating: false, by window: Window{5955dfd u0 com.android.launcher/com.android.launcher.Launcher}
10-25 09:48:35.590  3408  8174 D OplusWallpaperAnimationManager: startScaleAnimation frame: Rect(0, 0 - 1081, 2376) parentFrame: Rect(0, 0 - 1080, 2376) from: 1.0 to: 1.2 duration: 650 mTargetZoom: -1.0 targetZoom: -1.0 by window: Window{5955dfd u0 com.android.launcher/com.android.launcher.Launcher}
10-25 09:48:35.591  3408  3500 D OplusWallpaperSurfaceAnimation: setAnimationState curState: INITIALIZED
10-25 09:48:35.595  3408  3500 D OplusWallpaperAnimationManager: onAnimationStart
10-25 09:48:35.595  3408  3500 D OplusWallpaperAnimationManager: setSkipUpdateWallpaperPosition skip: true, wallpaper: Window{e3d776c u0 false com.android.systemui.wallpapers.ImageWallpaper}
10-25 09:48:35.596  3408  3500 D OplusWallpaperSurfaceAnimation: setAnimationState curState: STARTED
10-25 09:48:36.177  3408  3631 D PowerManagerService: userActivityNoUpdateLocked: groupId=0, eventTime=138069861, event=touch, flags=0x0, uid=1000
10-25 09:48:36.251  3408  3500 D OplusWallpaperSurfaceAnimation: resetEnable curState: STARTED
10-25 09:48:36.254  3408  3500 D OplusWallpaperAnimationManager: onAnimationEnd
10-25 09:48:36.254  3408  3500 D OplusWallpaperAnimationManager: setSkipUpdateWallpaperPosition skip: false, wallpaper: Window{e3d776c u0 false com.android.systemui.wallpapers.ImageWallpaper}
10-25 09:48:36.254  3408  3500 D OplusWallpaperSurfaceAnimation: setAnimationState curState: IDLE
10-25 09:48:36.279  3408  4019 D OplusFlexibleWindowMinimizedManagerHelper: needExitMinimizedBeforeStartRecent mode:-1
10-25 09:48:36.279  3408  4019 E OplusSplitScreenManagerService: checkCallingFromSystemUI, caller is not SystemUI, callerUid=10241, SystemUI uid=10244
10-25 09:48:36.280  3408  4019 D FlexibleTaskController: onStartActivityFromRecents task:Task{c220f54 #4912 type=standard A=10390:com.whereu.whereu}, options:ActivityOptions(196470507), mPackageName=null, mAnimationType=13, mStartX=0, mStartY=0, mWidth=0, mHeight=0, mLaunchDisplayId=0 ,taskForceMaximized:false ,isFlexibleTask:false ,pendingLaunchZoom:false ,zoomLaunchFlags:3
10-25 09:48:36.283  3408  4019 I TaskFragmentExtImpl: reset pause in recents anim for mTaskFragment: Task{c220f54 #4912 type=standard A=10390:com.whereu.whereu}
10-25 09:48:36.283  3408  4019 D FlexibleTaskController: shouldKeepFlexibleTask flexibleTask not active.
10-25 09:48:36.283  3408  4019 E OplusAppQuickStart_AppQuickStartController: notifyStartActivityFromRecents task:Task{c220f54 #4912 type=standard A=10390:com.whereu.whereu} mStartFromRecents:true mStartFromSlide:false callingUid:10241
10-25 09:48:36.286  3408  3499 D OplusAppQuickStart_AppQuickStartingSurface: removeQuickStartingSurface null, callers=com.android.server.wm.OplusAppQuickStartController.removeStartingSurfaceWhenVisibleChange:1037 com.android.server.wm.TaskExtImpl.removeStartingSurfaceWhenVisibleChange:3405 com.android.server.wm.Task.prepareSurfaces:3784 com.android.server.wm.WindowContainer.prepareSurfaces:3235 com.android.server.wm.WindowContainer.prepareSurfaces:3235 com.android.server.wm.WindowContainer.prepareSurfaces:3235 com.android.server.wm.WindowContainer.prepareSurfaces:3235 com.android.server.wm.WindowContainer.prepareSurfaces:3235 
10-25 09:48:36.289  3408  4019 D WindowManager: NFW_setClientVisible:ActivityRecord{5172ae1 u0 com.whereu.whereu/.activities.SplashActivity clientVisible:true
10-25 09:48:36.290  3408  4019 D FlexibleTaskController: isSupportFlexibleWindow target = com.whereu.whereu/.activities.SplashActivity callPkg = FlexibleTaskController support = true ,caller = 3408
10-25 09:48:36.290  3408  4019 D ActivityStarterExtImpl: do not intercept for realCallingAppIsHomeApp or CallingAppIsHomeApp
10-25 09:48:36.291  3408  4019 D FlexibleWindowManagerService: isIgnoreAppearedAcrossTask:false
10-25 09:48:36.291  3408  4019 D ActivityStarterExtImpl: setForceUpdateWindow, targetTask = Task{c220f54 #4912 type=standard A=10390:com.whereu.whereu} r = ActivityRecord{5172ae1 u0 com.whereu.whereu/.activities.SplashActivity t-1} notFinish =false
10-25 09:48:36.291  3408  4019 D FlexibleWindowManagerService: isIgnoreAppearedAcrossTask:false
10-25 09:48:36.291  3408  4019 D FlexibleTaskController: findSourceTaskForFreeForm: sourceRecord = null ,realCallingPid:26589 ,launchFromZoomMode:false ,prevTopTask:Task{2ddd2ba #5 type=home I=com.android.launcher/.Launcher}
10-25 09:48:36.291  3408  4019 D FlexibleTaskController: findSourceTaskForFreeForm: the caller is not a flexible freeform window application and does not have a zoom windowMode startup parameter
10-25 09:48:36.291  3408  4019 D FlexibleTaskController: adjustOptionsForFlexibleTask not allow options follow process task's options, reason:9 ,reusedOptions:null
10-25 09:48:36.291  3408  4019 D FlexibleTaskController: isSupportFlexibleWindow target = com.whereu.whereu/.activities.SplashActivity callPkg = FlexibleTaskController support = true ,caller = 3408
10-25 09:48:36.291  3408  4019 D FlexibleWindowManagerService: no reused task found for ActivityRecord{5172ae1 u0 com.whereu.whereu/.activities.SplashActivity t-1}
10-25 09:48:36.291  3408  4019 D ActivityStarterExtImpl: isLaunchingRootActivity = true
10-25 09:48:36.294  3408  4019 D OplusStartingWindowManager: we don't revise window flags for third app
10-25 09:48:36.294  3408  4019 D ActivityTaskManager: validateStartingWindowTheme:  Pkg=com.whereu.whereu, Translucent=false, Floating=false, ShowWallpaper=false, Disable=false, LaunchSource=1, Prev=null, LaunchedFromPackage=com.android.settings
10-25 09:48:36.294  3408  4019 D ActivityTaskManager: addStartingWindow for ActivityRecord{5172ae1 u0 com.whereu.whereu/.activities.SplashActivity t4912}, mainWin=null, state=INITIALIZING, isKeyguardLocked=false, isKeyguardGoingAway=false
10-25 09:48:36.294  3408  4019 D ActivityTaskManager: getStartingWindowType: , newTask=true, taskSwitch=true, processRunning=false, allowTaskSnapshot=true, activityCreated=false, activityAllDrawn=false, snapshot exist: false
10-25 09:48:36.294  3408  4019 D ActivityRecordExtImpl: handleStartingWindowForCompactWindow origin type:2, adjustType : 2
10-25 09:48:36.294  3408  4019 D OplusAppQuickStart_OplusAppQuickStart: isInRemoteInterrupt isInInterruptScene:false, recents=null, ar=ActivityRecord{5172ae1 u0 com.whereu.whereu/.activities.SplashActivity t4912}
10-25 09:48:36.295  3408  4019 D OplusAppQuickStart_AppQuickStartingSurface: create createSplashScreenSurface do nothing, ar: ActivityRecord{5172ae1 u0 com.whereu.whereu/.activities.SplashActivity t4912}
10-25 09:48:36.295  3408  4019 D OplusAppQuickStart_AppQuickStartingSurface: create createSplashScreenSurface do nothing, ar: ActivityRecord{5172ae1 u0 com.whereu.whereu/.activities.SplashActivity t4912}
10-25 09:48:36.295  3408  4019 D OplusAppQuickStart_AppQuickStartingSurface: init startingSurface syncTransition=false, applyImmediately: false, tx: 14637249125387, surface: null
10-25 09:48:36.295  3408  4019 D TaskFragmentExtImpl: shouldDeferResumeUntilRecentsAnimFinished prev=ActivityRecord{5172ae1 u0 com.whereu.whereu/.activities.SplashActivity t4912}, next=ActivityRecord{5172ae1 u0 com.whereu.whereu/.activities.SplashActivity t4912}, task=Task{c220f54 #4912 type=standard A=10390:com.whereu.whereu}
10-25 09:48:36.296  4814  4910 D PhoneStartingWindowTypeAlgorithm: preferredStartingWindowType newTask=true, taskSwitch=true, processRunning=false, allowTaskSnapshot=true, activityCreated=false, isSolidColorSplashScreen=false, legacySplashScreen=false, activityDrawn=false, windowless=false, topIsHome=false
10-25 09:48:36.296  4814  4910 D OplusShellStartingWindowManager: getReviseStartingWindowType not support, windowInfo is null
10-25 09:48:36.297  4814  4910 D OplusShellStartingWindowManager: adjustSuggestedWindowType originType: 1, wi: StartingWindowInfo{taskId=4912 targetActivityInfo=null displayId=0 topActivityType=1 preferredStartingWindowType=8b insetsState=null topWindowLayoutParams=null mainWindowLayoutParams=null splashScreenThemeResId 7f140278, exi: OplusStartingWindowExtendedInfo{mAppToken=android.os.BinderProxy@ef676aa, mSupportSplashScreenPreview=false, mIsSystemApp=false, mIsExceptionListApp=false, mPreviewBitmap=null, mShouldDrawBackground=false, mForceLightMode=false, mForceNightMode=false, mNotSupportNightMode=false, mForcePreview=false, mForceBigIcon=false, mQuickStartingSurface=null, mForceSolidColorSplash=false}
10-25 09:48:36.297  4814  4910 D OplusShellStartingWindowManager: adjustSuggestedWindowType: skip no-system app and no-exception list app
10-25 09:48:36.298  4814  4911 D ShellStartingWindow: getWindowAttrs SplashScreenWindowAttrs{ mWindowBgResId: 7f060053, mWindowBgColor: 0, mWindowBgImage: false, mSplashScreenIcon: false, mBrandingImage: false, mIconBgColor: 0, uiMode: 0}
10-25 09:48:36.298  4814  4911 I ShellStartingWindow: makeSplashScreenContentView themeBGColor: ffffffff, isDark: false, last config hash: -1789901160
10-25 09:48:36.300  4814  4858 V WindowManagerShell: Transition requested (#6828): android.os.BinderProxy@a444de4 TransitionRequestInfo { type = OPEN, triggerTask = TaskInfo{userId=0 taskId=4912 displayId=0 isRunning=true baseIntent=Intent { act=android.intent.action.MAIN cat=[android.intent.category.LAUNCHER] flg=0x10100000 pkg=com.whereu.whereu cmp=com.whereu.whereu/.activities.SplashActivity mCallingUid=1000 } baseActivity=ComponentInfo{com.whereu.whereu/com.whereu.whereu.activities.SplashActivity} topActivity=ComponentInfo{com.whereu.whereu/com.whereu.whereu.activities.SplashActivity} origActivity=null realActivity=ComponentInfo{com.whereu.whereu/com.whereu.whereu.activities.SplashActivity} numActivities=1 lastActiveTime=295036946 supportsSplitScreenMultiWindow=true supportsMultiWindow=true supportsPocketStudioMultiWindow=true isInFlexibleEmbedded = false uid = 10390 pid = 0 resizeMode=1 isResizeable=true minWidth=-1 minHeight=-1 defaultMinSize=220 token=WCT{android.window.IWindowContainerToken$Stub$Proxy@128d24d} topActivityType=1 pictureInPictureParams=null shouldDockBigOverlays=false launchIntoPipHostTaskId=-1 lastParentTaskIdBeforePip=-1 displayCutoutSafeInsets=Rect(0, 120 - 0, 0) topActivityInfo=ActivityInfo{3033102 com.whereu.whereu.activities.SplashActivity} launchCookies=[] positionInParent=Point(0, 0) parentTaskId=-1 isFocused=false isVisible=false isVisibleRequested=false isSleeping=false locusId=null displayAreaFeatureId=1 isTopActivityTransparent=false appCompatTaskInfo=AppCompatTaskInfo { topActivityInSizeCompat=false topActivityInOplusCompatMode=false topActivityEligibleForLetterboxEducation= falseisLetterboxEducationEnabled= false isLetterboxDoubleTapEnabled= false topActivityEligibleForUserAspectRatioButton= false topActivityBoundsLetterboxed= false isFromLetterboxDoubleTap= false topActivityLetterboxVerticalPosition= -1 topActivityLetterboxHorizontalPosition= -1 topActivityLetterboxWidth=1080 topActivityLetterboxHeight=2376 isUserFullscreenOverrideEnabled=false isSystemFullscreenOverrideEnabled=false cameraCompatTaskInfo=CameraCompatTaskInfo { cameraCompatControlState=hidden freeformCameraCompatMode=inactive}} topActivityLetterboxInsets=Rect(0, 0 - 0, 0) mOplusExtraBundle = Bundle[mParcelledData.dataSize=1032]}, pipTask = null, remoteTransition = RemoteTransition { remoteTransition = android.window.IRemoteTransition$Stub$Proxy@ad6aa13, recentAnimRunner = null, appThread = android.app.IApplicationThread$Stub$Proxy@2ea6450, debugName = QuickstepLaunch }, displayChange = null, flags = 0, debugId = 6828 }
10-25 09:48:36.300  3408  4019 I ActivityTaskManager: START u0 {act=android.intent.action.MAIN cat=[android.intent.category.LAUNCHER] flg=0x10100000 pkg=com.whereu.whereu cmp=com.whereu.whereu/.activities.SplashActivity mCallingUid=1000} with LAUNCH_MULTIPLE from uid 1000 (realCallingUid=10241) (BAL_ALLOW_ALLOWLISTED_UID) result code=0
10-25 09:48:36.300  4814  4858 V WindowManagerShell: RemoteTransition directly requested for (#6828) android.os.BinderProxy@a444de4: RemoteTransition { remoteTransition = android.window.IRemoteTransition$Stub$Proxy@ad6aa13, recentAnimRunner = null, appThread = android.app.IApplicationThread$Stub$Proxy@2ea6450, debugName = QuickstepLaunch }
10-25 09:48:36.303  3408  3499 D FlexibleWindowManagerService: onFlexibleWindowTaskAppeared: task = 4912, visible = false
10-25 09:48:36.303  3408  3499 D OplusFlexibleWindowMinimizedManagerHelper: onTaskAppered taskInfo:4912
10-25 09:48:36.303  3408  3499 D OplusFlexibleDragToSplitAnimController: visibleFlexibleTaskInfos delete:4912
10-25 09:48:36.303  3408  3499 E FlexibleWindowManagerService: notifyTaskObserverToAttachController not need to notify!
10-25 09:48:36.303  3408  3499 D FlexibleWindowManagerService: should not dispatch appeared task Task{c220f54 #4912 type=standard A=10390:com.whereu.whereu}
10-25 09:48:36.305  4814  4911 D ShellStartingWindow: inconsize = 480
10-25 09:48:36.307  3408  5493 D ActivityTaskManager: attachStartingWindow: mStartingData=SplashScreenStartingData{d344324 waitForSyncTransactionCommit=false removeAfterTransaction= 0},mStartingWindow=Window{af8e51 u0 Splash Screen com.whereu.whereu}
10-25 09:48:36.307  3408  5493 I WindowManager: addWindow: New client android.os.BinderProxy@fe82778 : window=Window{af8e51 u0 Splash Screen com.whereu.whereu}
10-25 09:48:36.310  5300  7519 I iopgp   : Iopgp: TRANSACTION_IOPGP_PRELOAD Sequence_id = 379 pkg_name = com.whereu.whereu uid = 10390 size = 1 isProfile = 1
10-25 09:48:36.311  4814  4858 D WindowManagerShell: setLauncherKeepClearAreaHeight: visible=false, height=252
10-25 09:48:36.312  3408  4019 D CoreBackPreview: Window{af8e51 u0 Splash Screen com.whereu.whereu}: Setting back callback OnBackInvokedCallbackInfo{mCallback=android.window.IOnBackInvokedCallback$Stub$Proxy@d8dbe8d, mPriority=0, mIsAnimationCallback=false}
10-25 09:48:36.312  3408  5493 D WindowManagerServiceExtImpl: extractConfigInfoAndRealFlags rotation=0, screenDp=0, residentWS:0, scenario:0, bounds:2376, serverWinBounds:Rect(0, 0 - 1080, 2376), win=Window{af8e51 u0 Splash Screen com.whereu.whereu}
10-25 09:48:36.312  3408  5493 V WindowManager: Relayout Window{af8e51 u0 Splash Screen com.whereu.whereu}: viewVisibility=0, oldvis=0, req=1080x2376, vsysui=, x=0, y=0
10-25 09:48:36.312  3408  5493 I WindowManager: Window{af8e51 u0 Splash Screen com.whereu.whereu} state from NO_SURFACE to DRAW_PENDING; reason: resetDrawState
10-25 09:48:36.314  3408  5493 D QuickBackInputPolicy: hasMultiChildrenInTask: false
10-25 09:48:36.314  3408  5493 D WindowManager: NFW_findFocusedWindowIfNeeded:Window{5955dfd u0 com.android.launcher/com.android.launcher.Launcher} mCurrentFocus:Window{5955dfd u0 com.android.launcher/com.android.launcher.Launcher}
10-25 09:48:36.314  3408  5497 D TaskFragmentExtImpl: shouldDeferResumeUntilRecentsAnimFinished prev=ActivityRecord{c32df67 u0 com.android.launcher/.Launcher t5}, next=null, task=Task{2ddd2ba #5 type=home I=com.android.launcher/.Launcher}
10-25 09:48:36.315  3408  5497 D TaskFragmentExtImpl: shouldDeferResumeUntilRecentsAnimFinished prev=ActivityRecord{c32df67 u0 com.android.launcher/.Launcher t5}, next=ActivityRecord{5172ae1 u0 com.whereu.whereu/.activities.SplashActivity t4912}, task=Task{c220f54 #4912 type=standard A=10390:com.whereu.whereu}
10-25 09:48:36.315  3408  5497 I OplusAccessController: enter isIgnoreAppSwitchActivity
10-25 09:48:36.315  3408  5497 I OplusAccessController: enter isIgnoreAppSwitchActivity and intent != null
10-25 09:48:36.315  3408  5497 I OplusAccessController: enter isIgnoreAppSwitchActivity and componentName != null
10-25 09:48:36.315  3408  5497 I OplusAccessController: enter isIgnoreAppSwitchActivity and packageName&activity is not Empty
10-25 09:48:36.315  4814  4910 W VRI[whereu]: updateBlastSurfaceIfNeeded, surfaceSize:Point(1080, 2376), lastSurfaceSize:Point(0, 0), format:-3, blastBufferQueue:null
10-25 09:48:36.316  3408  4462 D JobSchedulerServiceExtImpl: updateOsenseRestrictMode for 1 true false
10-25 09:48:36.316  3408  5497 D ActivityTaskManager: setAppVisibility(Token{e8a06c7 ActivityRecord{5172ae1 u0 com.whereu.whereu/.activities.SplashActivity t4912}}, visible=true): mNextAppTransitionRequests=[], mNextAppTransitionFlags=,mAppTransitionState=APP_STATE_IDLE visible=false mVisibleRequested=false
10-25 09:48:36.316  3408  5497 D ActivityTaskManager: setVisibility(Token{e8a06c7 ActivityRecord{5172ae1 u0 com.whereu.whereu/.activities.SplashActivity t4912}}, visible=true) defer commitVisibility for transition collecting
10-25 09:48:36.316  3408  5229 D NativeFreezeManager: freezeForAppSwitchScene mAppLaunchFzDxEnable enter, mFgAppPkgname com.whereu.whereu
10-25 09:48:36.316  3408  5497 D ActivityTaskManager: setAppVisibility(Token{483956b ActivityRecord{c32df67 u0 com.android.launcher/.Launcher t5}}, visible=false): mNextAppTransitionRequests=[], mNextAppTransitionFlags=,mAppTransitionState=APP_STATE_IDLE visible=true mVisibleRequested=true
10-25 09:48:36.316  3408  5497 D ActivityTaskManager: setVisibility(Token{483956b ActivityRecord{c32df67 u0 com.android.launcher/.Launcher t5}}, visible=false) defer commitVisibility for transition collecting
10-25 09:48:36.330  3408  5497 D OplusTransitionController: onSyncFinishedDrawing, Window{af8e51 u0 Splash Screen com.whereu.whereu}
10-25 09:48:36.331  3408  5497 I WindowManager: finishDrawing skipLayout:false,syncSeqId=0,mPrepareSyncSeqId=0 Window{af8e51 u0 Splash Screen com.whereu.whereu} com.android.server.wm.WindowManagerService.finishDrawingWindow:3156 com.android.server.wm.Session.finishDrawing:385 android.view.IWindowSession$Stub.onTransact:824 
10-25 09:48:36.331  3408  5497 I WindowManager: Window{af8e51 u0 Splash Screen com.whereu.whereu} state from DRAW_PENDING to COMMIT_DRAW_PENDING; reason: finishDrawingLocked
10-25 09:48:36.331  3408  5497 D OplusTransitionAnimationManager: skipFinishDrawingIfNeed clientRotation=0, currentRotation=0, hasFixedRotationApp=false, requestedOrientation=-1, win=Window{af8e51 u0 Splash Screen com.whereu.whereu}, activity=ActivityRecord{5172ae1 u0 com.whereu.whereu/.activities.SplashActivity t4912}, currentConfig={1.0 ??mcc??mnc [en_GB] ldltr sw360dp w360dp h736dp 480dpi nrml long hdr widecg port finger -keyb/v/h -nav/h winConfig={ mBounds=Rect(0, 0 - 1080, 2376) mAppBounds=Rect(0, 120 - 1080, 2328) mMaxBounds=Rect(0, 0 - 1080, 2376) mDisplayRotation=ROTATION_0 mWindowingMode=fullscreen mActivityType=standard mAlwaysOnTop=undefined mRotation=ROTATION_0} s.2 fontWeightAdjustment=0mThemeChanged= 0, mThemeChangedFlags= 0, mFlipFont= 0, mScenario= 0, mAccessibleChanged= -1, mUxIconConfig= 1174056180004684081, mMaterialColor= 0, mUserId= 0, mFontUserId= 0, mFontVariationSettings= 1226, mFoldingAngle = -1.0, mIconPackName= , mDarkModeBackgroundMaxL= 0.0, mDarkModeDialogBgMaxL= 27.0, mDarkModeForegroundMinL= 100.0, mOplusConfigType= 1, mOplusChangedConfigs= 0, OpSans= -1, mBurmeseFontFlag= 2, mFlag= 0, mExtraFlag= 0, mFlexibleActivitySuitable= -1, mPuttDisplayFlag= -1}
10-25 09:48:36.332  3408  3499 I WindowManager: Window{af8e51 u0 Splash Screen com.whereu.whereu} state from COMMIT_DRAW_PENDING to READY_TO_SHOW; reason: commitFinishDrawingLocked
10-25 09:48:36.332  3408  3499 D ActivityTaskManager: onStartingWindowDrawn: app=null, mStartingData=SplashScreenStartingData{d344324 waitForSyncTransactionCommit=false removeAfterTransaction= 0}, finishing=false,mLaunchedFromBubble=false, mVisibleRequested=true, mDisplayContent=Display{#0 state=ON size=1080x2376 ROTATION_0}, isZoomMode=false
10-25 09:48:36.332  3408  3498 D ActivityManager: Async freezing 18013 com.coloros.assistantscreen
10-25 09:48:36.334  3408  3499 D WindowManager: rotation(ROTATION_0) no changed  displayId = 0, lastOrientation = -1
10-25 09:48:36.334  3408  3499 D OplusAppQuickStart_OplusAppQuickStart: isInRemoteInterrupt isInInterruptScene:false, recents=null, ar=ActivityRecord{5172ae1 u0 com.whereu.whereu/.activities.SplashActivity t4912}
10-25 09:48:36.334  3408  3499 D OplusAppQuickStart_OplusAppQuickStart: shouldDoCapture result=true, isValidFile=false, isForceDoCapturePackage=false, isStartFromSecondaryPage=false, reason=startingWindowDrawn, capBitmapFile=/data/system/splash/com.whereu.whereu_0_17.webp, lastModify: 0, fileSize=0
10-25 09:48:36.334  3408  3499 D OplusAppQuickStart_AppQuickStartController: notifyStartingWindowDrawn getType()=2 mNeedCap=true mReportedDrawn=false shouldDoCapture:true
10-25 09:48:36.335  3408  3499 D ActivityTaskManager: commitVisibility: ActivityRecord{5172ae1 u0 com.whereu.whereu/.activities.SplashActivity t4912}: visible=true visibleRequested=true, isInTransition=true, runningAnimation=true 
10-25 09:48:36.335  3408  3499 I WindowManager: Window{af8e51 u0 Splash Screen com.whereu.whereu} state from READY_TO_SHOW to HAS_DRAWN; reason: performShowLocked
10-25 09:48:36.335  3408  3499 I WindowStateExtImpl: onSurfaceShowChange show = true mPackageName = com.whereu.whereu parentPkgName = com.whereu.whereu
10-25 09:48:36.335  3408  3499 D OplusAppQuickStart_AppQuickStartController: notifyStartingWindowDrawn getType()=2 mNeedCap=false mReportedDrawn=false shouldDoCapture:false
10-25 09:48:36.335  3408  3499 D OplusAppQuickStart_AppQuickStartController: reset the value of mStartFromLauncherBeforeAnimGo to false
10-25 09:48:36.335  3408  3499 D Transition: collectOrderChanges onTopTasksEnd: [Task{c220f54 #4912 type=standard A=10390:com.whereu.whereu}], reportedOnTop:null, mOnTopTasksStart: [Task{966902a #1 type=home}, Task{2ddd2ba #5 type=home I=com.android.launcher/.Launcher}], TDA child: [Task{853963c #2 type=undefined}, Task{51fdc03 #4895 type=standard A=10140:com.oppo.quicksearchbox}, Task{1207aa3 #4896 type=standard I=com.google.android.apps.nbu.paisa.user/com.google.nbu.paisa.flutter.gpay.app.LauncherActivity}, Task{ead4903 #4890 type=standard A=10340:com.whatsapp}, Task{966902a #1 type=home}, Task{c220f54 #4912 type=standard A=10390:com.whereu.whereu}]
10-25 09:48:36.335  3408  3499 D Transition: collectOrderChanges **mParticipants add task: Task{c220f54 #4912 type=standard A=10390:com.whereu.whereu}
10-25 09:48:36.335  3408  3498 D ActivityManager: Async freezing 18829 com.coloros.assistantscreen
10-25 09:48:36.335  3408  3499 D OplusFlexibleActivityTransitionManager: fixTransitType type result:1, targets: [Task{c220f54 #4912 type=standard A=10390:com.whereu.whereu}, Task{966902a #1 type=home}]
10-25 09:48:36.337  3408  3499 D OplusTransitionAnimationManager: markLaunchFromDriveIfNeed: isFromDrive = false
10-25 09:48:36.337  3408  3499 D OplusTransitionAnimationManager: markLaunchFromDriveIfNeed: isFromDrive = false
10-25 09:48:36.337  3408  3499 D QuickBackInputPolicy: resetInputInterceptState for remoteTransition: false
10-25 09:48:36.337  3408  3499 D OplusTransitionController: onTransactionReady, transition: 6828, 
10-25 09:48:36.337  3408  3499 D OplusTransitionController:  info: {id=6828 t=OPEN f=0x0 trk=0 r=[0@Point(0, 0)] c=[{WCT{RemoteToken{a6f4752 Task{c220f54 #4912 type=standard A=10390:com.whereu.whereu}}} m=TO_FRONT f=MOVE_TO_TOP leash=Surface(name=Task=4912)/@0xbb5a68e sb=Rect(0, 0 - 1080, 2376) eb=Rect(0, 0 - 1080, 2376) d=0 taskParent=-1},{WCT{RemoteToken{490d1c5 Task{966902a #1 type=home}}} m=TO_BACK f=SHOW_WALLPAPER leash=Surface(name=Task=1)/@0x4f1871a sb=Rect(0, 0 - 1080, 2376) eb=Rect(0, 0 - 1080, 2376) d=0 taskParent=-1}] extendInfo=[OplusTransitionExtendedInfo{mTmpFinishT=null, mInOplusCompatMode=false, mIsProcessRunning=false, mHasMismatchBoundsTarget=false, mRecentsController=null, mIsTranslucentActivityToHome=false, mAvoidInterceptKeyEventToHome=false, mIsFromHome=true, mParentLeash=null, mIsOplusAnimRes=false, mIsFromOverlay=false, mIsBalAllow=false, mTaskNotInRecent=false, mIsLaunchFromSpruce=false, mIsLaunchFromDrive=false, mAssistScreenShowing=false, mUserIdTransition=0, mInRemoteScene=false, mInPreReady=false, mPreStart=false, mToken=null, mShellApplyToken=null, mRequestTransitionTaskId=4912, mAbortTransitionOnShell=0, mTaskIdStartFromRecents=0, mTransitionId=6828, mFoldChangeType=-1, mAnimStartingPosition=[0, 0, 0, 0], mIsOpeningStkDialogActivity=false, mIsNeedApplyStartTForEmbedded=false}]}, 
10-25 09:48:36.337  3408  3499 D OplusTransitionController:  targets : [Task{c220f54 #4912 type=standard A=10390:com.whereu.whereu}, Task{966902a #1 type=home}], 
10-25 09:48:36.337  3408  3499 D OplusTransitionController:  participants: {ActivityRecord{5172ae1 u0 com.whereu.whereu/.activities.SplashActivity t4912}, WallpaperWindowToken{b4382ba token=android.os.Binder@245ec5a showWhenLocked=true}, Task{c220f54 #4912 type=standard A=10390:com.whereu.whereu}, ActivityRecord{c32df67 u0 com.android.launcher/.Launcher t5}, WallpaperWindowToken{f2dfd39 token=android.os.Binder@533f9b9 showWhenLocked=false}}, 
10-25 09:48:36.337  3408  3499 D OplusTransitionController:  playings:[TransitionRecord{4eb5eaf id=6828 track=0 type=OPEN flags=0x0 state=2}]
10-25 09:48:36.339  3408  3495 V WindowManager: Sent Transition (#6828) createdAt=10-25 09:48:36.290 via request=TransitionRequestInfo { type = OPEN, triggerTask = TaskInfo{userId=0 taskId=4912 displayId=0 isRunning=true baseIntent=Intent { act=android.intent.action.MAIN cat=[android.intent.category.LAUNCHER] flg=0x10100000 pkg=com.whereu.whereu cmp=com.whereu.whereu/.activities.SplashActivity mCallingUid=1000 } baseActivity=ComponentInfo{com.whereu.whereu/com.whereu.whereu.activities.SplashActivity} topActivity=ComponentInfo{com.whereu.whereu/com.whereu.whereu.activities.SplashActivity} origActivity=null realActivity=ComponentInfo{com.whereu.whereu/com.whereu.whereu.activities.SplashActivity} numActivities=1 lastActiveTime=295036946 supportsSplitScreenMultiWindow=true supportsMultiWindow=true supportsPocketStudioMultiWindow=true isInFlexibleEmbedded = false uid = 10390 pid = 0 resizeMode=1 isResizeable=true minWidth=-1 minHeight=-1 defaultMinSize=220 token=WCT{RemoteToken{a6f4752 Task{c220f54 #4912 type=standard A=10390:com.whereu.whereu}}} topActivityType=1 pictureInPictureParams=null shouldDockBigOverlays=false launchIntoPipHostTaskId=-1 lastParentTaskIdBeforePip=-1 displayCutoutSafeInsets=Rect(0, 120 - 0, 0) topActivityInfo=ActivityInfo{81936cb com.whereu.whereu.activities.SplashActivity} launchCookies=[] positionInParent=Point(0, 0) parentTaskId=-1 isFocused=false isVisible=false isVisibleRequested=false isSleeping=false locusId=null displayAreaFeatureId=1 isTopActivityTransparent=false appCompatTaskInfo=AppCompatTaskInfo { topActivityInSizeCompat=false topActivityInOplusCompatMode=false topActivityEligibleForLetterboxEducation= falseisLetterboxEducationEnabled= false isLetterboxDoubleTapEnabled= false topActivityEligibleForUserAspectRatioButton= false topActivityBoundsLetterboxed= false isFromLetterboxDoubleTap= false topActivityLetterboxVerticalPosition= -1 topActivityLetterboxHorizontalPosition= -1 topActivityLetterboxWidth=1080 topActivityLetterboxHeight=2376 isUserFullscreenOverrideEnabled=false isSystemFullscreenOverrideEnabled=false cameraCompatTaskInfo=CameraCompatTaskInfo { cameraCompatControlState=hidden freeformCameraCompatMode=inactive}} topActivityLetterboxInsets=Rect(0, 0 - 0, 0) mOplusExtraBundle = Bundle[{androidx.flexible.taskFrame=Rect(0, 0 - 0, 0), androidx.flexible.Alpha=1.0, androidx.activity.task.attach.blur=0, androidx.activity.LaunchInsensible=0, androidx.activity.LaunchCornerRadius=0, key_flexible_task_state=0, topActivitySupportAppInnerSplit=false, key_flexible_task_animating_type=-1, androidx.activity.LaunchScenario=0, flexible_super_mini_state=false, topRunningActivityHash=85404385, androidx.activity.LaunchScale=1.0, androidx.activity.LaunchShadowRadius=0}]}, pipTask = null, remoteTransition = RemoteTransition { remoteTransition = android.window.IRemoteTransition$Stub$Proxy@d705ea8, recentAnimRunner = null, appThread = android.app.IApplicationThread$Stub$Proxy@39fadc1, debugName = QuickstepLaunch }, displayChange = null, flags = 0, debugId = 6828 }
10-25 09:48:36.339  3408  3495 V WindowManager:     startWCT=WindowContainerTransaction { changes = {} hops = [] errorCallbackToken=null taskFragmentOrganizer=null }
10-25 09:48:36.339  3408  3495 V WindowManager:     info={id=6828 t=OPEN f=0x0 trk=0 r=[0@Point(0, 0)] c=[
10-25 09:48:36.339  3408  3495 V WindowManager:         {WCT{RemoteToken{a6f4752 Task{c220f54 #4912 type=standard A=10390:com.whereu.whereu}}} m=TO_FRONT f=MOVE_TO_TOP leash=Surface(name=Task=4912)/@0xbb5a68e sb=Rect(0, 0 - 1080, 2376) eb=Rect(0, 0 - 1080, 2376) d=0 taskParent=-1},
10-25 09:48:36.339  3408  3495 V WindowManager:         {WCT{RemoteToken{490d1c5 Task{966902a #1 type=home}}} m=TO_BACK f=SHOW_WALLPAPER leash=Surface(name=Task=1)/@0x4f1871a sb=Rect(0, 0 - 1080, 2376) eb=Rect(0, 0 - 1080, 2376) d=0 taskParent=-1}
10-25 09:48:36.339  3408  3495 V WindowManager:     ] extendInfo=[OplusTransitionExtendedInfo{mTmpFinishT=null, mInOplusCompatMode=false, mIsProcessRunning=false, mHasMismatchBoundsTarget=false, mRecentsController=null, mIsTranslucentActivityToHome=false, mAvoidInterceptKeyEventToHome=false, mIsFromHome=true, mParentLeash=null, mIsOplusAnimRes=false, mIsFromOverlay=false, mIsBalAllow=false, mTaskNotInRecent=false, mIsLaunchFromSpruce=false, mIsLaunchFromDrive=false, mAssistScreenShowing=false, mUserIdTransition=0, mInRemoteScene=false, mInPreReady=false, mPreStart=false, mToken=null, mShellApplyToken=null, mRequestTransitionTaskId=4912, mAbortTransitionOnShell=0, mTaskIdStartFromRecents=0, mTransitionId=6828, mFoldChangeType=-1, mAnimStartingPosition=[0, 0, 0, 0], mIsOpeningStkDialogActivity=false, mIsNeedApplyStartTForEmbedded=false}]}
10-25 09:48:36.339  3408  3499 I TaskOrganizerController: onTaskInfoChanged taskid 4912 config { mBounds=Rect(0, 0 - 1080, 2376) mAppBounds=Rect(0, 0 - 1080, 2376) mMaxBounds=Rect(0, 0 - 1080, 2376) mDisplayRotation=ROTATION_0 mWindowingMode=fullscreen mActivityType=standard mAlwaysOnTop=undefined mRotation=ROTATION_0}
10-25 09:48:36.339  3408  3499 D OplusFlexibleDragToSplitAnimController: visibleFlexibleTaskInfos delete:4912
10-25 09:48:36.339  3408  3499 E FlexibleWindowManagerService: notifyTaskObserverToAttachController not need to notify!
10-25 09:48:36.339  3408  3499 I FlexibleWindowManagerService: onFlexibleWindowTaskInfoChanged, return for cur task not embedded
10-25 09:48:36.341  4814  7183 V WindowManagerShell: onTransitionReady(transaction=14637249125396)
10-25 09:48:36.342  4814  4858 V WindowManagerShell: onTransitionReady (#6828) android.os.BinderProxy@a444de4: {id=6828 t=OPEN f=0x0 trk=0 r=[0@Point(0, 0)] c=[{WCT{android.window.IWindowContainerToken$Stub$Proxy@27e4ab0} m=TO_FRONT f=MOVE_TO_TOP leash=Surface(name=Task=4912)/@0x3017b2d sb=Rect(0, 0 - 1080, 2376) eb=Rect(0, 0 - 1080, 2376) d=0 taskParent=-1},{WCT{android.window.IWindowContainerToken$Stub$Proxy@ea79d29} m=TO_BACK f=SHOW_WALLPAPER leash=Surface(name=Task=1)/@0xcf75862 sb=Rect(0, 0 - 1080, 2376) eb=Rect(0, 0 - 1080, 2376) d=0 taskParent=-1}] extendInfo=[OplusTransitionExtendedInfo{mTmpFinishT=null, mInOplusCompatMode=false, mIsProcessRunning=false, mHasMismatchBoundsTarget=false, mRecentsController=null, mIsTranslucentActivityToHome=false, mAvoidInterceptKeyEventToHome=false, mIsFromHome=true, mParentLeash=null, mIsOplusAnimRes=false, mIsFromOverlay=false, mIsBalAllow=false, mTaskNotInRecent=false, mIsLaunchFromSpruce=false, mIsLaunchFromDrive=false, mAssistScreenShowing=false, mUserIdTransition=0, mInRemoteScene=false, mInPreReady=false, mPreStart=false, mToken=null, mShellApplyToken=null, mRequestTransitionTaskId=4912, mAbortTransitionOnShell=0, mTaskIdStartFromRecents=0, mTransitionId=6828, mFoldChangeType=-1, mAnimStartingPosition=[0, 0, 0, 0], mIsOpeningStkDialogActivity=false, mIsNeedApplyStartTForEmbedded=false}]}
10-25 09:48:36.342  4814  4858 V WindowManagerShell: Playing animation for (#6828) android.os.BinderProxy@a444de4@0
10-25 09:48:36.342  4814  4858 V WindowManagerShell:  try firstHandler com.android.wm.shell.transition.DefaultMixedHandler@eed0563
10-25 09:48:36.343  4814  4858 V WindowManagerShell: Mixed transition for opening an intent with a remote transition and PIP #6828
10-25 09:48:36.343  4814  4858 V WindowManagerShell:  Delegate animation for (#6828) to RemoteTransition { remoteTransition = android.window.IRemoteTransition$Stub$Proxy@ad6aa13, recentAnimRunner = null, appThread = android.app.IApplicationThread$Stub$Proxy@2ea6450, debugName = QuickstepLaunch }
10-25 09:48:36.344  3408  3499 E OplusAppQuickStart_AppQuickStartController: notifyStartingWindowDrawn addAfterPrepareSurface for:ActivityRecord{5172ae1 u0 com.whereu.whereu/.activities.SplashActivity
10-25 09:48:36.345  4814  4858 V WindowManagerShell:  animated by firstHandler
10-25 09:48:36.349  3408  3507 D AppProfilerExtImpl: Skipped pss collection for CPU busy
10-25 09:48:36.350  3408  3498 W ProcessStats: Tracking association SourceState{87c6204 system/1000 BFgs #904683} whose proc state 4 is better than process ProcessState{3e894e3 com.android.wallpaper.livepicker:wallpaperService/10284 pkg=com.android.wallpaper.livepicker} proc state 5 (2 skipped)
10-25 09:48:36.352  3408  3519 W ActivityManager: Slow operation: 51ms so far, now at startProcess: done updating battery stats
10-25 09:48:36.352  3408  3519 W ActivityManager: Slow operation: 51ms so far, now at startProcess: building log message
10-25 09:48:36.352  3408  3519 I ActivityManager: Start proc 23349:com.whereu.whereu/u0a390 for next-top-activity {com.whereu.whereu/com.whereu.whereu.activities.SplashActivity}
10-25 09:48:36.352  3408  3519 W ActivityManager: Slow operation: 51ms so far, now at startProcess: starting to update pids map
10-25 09:48:36.354  3408  4019 I BLASTSyncEngine: onCommitted syncId: 6828, timeout: falseran: false
10-25 09:48:36.357  3408  3519 W ActivityManager: Slow operation: 56ms so far, now at startProcess: done updating pids map
10-25 09:48:36.374  3408  5493 W UserManagerService: Requested status bar icon for non-badged user 0
10-25 09:48:36.384  3408  5493 D VRR [OPlusExternalRefreshRateManager]: isPkgTfcEnable: pkgName = com.whereu.whereu, enable = false
10-25 09:48:36.384  3408  5493 D VRR [OPlusExternalRefreshRateManager]: getTfcMinFramerate: pkgName = com.whereu.whereu, min framerate = 0
10-25 09:48:36.386  3408  5493 D WindowManager: rotation(ROTATION_0) no changed  displayId = 0, lastOrientation = -1
10-25 09:48:36.386  3408  5493 I TaskOrganizerController: onTaskInfoChanged taskid 4912 config { mBounds=Rect(0, 0 - 1080, 2376) mAppBounds=Rect(0, 0 - 1080, 2376) mMaxBounds=Rect(0, 0 - 1080, 2376) mDisplayRotation=ROTATION_0 mWindowingMode=fullscreen mActivityType=standard mAlwaysOnTop=undefined mRotation=ROTATION_0}
10-25 09:48:36.387  3408  5493 D OplusFlexibleDragToSplitAnimController: visibleFlexibleTaskInfos delete:4912
10-25 09:48:36.387  3408  5493 E FlexibleWindowManagerService: notifyTaskObserverToAttachController not need to notify!
10-25 09:48:36.387  3408  5493 I FlexibleWindowManagerService: onFlexibleWindowTaskInfoChanged, return for cur task not embedded
10-25 09:48:36.387  3408  5493 D OplusDexOptimizeManager: androidPackage inappropriate state!
10-25 09:48:36.388  3408  5493 D OplusFeatureColorMode: ColorMode getColorMode =0
10-25 09:48:36.388  3408  5493 D ColorDisplayServiceExtImpl: getWCGVersion1App, packageName=com.whereu.whereu, sSupportWCG1 = true, sSupportWCG3 = false, nRet = 0
10-25 09:48:36.388  3408  5493 D ActivityTaskManager: onWindowFocusChanged Task{c220f54 #4912 type=standard A=10390:com.whereu.whereu} would transfer to compact
10-25 09:48:36.388  3408  3509 I UserAwareMgr: handleTopAppChanged: com.whereu.whereu, pid: 23349, uid: 10390
10-25 09:48:36.388  3408  5493 D ActivityTaskManager: NFW_setLastResumedActivityUncheckLocked:true r:ActivityRecord{5172ae1 u0 com.whereu.whereu/.activities.SplashActivity t4912} currentFocus:Window{5955dfd u0 com.android.launcher/com.android.launcher.Launcher}
10-25 09:48:36.388  3408  5493 D WindowManager: NFW_findFocusedWindowIfNeeded:null mCurrentFocus:Window{5955dfd u0 com.android.launcher/com.android.launcher.Launcher}
10-25 09:48:36.389  3408  5493 V WindowManager: Changing focus from Window{5955dfd u0 com.android.launcher/com.android.launcher.Launcher} to null,diplayid=0
10-25 09:48:36.390  3408  5493 D WindowManager: setFrameRateStart invalid typeId return!
10-25 09:48:36.390  3408  5493 D WindowManager: setFrameRateStart invalid typeId return!
10-25 09:48:36.390  3408  5493 D FlexibleTaskController: onTaskFocusChanged prevTask:Task{2ddd2ba #5 type=home I=com.android.launcher/.Launcher} ,currentTask:Task{c220f54 #4912 type=standard A=10390:com.whereu.whereu}, reason: realStartActivityLocked - onActivityStateChanged
10-25 09:48:36.390  3408  5493 D OplusFlexibleDCSManager: onNextPkgChanged pkg = com.whereu.whereu
10-25 09:48:36.390  3408  5493 D OplusVisibleTasks:  notifyTaskPositionChange no need.
10-25 09:48:36.391  3408  5493 I OplusAppSwitchManagerService: appswitch hasProcess ActivityRecord{5172ae1 u0 com.whereu.whereu/.activities.SplashActivity t4912}
10-25 09:48:36.392  3408  5493 I OplusJoystickManager: handleApplicationSwitch deprecated!
10-25 09:48:36.392  3408  5493 I OplusAppSwitchManagerService: appswitch hasProcess ActivityRecord{5172ae1 u0 com.whereu.whereu/.activities.SplashActivity t4912}
10-25 09:48:36.393  3408  3632 D OplusAppSwitchListener: App Activity Change
10-25 09:48:36.393  3408  3632 D OplusAppSwitchListener: Detect com.android.launcher switch to background
10-25 09:48:36.396  3408  3499 I TaskOrganizerController: onTaskInfoChanged taskid 1 config { mBounds=Rect(0, 0 - 1080, 2376) mAppBounds=Rect(0, 0 - 1080, 2376) mMaxBounds=Rect(0, 0 - 1080, 2376) mDisplayRotation=ROTATION_0 mWindowingMode=fullscreen mActivityType=home mAlwaysOnTop=undefined mRotation=ROTATION_0}
10-25 09:48:36.396  3408  3632 D OplusFeatureReduceBrightness: onAppExit , info = com.android.launcher
10-25 09:48:36.396  3408  3632 D OplusAppSwitchListener: Detect com.whereu.whereu switch to foreground
10-25 09:48:36.396  3408  3499 D OplusFlexibleDragToSplitAnimController: visibleFlexibleTaskInfos delete:1
10-25 09:48:36.396  3408  3499 E FlexibleWindowManagerService: notifyTaskObserverToAttachController not need to notify!
10-25 09:48:36.396  3408  3499 I FlexibleWindowManagerService: onFlexibleWindowTaskInfoChanged, return for cur task not embedded
